customer_data/sales_history.csv
date,product_id,product_name,brand,category,selling_price,units_sold,revenue,promotion_discount_pct
2025-11-20,SKU_1001,Coca Cola 200ml Regular,Coca Cola,Beverages,19.31,293,5657.83,10
2025-11-21,SKU_1001,Coca Cola 200ml Regular,Coca Cola,Beverages,20.97,267,5598.99,0
2025-11-22,SKU_1001,Coca Cola 200ml Regular,Coca Cola,Beverages,19.93,301,5998.93,0
2025-11-23,SKU_1001,Coca Cola 200ml Regular,Coca Cola,Beverages,21.05,295,6209.75,0
2025-11-24,SKU_1001,Coca Cola 200ml Regular,Coca Cola,Beverages,19.73,299,5899.27,5
2025-11-25,SKU_1001,Coca Cola 200ml Regular,Coca Cola,Beverages,21.14,287,6067.18,0
2025-11-26,SKU_1001,Coca Cola 200ml Regular,Coca Cola,Beverages,20.39,337,6871.43,5
2025-11-27,SKU_1001,Coca Cola 200ml Regular,Coca Cola,Beverages,21.07,283,5962.81,0
2025-11-28,SKU_1001,Coca Cola 200ml Regular,Coca Cola,Beverages,19.77,286,5654.22,0
2025-11-29,SKU_1001,Coca Cola 200ml Regular,Coca Cola,Beverages,21.49,287,6167.63,10
2025-11-30,SKU_1001,Coca Cola 200ml Regular,Coca Cola,Beverages,19.32,294,5680.08,10
2025-12-01,SKU_1001,Coca Cola 200ml Regular,Coca Cola,Beverages,20.4,258,5263.2,0
2025-12-02,SKU_1001,Coca Cola 200ml Regular,Coca Cola,Beverages,19.55,262,5122.1,0
2025-12-03,SKU_1001,Coca Cola 200ml Regular,Coca Cola,Beverages,19.55,269,5258.95,10
2025-12-04,SKU_1001,Coca Cola 200ml Regular,Coca Cola,Beverages,19.42,243,4719.06,0
2025-12-05,SKU_1001,Coca Cola 200ml Regular,Coca Cola,Beverages,19.51,283,5521.33,10
2025-12-06,SKU_1001,Coca Cola 200ml Regular,Coca Cola,Beverages,19.14,285,5454.9,10
2025-12-07,SKU_1001,Coca Cola 200ml Regular,Coca Cola,Beverages,20.68,258,5335.44,0
2025-12-08,SKU_1001,Coca Cola 200ml Regular,Coca Cola,Beverages,19.65,290,5698.5,10
2025-12-09,SKU_1001,Coca Cola 200ml Regular,Coca Cola,Beverages,21.47,253,5431.91,0
2025-12-10,SKU_1001,Coca Cola 200ml Regular,Coca Cola,Beverages,19.26,253,4872.78,0
2025-12-11,SKU_1001,Coca Cola 200ml Regular,Coca Cola,Beverages,19.83,267,5294.61,10
2025-12-12,SKU_1001,Coca Cola 200ml Regular,Coca Cola,Beverages,19.79,266,5264.14,10
2025-12-13,SKU_1001,Coca Cola 200ml Regular,Coca Cola,Beverages,19.95,278,5546.1,5
2025-12-14,SKU_1001,Coca Cola 200ml Regular,Coca Cola,Beverages,19.01,252,4790.52,0
2025-12-15,SKU_1001,Coca Cola 200ml Regular,Coca Cola,Beverages,20.85,228,4753.8,0
2025-12-16,SKU_1001,Coca Cola 200ml Regular,Coca Cola,Beverages,21.18,231,4892.58,0
2025-12-17,SKU_1001,Coca Cola 200ml Regular,Coca Cola,Beverages,21.28,249,5298.72,0
2025-12-18,SKU_1001,Coca Cola 200ml Regular,Coca Cola,Beverages,21.01,228,4790.28,0
2025-12-19,SKU_1001,Coca Cola 200ml Regular,Coca Cola,Beverages,19.46,237,4612.02,0
2025-12-20,SKU_1001,Coca Cola 200ml Regular,Coca Cola,Beverages,21.23,264,5604.72,10
2025-12-21,SKU_1001,Coca Cola 200ml Regular,Coca Cola,Beverages,19.68,254,4998.72,0
2025-12-22,SKU_1001,Coca Cola 200ml Regular,Coca Cola,Beverages,20.89,284,5932.76,10
2025-12-23,SKU_1001,Coca Cola 200ml Regular,Coca Cola,Beverages,19.08,277,5285.16,5
2025-12-24,SKU_1001,Coca Cola 200ml Regular,Coca Cola,Beverages,20.53,273,5604.69,10
2025-12-25,SKU_1001,Coca Cola 200ml Regular,Coca Cola,Beverages,20.41,269,5490.29,5
2025-12-26,SKU_1001,Coca Cola 200ml Regular,Coca Cola,Beverages,21.02,238,5002.76,0
2025-12-27,SKU_1001,Coca Cola 200ml Regular,Coca Cola,Beverages,21.32,251,5351.32,0
2025-12-28,SKU_1001,Coca Cola 200ml Regular,Coca Cola,Beverages,19.35,254,4914.9,0
2025-12-29,SKU_1001,Coca Cola 200ml Regular,Coca Cola,Beverages,20.03,258,5167.74,0
2025-12-30,SKU_1001,Coca Cola 200ml Regular,Coca Cola,Beverages,21.2,284,6020.8,10
2025-12-31,SKU_1001,Coca Cola 200ml Regular,Coca Cola,Beverages,19.43,268,5207.24,5
2026-01-01,SKU_1001,Coca Cola 200ml Regular,Coca Cola,Beverages,19.47,235,4575.45,0
2026-01-02,SKU_1001,Coca Cola 200ml Regular,Coca Cola,Beverages,20.91,240,5018.4,0
2026-01-03,SKU_1001,Coca Cola 200ml Regular,Coca Cola,Beverages,19.11,242,4624.62,0
2026-01-04,SKU_1001,Coca Cola 200ml Regular,Coca Cola,Beverages,19.16,240,4598.4,0
2026-01-05,SKU_1001,Coca Cola 200ml Regular,Coca Cola,Beverages,20.74,261,5413.14,0
2026-01-06,SKU_1001,Coca Cola 200ml Regular,Coca Cola,Beverages,20.01,243,4862.43,0
2026-01-07,SKU_1001,Coca Cola 200ml Regular,Coca Cola,Beverages,19.1,263,5023.3,0
2026-01-08,SKU_1001,Coca Cola 200ml Regular,Coca Cola,Beverages,20.83,250,5207.5,0
2026-01-09,SKU_1001,Coca Cola 200ml Regular,Coca Cola,Beverages,21.17,286,6054.62,10
2026-01-10,SKU_1001,Coca Cola 200ml Regular,Coca Cola,Beverages,19.45,249,4843.05,0
2026-01-11,SKU_1001,Coca Cola 200ml Regular,Coca Cola,Beverages,20.53,248,5091.44,0
2026-01-12,SKU_1001,Coca Cola 200ml Regular,Coca Cola,Beverages,20.34,246,5003.64,0
2026-01-13,SKU_1001,Coca Cola 200ml Regular,Coca Cola,Beverages,20.34,236,4800.24,0
2026-01-14,SKU_1001,Coca Cola 200ml Regular,Coca Cola,Beverages,20.27,265,5371.55,10
2026-01-15,SKU_1001,Coca Cola 200ml Regular,Coca Cola,Beverages,20.3,239,4851.7,0
2026-01-16,SKU_1001,Coca Cola 200ml Regular,Coca Cola,Beverages,19.6,232,4547.2,0
2026-01-17,SKU_1001,Coca Cola 200ml Regular,Coca Cola,Beverages,19.55,252,4926.6,0
2026-01-18,SKU_1001,Coca Cola 200ml Regular,Coca Cola,Beverages,20.57,235,4833.95,0
2026-01-19,SKU_1001,Coca Cola 200ml Regular,Coca Cola,Beverages,20.08,261,5240.88,0
2026-01-20,SKU_1001,Coca Cola 200ml Regular,Coca Cola,Beverages,20.25,261,5285.25,0
2026-01-21,SKU_1001,Coca Cola 200ml Regular,Coca Cola,Beverages,20.54,271,5566.34,5
2026-01-22,SKU_1001,Coca Cola 200ml Regular,Coca Cola,Beverages,19.63,260,5103.8,10
2026-01-23,SKU_1001,Coca Cola 200ml Regular,Coca Cola,Beverages,19.35,247,4779.45,10
2026-01-24,SKU_1001,Coca Cola 200ml Regular,Coca Cola,Beverages,19.15,263,5036.45,0
2026-01-25,SKU_1001,Coca Cola 200ml Regular,Coca Cola,Beverages,20.34,277,5634.18,10
2026-01-26,SKU_1001,Coca Cola 200ml Regular,Coca Cola,Beverages,19.05,265,5048.25,0
2026-01-27,SKU_1001,Coca Cola 200ml Regular,Coca Cola,Beverages,21.46,289,6201.94,10
2026-01-28,SKU_1001,Coca Cola 200ml Regular,Coca Cola,Beverages,21.25,290,6162.5,5
2026-01-29,SKU_1001,Coca Cola 200ml Regular,Coca Cola,Beverages,19.37,242,4687.54,0
2026-01-30,SKU_1001,Coca Cola 200ml Regular,Coca Cola,Beverages,20.62,241,4969.42,0
2026-01-31,SKU_1001,Coca Cola 200ml Regular,Coca Cola,Beverages,20.88,291,6076.08,5
2026-02-01,SKU_1001,Coca Cola 200ml Regular,Coca Cola,Beverages,20.54,256,5258.24,5
2026-02-02,SKU_1001,Coca Cola 200ml Regular,Coca Cola,Beverages,19.28,271,5224.88,10
2026-02-03,SKU_1001,Coca Cola 200ml Regular,Coca Cola,Beverages,20.09,248,4982.32,0
2026-02-04,SKU_1001,Coca Cola 200ml Regular,Coca Cola,Beverages,19.46,276,5370.96,10
2026-02-05,SKU_1001,Coca Cola 200ml Regular,Coca Cola,Beverages,21.28,251,5341.28,0
2026-02-06,SKU_1001,Coca Cola 200ml Regular,Coca Cola,Beverages,19.24,282,5425.68,10
2026-02-07,SKU_1001,Coca Cola 200ml Regular,Coca Cola,Beverages,21.15,258,5456.7,5
2026-02-08,SKU_1001,Coca Cola 200ml Regular,Coca Cola,Beverages,20.09,276,5544.84,10
2026-02-09,SKU_1001,Coca Cola 200ml Regular,Coca Cola,Beverages,19.6,290,5684.0,5
2026-02-10,SKU_1001,Coca Cola 200ml Regular,Coca Cola,Beverages,20.53,247,5070.91,10
2026-02-11,SKU_1001,Coca Cola 200ml Regular,Coca Cola,Beverages,20.11,247,4967.17,0
2026-02-12,SKU_1001,Coca Cola 200ml Regular,Coca Cola,Beverages,21.37,301,6432.37,10
2026-02-13,SKU_1001,Coca Cola 200ml Regular,Coca Cola,Beverages,20.41,254,5184.14,0
2026-02-14,SKU_1001,Coca Cola 200ml Regular,Coca Cola,Beverages,20.84,281,5856.04,10
2026-02-15,SKU_1001,Coca Cola 200ml Regular,Coca Cola,Beverages,19.31,255,4924.05,0
2026-02-16,SKU_1001,Coca Cola 200ml Regular,Coca Cola,Beverages,20.79,241,5010.39,0
2026-02-17,SKU_1001,Coca Cola 200ml Regular,Coca Cola,Beverages,19.28,261,5032.08,10
2026-02-18,SKU_1001,Coca Cola 200ml Regular,Coca Cola,Beverages,19.68,282,5549.76,10
2026-02-19,SKU_1001,Coca Cola 200ml Regular,Coca Cola,Beverages,20.59,295,6074.05,5
2026-02-20,SKU_1001,Coca Cola 200ml Regular,Coca Cola,Beverages,19.53,290,5663.7,10
2026-02-21,SKU_1001,Coca Cola 200ml Regular,Coca Cola,Beverages,19.46,284,5526.64,5
2026-02-22,SKU_1001,Coca Cola 200ml Regular,Coca Cola,Beverages,21.57,281,6061.17,5
2026-02-23,SKU_1001,Coca Cola 200ml Regular,Coca Cola,Beverages,19.36,249,4820.64,0
2026-02-24,SKU_1001,Coca Cola 200ml Regular,Coca Cola,Beverages,20.94,254,5318.76,0
2026-02-25,SKU_1001,Coca Cola 200ml Regular,Coca Cola,Beverages,19.26,254,4892.04,0
2026-02-26,SKU_1001,Coca Cola 200ml Regular,Coca Cola,Beverages,21.08,251,5291.08,0
2026-02-27,SKU_1001,Coca Cola 200ml Regular,Coca Cola,Beverages,19.42,258,5010.36,0
2026-02-28,SKU_1001,Coca Cola 200ml Regular,Coca Cola,Beverages,21.09,303,6390.27,5
2026-03-01,SKU_1001,Coca Cola 200ml Regular,Coca Cola,Beverages,20.56,241,4954.96,0
2026-03-02,SKU_1001,Coca Cola 200ml Regular,Coca Cola,Beverages,19.58,243,4757.94,0
2026-03-03,SKU_1001,Coca Cola 200ml Regular,Coca Cola,Beverages,20.88,262,5470.56,5
2026-03-04,SKU_1001,Coca Cola 200ml Regular,Coca Cola,Beverages,20.71,260,5384.6,10
2026-03-05,SKU_1001,Coca Cola 200ml Regular,Coca Cola,Beverages,21.46,253,5429.38,5
2026-03-06,SKU_1001,Coca Cola 200ml Regular,Coca Cola,Beverages,19.03,270,5138.1,10
2026-03-07,SKU_1001,Coca Cola 200ml Regular,Coca Cola,Beverages,19.51,279,5443.29,10
2026-03-08,SKU_1001,Coca Cola 200ml Regular,Coca Cola,Beverages,20.82,238,4955.16,0
2026-03-09,SKU_1001,Coca Cola 200ml Regular,Coca Cola,Beverages,19.94,250,4985.0,0
2026-03-10,SKU_1001,Coca Cola 200ml Regular,Coca Cola,Beverages,19.23,255,4903.65,5
2026-03-11,SKU_1001,Coca Cola 200ml Regular,Coca Cola,Beverages,20.74,230,4770.2,0
2026-03-12,SKU_1001,Coca Cola 200ml Regular,Coca Cola,Beverages,20.35,257,5229.95,0
2026-03-13,SKU_1001,Coca Cola 200ml Regular,Coca Cola,Beverages,21.39,282,6031.98,10
2026-03-14,SKU_1001,Coca Cola 200ml Regular,Coca Cola,Beverages,20.52,233,4781.16,0
2026-03-15,SKU_1001,Coca Cola 200ml Regular,Coca Cola,Beverages,19.59,293,5739.87,5
2026-03-16,SKU_1001,Coca Cola 200ml Regular,Coca Cola,Beverages,20.05,255,5112.75,0
2026-03-17,SKU_1001,Coca Cola 200ml Regular,Coca Cola,Beverages,20.06,237,4754.22,0
2026-03-18,SKU_1001,Coca Cola 200ml Regular,Coca Cola,Beverages,20.31,250,5077.5,0
2026-03-19,SKU_1001,Coca Cola 200ml Regular,Coca Cola,Beverages,21.09,268,5652.12,10
2026-03-20,SKU_1001,Coca Cola 200ml Regular,Coca Cola,Beverages,21.06,273,5749.38,5
2026-03-21,SKU_1001,Coca Cola 200ml Regular,Coca Cola,Beverages,19.98,249,4975.02,0
2026-03-22,SKU_1001,Coca Cola 200ml Regular,Coca Cola,Beverages,20.97,281,5892.57,5
2026-03-23,SKU_1001,Coca Cola 200ml Regular,Coca Cola,Beverages,20.2,251,5070.2,0
2026-03-24,SKU_1001,Coca Cola 200ml Regular,Coca Cola,Beverages,20.25,289,5852.25,5
2026-03-25,SKU_1001,Coca Cola 200ml Regular,Coca Cola,Beverages,21.05,261,5494.05,0
2026-03-26,SKU_1001,Coca Cola 200ml Regular,Coca Cola,Beverages,21.08,245,5164.6,0
2026-03-27,SKU_1001,Coca Cola 200ml Regular,Coca Cola,Beverages,20.34,241,4901.94,0
2026-03-28,SKU_1001,Coca Cola 200ml Regular,Coca Cola,Beverages,19.65,257,5050.05,0
2026-03-29,SKU_1001,Coca Cola 200ml Regular,Coca Cola,Beverages,19.2,264,5068.8,5
2026-03-30,SKU_1001,Coca Cola 200ml Regular,Coca Cola,Beverages,19.92,245,4880.4,0
2026-03-31,SKU_1001,Coca Cola 200ml Regular,Coca Cola,Beverages,19.48,235,4577.8,0
2026-04-01,SKU_1001,Coca Cola 200ml Regular,Coca Cola,Beverages,20.3,289,5866.7,0
2026-04-02,SKU_1001,Coca Cola 200ml Regular,Coca Cola,Beverages,21.27,325,6912.75,0
2026-04-03,SKU_1001,Coca Cola 200ml Regular,Coca Cola,Beverages,21.17,317,6710.89,0
2026-04-04,SKU_1001,Coca Cola 200ml Regular,Coca Cola,Beverages,19.41,319,6191.79,0
2026-04-05,SKU_1001,Coca Cola 200ml Regular,Coca Cola,Beverages,20.76,313,6497.88,10
2026-04-06,SKU_1001,Coca Cola 200ml Regular,Coca Cola,Beverages,20.99,293,6150.07,0
2026-04-07,SKU_1001,Coca Cola 200ml Regular,Coca Cola,Beverages,21.2,291,6169.2,0
2026-04-08,SKU_1001,Coca Cola 200ml Regular,Coca Cola,Beverages,20.28,337,6834.36,10
2026-04-09,SKU_1001,Coca Cola 200ml Regular,Coca Cola,Beverages,19.71,332,6543.72,10
2026-04-10,SKU_1001,Coca Cola 200ml Regular,Coca Cola,Beverages,20.03,317,6349.51,0
2026-04-11,SKU_1001,Coca Cola 200ml Regular,Coca Cola,Beverages,19.14,364,6966.96,5
2026-04-12,SKU_1001,Coca Cola 200ml Regular,Coca Cola,Beverages,20.41,339,6918.99,5
2026-04-13,SKU_1001,Coca Cola 200ml Regular,Coca Cola,Beverages,20.78,326,6774.28,0
2026-04-14,SKU_1001,Coca Cola 200ml Regular,Coca Cola,Beverages,20.82,316,6579.12,0
2026-04-15,SKU_1001,Coca Cola 200ml Regular,Coca Cola,Beverages,19.03,329,6260.87,10
2026-04-16,SKU_1001,Coca Cola 200ml Regular,Coca Cola,Beverages,19.85,314,6232.9,0
2026-04-17,SKU_1001,Coca Cola 200ml Regular,Coca Cola,Beverages,19.49,307,5983.43,0
2026-04-18,SKU_1001,Coca Cola 200ml Regular,Coca Cola,Beverages,20.23,298,6028.54,0
2026-04-19,SKU_1001,Coca Cola 200ml Regular,Coca Cola,Beverages,19.48,340,6623.2,5
2026-04-20,SKU_1001,Coca Cola 200ml Regular,Coca Cola,Beverages,20.96,337,7063.52,5
2026-04-21,SKU_1001,Coca Cola 200ml Regular,Coca Cola,Beverages,20.17,321,6474.57,10
2026-04-22,SKU_1001,Coca Cola 200ml Regular,Coca Cola,Beverages,19.59,294,5759.46,0
2026-04-23,SKU_1001,Coca Cola 200ml Regular,Coca Cola,Beverages,21.09,303,6390.27,5
2026-04-24,SKU_1001,Coca Cola 200ml Regular,Coca Cola,Beverages,19.38,293,5678.34,0
2026-04-25,SKU_1001,Coca Cola 200ml Regular,Coca Cola,Beverages,20.23,352,7120.96,5
2026-04-26,SKU_1001,Coca Cola 200ml Regular,Coca Cola,Beverages,19.35,351,6791.85,10
2026-04-27,SKU_1001,Coca Cola 200ml Regular,Coca Cola,Beverages,20.87,305,6365.35,0
2026-04-28,SKU_1001,Coca Cola 200ml Regular,Coca Cola,Beverages,19.65,294,5777.1,0
2026-04-29,SKU_1001,Coca Cola 200ml Regular,Coca Cola,Beverages,20.04,308,6172.32,0
2026-04-30,SKU_1001,Coca Cola 200ml Regular,Coca Cola,Beverages,19.56,309,6044.04,0
2026-05-01,SKU_1001,Coca Cola 200ml Regular,Coca Cola,Beverages,20.17,295,5950.15,0
2026-05-02,SKU_1001,Coca Cola 200ml Regular,Coca Cola,Beverages,19.94,307,6121.58,0
2026-05-03,SKU_1001,Coca Cola 200ml Regular,Coca Cola,Beverages,19.89,305,6066.45,0
2026-05-04,SKU_1001,Coca Cola 200ml Regular,Coca Cola,Beverages,21.26,308,6548.08,0
2026-05-05,SKU_1001,Coca Cola 200ml Regular,Coca Cola,Beverages,20.5,330,6765.0,10
2026-05-06,SKU_1001,Coca Cola 200ml Regular,Coca Cola,Beverages,21.55,286,6163.3,0
2026-05-07,SKU_1001,Coca Cola 200ml Regular,Coca Cola,Beverages,20.75,343,7117.25,5
2026-05-08,SKU_1001,Coca Cola 200ml Regular,Coca Cola,Beverages,19.2,351,6739.2,5
2026-05-09,SKU_1001,Coca Cola 200ml Regular,Coca Cola,Beverages,21.49,303,6511.47,0
2026-05-10,SKU_1001,Coca Cola 200ml Regular,Coca Cola,Beverages,20.1,367,7376.7,5
2026-05-11,SKU_1001,Coca Cola 200ml Regular,Coca Cola,Beverages,21.36,312,6664.32,0
2026-05-12,SKU_1001,Coca Cola 200ml Regular,Coca Cola,Beverages,19.59,297,5818.23,0
2026-05-13,SKU_1001,Coca Cola 200ml Regular,Coca Cola,Beverages,20.85,308,6421.8,5
2026-05-14,SKU_1001,Coca Cola 200ml Regular,Coca Cola,Beverages,21.31,310,6606.1,0
2026-05-15,SKU_1001,Coca Cola 200ml Regular,Coca Cola,Beverages,20.94,311,6512.34,5
2026-05-16,SKU_1001,Coca Cola 200ml Regular,Coca Cola,Beverages,19.44,314,6104.16,0
2026-05-17,SKU_1001,Coca Cola 200ml Regular,Coca Cola,Beverages,20.89,324,6768.36,0
2026-05-18,SKU_1001,Coca Cola 200ml Regular,Coca Cola,Beverages,19.55,314,6138.7,0
