customer_data/sales_history.csv
date,product_id,product_name,brand,category,selling_price,units_sold,revenue,promotion_discount_pct
2025-11-20,SKU_1003,Coca Cola 200ml Family,Coca Cola,Beverages,29.46,303,8926.38,0
2025-11-21,SKU_1003,Coca Cola 200ml Family,Coca Cola,Beverages,30.87,285,8797.95,0
2025-11-22,SKU_1003,Coca Cola 200ml Family,Coca Cola,Beverages,30.04,305,9162.2,10
2025-11-23,SKU_1003,Coca Cola 200ml Family,Coca Cola,Beverages,30.59,289,8840.51,0
2025-11-24,SKU_1003,Coca Cola 200ml Family,Coca Cola,Beverages,30.53,287,8762.11,0
2025-11-25,SKU_1003,Coca Cola 200ml Family,Coca Cola,Beverages,31.92,298,9512.16,10
2025-11-26,SKU_1003,Coca Cola 200ml Family,Coca Cola,Beverages,32.34,292,9443.28,5
2025-11-27,SKU_1003,Coca Cola 200ml Family,Coca Cola,Beverages,31.48,284,8940.32,0
2025-11-28,SKU_1003,Coca Cola 200ml Family,Coca Cola,Beverages,29.64,285,8447.4,0
2025-11-29,SKU_1003,Coca Cola 200ml Family,Coca Cola,Beverages,31.52,290,9140.8,0
2025-11-30,SKU_1003,Coca Cola 200ml Family,Coca Cola,Beverages,30.15,284,8562.6,0
2025-12-01,SKU_1003,Coca Cola 200ml Family,Coca Cola,Beverages,31.19,297,9263.43,5
2025-12-02,SKU_1003,Coca Cola 200ml Family,Coca Cola,Beverages,31.02,262,8127.24,10
2025-12-03,SKU_1003,Coca Cola 200ml Family,Coca Cola,Beverages,29.2,267,7796.4,10
2025-12-04,SKU_1003,Coca Cola 200ml Family,Coca Cola,Beverages,30.03,259,7777.77,0
2025-12-05,SKU_1003,Coca Cola 200ml Family,Coca Cola,Beverages,29.2,245,7154.0,0
2025-12-06,SKU_1003,Coca Cola 200ml Family,Coca Cola,Beverages,31.94,231,7378.14,0
2025-12-07,SKU_1003,Coca Cola 200ml Family,Coca Cola,Beverages,31.2,228,7113.6,0
2025-12-08,SKU_1003,Coca Cola 200ml Family,Coca Cola,Beverages,31.3,252,7887.6,0
2025-12-09,SKU_1003,Coca Cola 200ml Family,Coca Cola,Beverages,31.25,247,7718.75,0
2025-12-10,SKU_1003,Coca Cola 200ml Family,Coca Cola,Beverages,30.54,285,8703.9,10
2025-12-11,SKU_1003,Coca Cola 200ml Family,Coca Cola,Beverages,32.2,245,7889.0,5
2025-12-12,SKU_1003,Coca Cola 200ml Family,Coca Cola,Beverages,31.5,270,8505.0,10
2025-12-13,SKU_1003,Coca Cola 200ml Family,Coca Cola,Beverages,31.07,229,7115.03,0
2025-12-14,SKU_1003,Coca Cola 200ml Family,Coca Cola,Beverages,29.2,266,7767.2,5
2025-12-15,SKU_1003,Coca Cola 200ml Family,Coca Cola,Beverages,29.71,272,8081.12,5
2025-12-16,SKU_1003,Coca Cola 200ml Family,Coca Cola,Beverages,30.94,242,7487.48,0
2025-12-17,SKU_1003,Coca Cola 200ml Family,Coca Cola,Beverages,32.25,241,7772.25,0
2025-12-18,SKU_1003,Coca Cola 200ml Family,Coca Cola,Beverages,28.55,296,8450.8,5
2025-12-19,SKU_1003,Coca Cola 200ml Family,Coca Cola,Beverages,31.65,257,8134.05,5
2025-12-20,SKU_1003,Coca Cola 200ml Family,Coca Cola,Beverages,29.35,275,8071.25,5
2025-12-21,SKU_1003,Coca Cola 200ml Family,Coca Cola,Beverages,30.22,256,7736.32,0
2025-12-22,SKU_1003,Coca Cola 200ml Family,Coca Cola,Beverages,29.45,278,8187.1,10
2025-12-23,SKU_1003,Coca Cola 200ml Family,Coca Cola,Beverages,30.67,249,7636.83,0
2025-12-24,SKU_1003,Coca Cola 200ml Family,Coca Cola,Beverages,29.22,261,7626.42,0
2025-12-25,SKU_1003,Coca Cola 200ml Family,Coca Cola,Beverages,28.64,309,8849.76,10
2025-12-26,SKU_1003,Coca Cola 200ml Family,Coca Cola,Beverages,30.85,234,7218.9,0
2025-12-27,SKU_1003,Coca Cola 200ml Family,Coca Cola,Beverages,28.69,264,7574.16,0
2025-12-28,SKU_1003,Coca Cola 200ml Family,Coca Cola,Beverages,29.13,280,8156.4,10
2025-12-29,SKU_1003,Coca Cola 200ml Family,Coca Cola,Beverages,31.57,272,8587.04,5
2025-12-30,SKU_1003,Coca Cola 200ml Family,Coca Cola,Beverages,30.76,243,7474.68,0
2025-12-31,SKU_1003,Coca Cola 200ml Family,Coca Cola,Beverages,31.5,303,9544.5,5
2026-01-01,SKU_1003,Coca Cola 200ml Family,Coca Cola,Beverages,28.76,263,7563.88,10
2026-01-02,SKU_1003,Coca Cola 200ml Family,Coca Cola,Beverages,29.64,242,7172.88,0
2026-01-03,SKU_1003,Coca Cola 200ml Family,Coca Cola,Beverages,29.78,252,7504.56,0
2026-01-04,SKU_1003,Coca Cola 200ml Family,Coca Cola,Beverages,31.21,236,7365.56,0
2026-01-05,SKU_1003,Coca Cola 200ml Family,Coca Cola,Beverages,30.73,243,7467.39,10
2026-01-06,SKU_1003,Coca Cola 200ml Family,Coca Cola,Beverages,30.39,234,7111.26,0
2026-01-07,SKU_1003,Coca Cola 200ml Family,Coca Cola,Beverages,30.17,234,7059.78,0
2026-01-08,SKU_1003,Coca Cola 200ml Family,Coca Cola,Beverages,30.55,234,7148.7,0
2026-01-09,SKU_1003,Coca Cola 200ml Family,Coca Cola,Beverages,32.12,257,8254.84,5
2026-01-10,SKU_1003,Coca Cola 200ml Family,Coca Cola,Beverages,31.34,248,7772.32,0
2026-01-11,SKU_1003,Coca Cola 200ml Family,Coca Cola,Beverages,31.95,233,7444.35,0
2026-01-12,SKU_1003,Coca Cola 200ml Family,Coca Cola,Beverages,32.32,238,7692.16,0
2026-01-13,SKU_1003,Coca Cola 200ml Family,Coca Cola,Beverages,30.31,259,7850.29,0
2026-01-14,SKU_1003,Coca Cola 200ml Family,Coca Cola,Beverages,31.62,253,7999.86,5
2026-01-15,SKU_1003,Coca Cola 200ml Family,Coca Cola,Beverages,29.8,253,7539.4,0
2026-01-16,SKU_1003,Coca Cola 200ml Family,Coca Cola,Beverages,28.54,239,6821.06,0
2026-01-17,SKU_1003,Coca Cola 200ml Family,Coca Cola,Beverages,29.49,237,6989.13,0
2026-01-18,SKU_1003,Coca Cola 200ml Family,Coca Cola,Beverages,30.48,231,7040.88,0
2026-01-19,SKU_1003,Coca Cola 200ml Family,Coca Cola,Beverages,28.94,274,7929.56,5
2026-01-20,SKU_1003,Coca Cola 200ml Family,Coca Cola,Beverages,30.72,237,7280.64,0
2026-01-21,SKU_1003,Coca Cola 200ml Family,Coca Cola,Beverages,29.26,281,8222.06,5
2026-01-22,SKU_1003,Coca Cola 200ml Family,Coca Cola,Beverages,30.35,233,7071.55,0
2026-01-23,SKU_1003,Coca Cola 200ml Family,Coca Cola,Beverages,30.38,275,8354.5,10
2026-01-24,SKU_1003,Coca Cola 200ml Family,Coca Cola,Beverages,29.81,290,8644.9,5
2026-01-25,SKU_1003,Coca Cola 200ml Family,Coca Cola,Beverages,31.4,233,7316.2,0
2026-01-26,SKU_1003,Coca Cola 200ml Family,Coca Cola,Beverages,30.7,271,8319.7,10
2026-01-27,SKU_1003,Coca Cola 200ml Family,Coca Cola,Beverages,28.57,251,7171.07,0
2026-01-28,SKU_1003,Coca Cola 200ml Family,Coca Cola,Beverages,31.62,248,7841.76,0
2026-01-29,SKU_1003,Coca Cola 200ml Family,Coca Cola,Beverages,28.76,234,6729.84,0
2026-01-30,SKU_1003,Coca Cola 200ml Family,Coca Cola,Beverages,29.82,299,8916.18,10
2026-01-31,SKU_1003,Coca Cola 200ml Family,Coca Cola,Beverages,29.15,254,7404.1,0
2026-02-01,SKU_1003,Coca Cola 200ml Family,Coca Cola,Beverages,30.82,231,7119.42,0
2026-02-02,SKU_1003,Coca Cola 200ml Family,Coca Cola,Beverages,31.25,256,8000.0,0
2026-02-03,SKU_1003,Coca Cola 200ml Family,Coca Cola,Beverages,29.56,261,7715.16,0
2026-02-04,SKU_1003,Coca Cola 200ml Family,Coca Cola,Beverages,29.95,233,6978.35,0
2026-02-05,SKU_1003,Coca Cola 200ml Family,Coca Cola,Beverages,29.34,241,7070.94,0
2026-02-06,SKU_1003,Coca Cola 200ml Family,Coca Cola,Beverages,29.96,258,7729.68,0
2026-02-07,SKU_1003,Coca Cola 200ml Family,Coca Cola,Beverages,32.06,250,8015.0,0
2026-02-08,SKU_1003,Coca Cola 200ml Family,Coca Cola,Beverages,31.62,232,7335.84,0
2026-02-09,SKU_1003,Coca Cola 200ml Family,Coca Cola,Beverages,29.24,261,7631.64,10
2026-02-10,SKU_1003,Coca Cola 200ml Family,Coca Cola,Beverages,31.52,240,7564.8,0
2026-02-11,SKU_1003,Coca Cola 200ml Family,Coca Cola,Beverages,31.71,241,7642.11,0
2026-02-12,SKU_1003,Coca Cola 200ml Family,Coca Cola,Beverages,29.3,289,8467.7,5
2026-02-13,SKU_1003,Coca Cola 200ml Family,Coca Cola,Beverages,31.87,239,7616.93,0
2026-02-14,SKU_1003,Coca Cola 200ml Family,Coca Cola,Beverages,32.14,281,9031.34,10
2026-02-15,SKU_1003,Coca Cola 200ml Family,Coca Cola,Beverages,28.84,258,7440.72,0
2026-02-16,SKU_1003,Coca Cola 200ml Family,Coca Cola,Beverages,28.9,234,6762.6,0
2026-02-17,SKU_1003,Coca Cola 200ml Family,Coca Cola,Beverages,28.59,243,6947.37,0
2026-02-18,SKU_1003,Coca Cola 200ml Family,Coca Cola,Beverages,29.75,255,7586.25,0
2026-02-19,SKU_1003,Coca Cola 200ml Family,Coca Cola,Beverages,30.58,258,7889.64,0
2026-02-20,SKU_1003,Coca Cola 200ml Family,Coca Cola,Beverages,29.56,248,7330.88,0
2026-02-21,SKU_1003,Coca Cola 200ml Family,Coca Cola,Beverages,28.56,267,7625.52,10
2026-02-22,SKU_1003,Coca Cola 200ml Family,Coca Cola,Beverages,29.31,236,6917.16,0
2026-02-23,SKU_1003,Coca Cola 200ml Family,Coca Cola,Beverages,29.56,247,7301.32,0
2026-02-24,SKU_1003,Coca Cola 200ml Family,Coca Cola,Beverages,30.74,246,7562.04,0
2026-02-25,SKU_1003,Coca Cola 200ml Family,Coca Cola,Beverages,30.89,249,7691.61,5
2026-02-26,SKU_1003,Coca Cola 200ml Family,Coca Cola,Beverages,29.01,242,7020.42,0
2026-02-27,SKU_1003,Coca Cola 200ml Family,Coca Cola,Beverages,28.91,269,7776.79,5
2026-02-28,SKU_1003,Coca Cola 200ml Family,Coca Cola,Beverages,29.2,264,7708.8,10
2026-03-01,SKU_1003,Coca Cola 200ml Family,Coca Cola,Beverages,31.76,259,8225.84,10
2026-03-02,SKU_1003,Coca Cola 200ml Family,Coca Cola,Beverages,29.72,251,7459.72,10
2026-03-03,SKU_1003,Coca Cola 200ml Family,Coca Cola,Beverages,32.3,265,8559.5,5
2026-03-04,SKU_1003,Coca Cola 200ml Family,Coca Cola,Beverages,29.01,251,7281.51,5
2026-03-05,SKU_1003,Coca Cola 200ml Family,Coca Cola,Beverages,30.28,289,8750.92,5
2026-03-06,SKU_1003,Coca Cola 200ml Family,Coca Cola,Beverages,29.4,272,7996.8,10
2026-03-07,SKU_1003,Coca Cola 200ml Family,Coca Cola,Beverages,32.06,248,7950.88,0
2026-03-08,SKU_1003,Coca Cola 200ml Family,Coca Cola,Beverages,31.58,280,8842.4,5
2026-03-09,SKU_1003,Coca Cola 200ml Family,Coca Cola,Beverages,28.62,251,7183.62,0
2026-03-10,SKU_1003,Coca Cola 200ml Family,Coca Cola,Beverages,30.37,232,7045.84,0
2026-03-11,SKU_1003,Coca Cola 200ml Family,Coca Cola,Beverages,31.49,244,7683.56,0
2026-03-12,SKU_1003,Coca Cola 200ml Family,Coca Cola,Beverages,30.48,248,7559.04,0
2026-03-13,SKU_1003,Coca Cola 200ml Family,Coca Cola,Beverages,29.77,256,7621.12,0
2026-03-14,SKU_1003,Coca Cola 200ml Family,Coca Cola,Beverages,30.58,262,8011.96,5
2026-03-15,SKU_1003,Coca Cola 200ml Family,Coca Cola,Beverages,30.92,256,7915.52,5
2026-03-16,SKU_1003,Coca Cola 200ml Family,Coca Cola,Beverages,28.76,268,7707.68,10
2026-03-17,SKU_1003,Coca Cola 200ml Family,Coca Cola,Beverages,31.56,239,7542.84,0
2026-03-18,SKU_1003,Coca Cola 200ml Family,Coca Cola,Beverages,30.62,250,7655.0,0
2026-03-19,SKU_1003,Coca Cola 200ml Family,Coca Cola,Beverages,31.38,260,8158.8,5
2026-03-20,SKU_1003,Coca Cola 200ml Family,Coca Cola,Beverages,30.81,255,7856.55,10
2026-03-21,SKU_1003,Coca Cola 200ml Family,Coca Cola,Beverages,31.71,273,8656.83,5
2026-03-22,SKU_1003,Coca Cola 200ml Family,Coca Cola,Beverages,30.83,286,8817.38,10
2026-03-23,SKU_1003,Coca Cola 200ml Family,Coca Cola,Beverages,31.7,234,7417.8,0
2026-03-24,SKU_1003,Coca Cola 200ml Family,Coca Cola,Beverages,28.85,278,8020.3,10
2026-03-25,SKU_1003,Coca Cola 200ml Family,Coca Cola,Beverages,31.44,232,7294.08,0
2026-03-26,SKU_1003,Coca Cola 200ml Family,Coca Cola,Beverages,31.08,236,7334.88,0
2026-03-27,SKU_1003,Coca Cola 200ml Family,Coca Cola,Beverages,30.02,235,7054.7,0
2026-03-28,SKU_1003,Coca Cola 200ml Family,Coca Cola,Beverages,29.3,238,6973.4,0
2026-03-29,SKU_1003,Coca Cola 200ml Family,Coca Cola,Beverages,30.72,237,7280.64,0
2026-03-30,SKU_1003,Coca Cola 200ml Family,Coca Cola,Beverages,32.08,229,7346.32,0
2026-03-31,SKU_1003,Coca Cola 200ml Family,Coca Cola,Beverages,32.36,284,9190.24,10
2026-04-01,SKU_1003,Coca Cola 200ml Family,Coca Cola,Beverages,30.08,291,8753.28,0
2026-04-02,SKU_1003,Coca Cola 200ml Family,Coca Cola,Beverages,28.74,315,9053.1,0
2026-04-03,SKU_1003,Coca Cola 200ml Family,Coca Cola,Beverages,28.5,310,8835.0,0
2026-04-04,SKU_1003,Coca Cola 200ml Family,Coca Cola,Beverages,28.93,332,9604.76,0
2026-04-05,SKU_1003,Coca Cola 200ml Family,Coca Cola,Beverages,29.42,326,9590.92,5
2026-04-06,SKU_1003,Coca Cola 200ml Family,Coca Cola,Beverages,29.74,331,9843.94,5
2026-04-07,SKU_1003,Coca Cola 200ml Family,Coca Cola,Beverages,30.63,343,10506.09,5
2026-04-08,SKU_1003,Coca Cola 200ml Family,Coca Cola,Beverages,29.23,326,9528.98,0
2026-04-09,SKU_1003,Coca Cola 200ml Family,Coca Cola,Beverages,31.78,318,10106.04,0
2026-04-10,SKU_1003,Coca Cola 200ml Family,Coca Cola,Beverages,29.02,300,8706.0,0
2026-04-11,SKU_1003,Coca Cola 200ml Family,Coca Cola,Beverages,29.06,314,9124.84,5
2026-04-12,SKU_1003,Coca Cola 200ml Family,Coca Cola,Beverages,28.83,362,10436.46,5
2026-04-13,SKU_1003,Coca Cola 200ml Family,Coca Cola,Beverages,30.28,372,11264.16,10
2026-04-14,SKU_1003,Coca Cola 200ml Family,Coca Cola,Beverages,30.16,337,10163.92,10
2026-04-15,SKU_1003,Coca Cola 200ml Family,Coca Cola,Beverages,30.65,310,9501.5,0
2026-04-16,SKU_1003,Coca Cola 200ml Family,Coca Cola,Beverages,29.38,301,8843.38,0
2026-04-17,SKU_1003,Coca Cola 200ml Family,Coca Cola,Beverages,30.75,317,9747.75,0
2026-04-18,SKU_1003,Coca Cola 200ml Family,Coca Cola,Beverages,31.28,322,10072.16,10
2026-04-19,SKU_1003,Coca Cola 200ml Family,Coca Cola,Beverages,29.93,330,9876.9,10
2026-04-20,SKU_1003,Coca Cola 200ml Family,Coca Cola,Beverages,31.25,348,10875.0,5
2026-04-21,SKU_1003,Coca Cola 200ml Family,Coca Cola,Beverages,31.19,348,10854.12,10
2026-04-22,SKU_1003,Coca Cola 200ml Family,Coca Cola,Beverages,32.34,318,10284.12,5
2026-04-23,SKU_1003,Coca Cola 200ml Family,Coca Cola,Beverages,28.81,298,8585.38,0
2026-04-24,SKU_1003,Coca Cola 200ml Family,Coca Cola,Beverages,29.46,315,9279.9,0
2026-04-25,SKU_1003,Coca Cola 200ml Family,Coca Cola,Beverages,31.17,317,9880.89,10
2026-04-26,SKU_1003,Coca Cola 200ml Family,Coca Cola,Beverages,30.89,347,10718.83,10
2026-04-27,SKU_1003,Coca Cola 200ml Family,Coca Cola,Beverages,28.54,328,9361.12,5
2026-04-28,SKU_1003,Coca Cola 200ml Family,Coca Cola,Beverages,31.36,304,9533.44,0
2026-04-29,SKU_1003,Coca Cola 200ml Family,Coca Cola,Beverages,29.63,348,10311.24,10
2026-04-30,SKU_1003,Coca Cola 200ml Family,Coca Cola,Beverages,29.69,292,8669.48,0
2026-05-01,SKU_1003,Coca Cola 200ml Family,Coca Cola,Beverages,28.74,306,8794.44,0
2026-05-02,SKU_1003,Coca Cola 200ml Family,Coca Cola,Beverages,30.73,291,8942.43,0
2026-05-03,SKU_1003,Coca Cola 200ml Family,Coca Cola,Beverages,31.65,285,9020.25,0
2026-05-04,SKU_1003,Coca Cola 200ml Family,Coca Cola,Beverages,30.39,328,9967.92,0
2026-05-05,SKU_1003,Coca Cola 200ml Family,Coca Cola,Beverages,31.82,297,9450.54,0
2026-05-06,SKU_1003,Coca Cola 200ml Family,Coca Cola,Beverages,30.9,319,9857.1,0
2026-05-07,SKU_1003,Coca Cola 200ml Family,Coca Cola,Beverages,28.56,303,8653.68,0
2026-05-08,SKU_1003,Coca Cola 200ml Family,Coca Cola,Beverages,32.05,333,10672.65,5
2026-05-09,SKU_1003,Coca Cola 200ml Family,Coca Cola,Beverages,31.65,315,9969.75,0
2026-05-10,SKU_1003,Coca Cola 200ml Family,Coca Cola,Beverages,30.39,311,9451.29,0
2026-05-11,SKU_1003,Coca Cola 200ml Family,Coca Cola,Beverages,29.84,308,9190.72,0
2026-05-12,SKU_1003,Coca Cola 200ml Family,Coca Cola,Beverages,30.82,340,10478.8,5
2026-05-13,SKU_1003,Coca Cola 200ml Family,Coca Cola,Beverages,32.37,294,9516.78,0
2026-05-14,SKU_1003,Coca Cola 200ml Family,Coca Cola,Beverages,31.08,322,10007.76,0
2026-05-15,SKU_1003,Coca Cola 200ml Family,Coca Cola,Beverages,29.32,325,9529.0,0
2026-05-16,SKU_1003,Coca Cola 200ml Family,Coca Cola,Beverages,28.71,332,9531.72,0
2026-05-17,SKU_1003,Coca Cola 200ml Family,Coca Cola,Beverages,28.7,317,9097.9,5
2026-05-18,SKU_1003,Coca Cola 200ml Family,Coca Cola,Beverages,30.36,336,10200.96,10
