customer_data/sales_history.csv
date,product_id,product_name,brand,category,selling_price,units_sold,revenue,promotion_discount_pct
2025-11-20,SKU_1004,Coca Cola 750ml Mini,Coca Cola,Beverages,27.98,323,9037.54,5
2025-11-21,SKU_1004,Coca Cola 750ml Mini,Coca Cola,Beverages,27.13,275,7460.75,0
2025-11-22,SKU_1004,Coca Cola 750ml Mini,Coca Cola,Beverages,27.65,302,8350.3,5
2025-11-23,SKU_1004,Coca Cola 750ml Mini,Coca Cola,Beverages,27.75,294,8158.5,0
2025-11-24,SKU_1004,Coca Cola 750ml Mini,Coca Cola,Beverages,26.95,290,7815.5,0
2025-11-25,SKU_1004,Coca Cola 750ml Mini,Coca Cola,Beverages,30.08,291,8753.28,0
2025-11-26,SKU_1004,Coca Cola 750ml Mini,Coca Cola,Beverages,27.82,271,7539.22,0
2025-11-27,SKU_1004,Coca Cola 750ml Mini,Coca Cola,Beverages,27.53,337,9277.61,5
2025-11-28,SKU_1004,Coca Cola 750ml Mini,Coca Cola,Beverages,29.06,307,8921.42,10
2025-11-29,SKU_1004,Coca Cola 750ml Mini,Coca Cola,Beverages,27.31,273,7455.63,0
2025-11-30,SKU_1004,Coca Cola 750ml Mini,Coca Cola,Beverages,27.74,272,7545.28,0
2025-12-01,SKU_1004,Coca Cola 750ml Mini,Coca Cola,Beverages,29.63,254,7526.02,0
2025-12-02,SKU_1004,Coca Cola 750ml Mini,Coca Cola,Beverages,28.51,251,7156.01,0
2025-12-03,SKU_1004,Coca Cola 750ml Mini,Coca Cola,Beverages,27.4,249,6822.6,0
2025-12-04,SKU_1004,Coca Cola 750ml Mini,Coca Cola,Beverages,26.72,246,6573.12,0
2025-12-05,SKU_1004,Coca Cola 750ml Mini,Coca Cola,Beverages,30.02,253,7595.06,0
2025-12-06,SKU_1004,Coca Cola 750ml Mini,Coca Cola,Beverages,30.06,237,7124.22,0
2025-12-07,SKU_1004,Coca Cola 750ml Mini,Coca Cola,Beverages,26.91,297,7992.27,5
2025-12-08,SKU_1004,Coca Cola 750ml Mini,Coca Cola,Beverages,29.38,241,7080.58,0
2025-12-09,SKU_1004,Coca Cola 750ml Mini,Coca Cola,Beverages,29.86,238,7106.68,0
2025-12-10,SKU_1004,Coca Cola 750ml Mini,Coca Cola,Beverages,27.67,246,6806.82,0
2025-12-11,SKU_1004,Coca Cola 750ml Mini,Coca Cola,Beverages,28.93,238,6885.34,0
2025-12-12,SKU_1004,Coca Cola 750ml Mini,Coca Cola,Beverages,29.4,251,7379.4,0
2025-12-13,SKU_1004,Coca Cola 750ml Mini,Coca Cola,Beverages,27.54,249,6857.46,0
2025-12-14,SKU_1004,Coca Cola 750ml Mini,Coca Cola,Beverages,29.43,235,6916.05,0
2025-12-15,SKU_1004,Coca Cola 750ml Mini,Coca Cola,Beverages,30.23,255,7708.65,0
2025-12-16,SKU_1004,Coca Cola 750ml Mini,Coca Cola,Beverages,27.25,245,6676.25,0
2025-12-17,SKU_1004,Coca Cola 750ml Mini,Coca Cola,Beverages,28.82,261,7522.02,5
2025-12-18,SKU_1004,Coca Cola 750ml Mini,Coca Cola,Beverages,27.12,263,7132.56,0
2025-12-19,SKU_1004,Coca Cola 750ml Mini,Coca Cola,Beverages,28.83,286,8245.38,5
2025-12-20,SKU_1004,Coca Cola 750ml Mini,Coca Cola,Beverages,27.54,235,6471.9,0
2025-12-21,SKU_1004,Coca Cola 750ml Mini,Coca Cola,Beverages,28.68,272,7800.96,5
2025-12-22,SKU_1004,Coca Cola 750ml Mini,Coca Cola,Beverages,29.86,247,7375.42,0
2025-12-23,SKU_1004,Coca Cola 750ml Mini,Coca Cola,Beverages,30.0,237,7110.0,0
2025-12-24,SKU_1004,Coca Cola 750ml Mini,Coca Cola,Beverages,27.15,267,7249.05,5
2025-12-25,SKU_1004,Coca Cola 750ml Mini,Coca Cola,Beverages,26.61,290,7716.9,5
2025-12-26,SKU_1004,Coca Cola 750ml Mini,Coca Cola,Beverages,28.19,250,7047.5,0
2025-12-27,SKU_1004,Coca Cola 750ml Mini,Coca Cola,Beverages,28.57,262,7485.34,5
2025-12-28,SKU_1004,Coca Cola 750ml Mini,Coca Cola,Beverages,28.66,258,7394.28,0
2025-12-29,SKU_1004,Coca Cola 750ml Mini,Coca Cola,Beverages,27.81,257,7147.17,0
2025-12-30,SKU_1004,Coca Cola 750ml Mini,Coca Cola,Beverages,28.9,233,6733.7,0
2025-12-31,SKU_1004,Coca Cola 750ml Mini,Coca Cola,Beverages,27.93,241,6731.13,0
2026-01-01,SKU_1004,Coca Cola 750ml Mini,Coca Cola,Beverages,26.89,241,6480.49,0
2026-01-02,SKU_1004,Coca Cola 750ml Mini,Coca Cola,Beverages,28.96,253,7326.88,0
2026-01-03,SKU_1004,Coca Cola 750ml Mini,Coca Cola,Beverages,30.12,226,6807.12,0
2026-01-04,SKU_1004,Coca Cola 750ml Mini,Coca Cola,Beverages,29.13,245,7136.85,0
2026-01-05,SKU_1004,Coca Cola 750ml Mini,Coca Cola,Beverages,28.37,292,8284.04,5
2026-01-06,SKU_1004,Coca Cola 750ml Mini,Coca Cola,Beverages,27.29,261,7122.69,0
2026-01-07,SKU_1004,Coca Cola 750ml Mini,Coca Cola,Beverages,29.22,263,7684.86,5
2026-01-08,SKU_1004,Coca Cola 750ml Mini,Coca Cola,Beverages,26.83,260,6975.8,0
2026-01-09,SKU_1004,Coca Cola 750ml Mini,Coca Cola,Beverages,28.42,275,7815.5,5
2026-01-10,SKU_1004,Coca Cola 750ml Mini,Coca Cola,Beverages,30.22,254,7675.88,0
2026-01-11,SKU_1004,Coca Cola 750ml Mini,Coca Cola,Beverages,27.83,249,6929.67,5
2026-01-12,SKU_1004,Coca Cola 750ml Mini,Coca Cola,Beverages,27.37,272,7444.64,10
2026-01-13,SKU_1004,Coca Cola 750ml Mini,Coca Cola,Beverages,30.02,267,8015.34,10
2026-01-14,SKU_1004,Coca Cola 750ml Mini,Coca Cola,Beverages,29.3,233,6826.9,0
2026-01-15,SKU_1004,Coca Cola 750ml Mini,Coca Cola,Beverages,26.73,241,6441.93,0
2026-01-16,SKU_1004,Coca Cola 750ml Mini,Coca Cola,Beverages,28.32,254,7193.28,0
2026-01-17,SKU_1004,Coca Cola 750ml Mini,Coca Cola,Beverages,27.48,256,7034.88,0
2026-01-18,SKU_1004,Coca Cola 750ml Mini,Coca Cola,Beverages,27.23,253,6889.19,0
2026-01-19,SKU_1004,Coca Cola 750ml Mini,Coca Cola,Beverages,29.59,268,7930.12,10
2026-01-20,SKU_1004,Coca Cola 750ml Mini,Coca Cola,Beverages,29.64,246,7291.44,0
2026-01-21,SKU_1004,Coca Cola 750ml Mini,Coca Cola,Beverages,27.02,260,7025.2,10
2026-01-22,SKU_1004,Coca Cola 750ml Mini,Coca Cola,Beverages,26.83,245,6573.35,0
2026-01-23,SKU_1004,Coca Cola 750ml Mini,Coca Cola,Beverages,29.55,253,7476.15,5
2026-01-24,SKU_1004,Coca Cola 750ml Mini,Coca Cola,Beverages,27.04,280,7571.2,10
2026-01-25,SKU_1004,Coca Cola 750ml Mini,Coca Cola,Beverages,27.77,250,6942.5,0
2026-01-26,SKU_1004,Coca Cola 750ml Mini,Coca Cola,Beverages,29.38,240,7051.2,0
2026-01-27,SKU_1004,Coca Cola 750ml Mini,Coca Cola,Beverages,26.83,265,7109.95,5
2026-01-28,SKU_1004,Coca Cola 750ml Mini,Coca Cola,Beverages,29.13,279,8127.27,5
2026-01-29,SKU_1004,Coca Cola 750ml Mini,Coca Cola,Beverages,29.97,232,6953.04,0
2026-01-30,SKU_1004,Coca Cola 750ml Mini,Coca Cola,Beverages,29.48,284,8372.32,5
2026-01-31,SKU_1004,Coca Cola 750ml Mini,Coca Cola,Beverages,27.17,250,6792.5,0
2026-02-01,SKU_1004,Coca Cola 750ml Mini,Coca Cola,Beverages,26.62,253,6734.86,0
2026-02-02,SKU_1004,Coca Cola 750ml Mini,Coca Cola,Beverages,29.17,228,6650.76,0
2026-02-03,SKU_1004,Coca Cola 750ml Mini,Coca Cola,Beverages,28.12,296,8323.52,5
2026-02-04,SKU_1004,Coca Cola 750ml Mini,Coca Cola,Beverages,27.06,263,7116.78,0
2026-02-05,SKU_1004,Coca Cola 750ml Mini,Coca Cola,Beverages,28.5,247,7039.5,0
2026-02-06,SKU_1004,Coca Cola 750ml Mini,Coca Cola,Beverages,28.82,252,7262.64,0
2026-02-07,SKU_1004,Coca Cola 750ml Mini,Coca Cola,Beverages,29.21,258,7536.18,0
2026-02-08,SKU_1004,Coca Cola 750ml Mini,Coca Cola,Beverages,28.88,251,7248.88,0
2026-02-09,SKU_1004,Coca Cola 750ml Mini,Coca Cola,Beverages,28.12,235,6608.2,0
2026-02-10,SKU_1004,Coca Cola 750ml Mini,Coca Cola,Beverages,27.03,252,6811.56,0
2026-02-11,SKU_1004,Coca Cola 750ml Mini,Coca Cola,Beverages,28.85,277,7991.45,10
2026-02-12,SKU_1004,Coca Cola 750ml Mini,Coca Cola,Beverages,27.4,246,6740.4,0
2026-02-13,SKU_1004,Coca Cola 750ml Mini,Coca Cola,Beverages,27.61,255,7040.55,0
2026-02-14,SKU_1004,Coca Cola 750ml Mini,Coca Cola,Beverages,29.09,287,8348.83,5
2026-02-15,SKU_1004,Coca Cola 750ml Mini,Coca Cola,Beverages,27.24,263,7164.12,0
2026-02-16,SKU_1004,Coca Cola 750ml Mini,Coca Cola,Beverages,26.8,248,6646.4,0
2026-02-17,SKU_1004,Coca Cola 750ml Mini,Coca Cola,Beverages,28.18,245,6904.1,5
2026-02-18,SKU_1004,Coca Cola 750ml Mini,Coca Cola,Beverages,26.98,283,7635.34,10
2026-02-19,SKU_1004,Coca Cola 750ml Mini,Coca Cola,Beverages,27.18,275,7474.5,10
2026-02-20,SKU_1004,Coca Cola 750ml Mini,Coca Cola,Beverages,26.86,267,7171.62,5
2026-02-21,SKU_1004,Coca Cola 750ml Mini,Coca Cola,Beverages,28.71,259,7435.89,0
2026-02-22,SKU_1004,Coca Cola 750ml Mini,Coca Cola,Beverages,27.44,260,7134.4,0
2026-02-23,SKU_1004,Coca Cola 750ml Mini,Coca Cola,Beverages,26.96,250,6740.0,0
2026-02-24,SKU_1004,Coca Cola 750ml Mini,Coca Cola,Beverages,27.97,282,7887.54,5
2026-02-25,SKU_1004,Coca Cola 750ml Mini,Coca Cola,Beverages,28.36,242,6863.12,0
2026-02-26,SKU_1004,Coca Cola 750ml Mini,Coca Cola,Beverages,27.39,234,6409.26,0
2026-02-27,SKU_1004,Coca Cola 750ml Mini,Coca Cola,Beverages,28.01,241,6750.41,0
2026-02-28,SKU_1004,Coca Cola 750ml Mini,Coca Cola,Beverages,28.9,254,7340.6,0
2026-03-01,SKU_1004,Coca Cola 750ml Mini,Coca Cola,Beverages,27.82,243,6760.26,10
2026-03-02,SKU_1004,Coca Cola 750ml Mini,Coca Cola,Beverages,27.62,268,7402.16,5
2026-03-03,SKU_1004,Coca Cola 750ml Mini,Coca Cola,Beverages,28.12,243,6833.16,0
2026-03-04,SKU_1004,Coca Cola 750ml Mini,Coca Cola,Beverages,29.83,286,8531.38,10
2026-03-05,SKU_1004,Coca Cola 750ml Mini,Coca Cola,Beverages,27.22,264,7186.08,0
2026-03-06,SKU_1004,Coca Cola 750ml Mini,Coca Cola,Beverages,26.91,287,7723.17,5
2026-03-07,SKU_1004,Coca Cola 750ml Mini,Coca Cola,Beverages,30.22,256,7736.32,5
2026-03-08,SKU_1004,Coca Cola 750ml Mini,Coca Cola,Beverages,26.65,258,6875.7,0
2026-03-09,SKU_1004,Coca Cola 750ml Mini,Coca Cola,Beverages,27.5,247,6792.5,0
2026-03-10,SKU_1004,Coca Cola 750ml Mini,Coca Cola,Beverages,29.85,233,6955.05,0
2026-03-11,SKU_1004,Coca Cola 750ml Mini,Coca Cola,Beverages,29.93,252,7542.36,5
2026-03-12,SKU_1004,Coca Cola 750ml Mini,Coca Cola,Beverages,26.75,250,6687.5,10
2026-03-13,SKU_1004,Coca Cola 750ml Mini,Coca Cola,Beverages,28.15,236,6643.4,0
2026-03-14,SKU_1004,Coca Cola 750ml Mini,Coca Cola,Beverages,28.25,285,8051.25,10
2026-03-15,SKU_1004,Coca Cola 750ml Mini,Coca Cola,Beverages,26.65,248,6609.2,0
2026-03-16,SKU_1004,Coca Cola 750ml Mini,Coca Cola,Beverages,27.08,262,7094.96,0
2026-03-17,SKU_1004,Coca Cola 750ml Mini,Coca Cola,Beverages,26.66,246,6558.36,0
2026-03-18,SKU_1004,Coca Cola 750ml Mini,Coca Cola,Beverages,29.16,257,7494.12,10
2026-03-19,SKU_1004,Coca Cola 750ml Mini,Coca Cola,Beverages,30.15,246,7416.9,0
2026-03-20,SKU_1004,Coca Cola 750ml Mini,Coca Cola,Beverages,29.78,227,6760.06,0
2026-03-21,SKU_1004,Coca Cola 750ml Mini,Coca Cola,Beverages,28.88,249,7191.12,0
2026-03-22,SKU_1004,Coca Cola 750ml Mini,Coca Cola,Beverages,29.73,234,6956.82,0
2026-03-23,SKU_1004,Coca Cola 750ml Mini,Coca Cola,Beverages,28.53,260,7417.8,0
2026-03-24,SKU_1004,Coca Cola 750ml Mini,Coca Cola,Beverages,29.14,270,7867.8,10
2026-03-25,SKU_1004,Coca Cola 750ml Mini,Coca Cola,Beverages,27.35,288,7876.8,10
2026-03-26,SKU_1004,Coca Cola 750ml Mini,Coca Cola,Beverages,27.82,276,7678.32,10
2026-03-27,SKU_1004,Coca Cola 750ml Mini,Coca Cola,Beverages,29.91,259,7746.69,0
2026-03-28,SKU_1004,Coca Cola 750ml Mini,Coca Cola,Beverages,27.0,262,7074.0,10
2026-03-29,SKU_1004,Coca Cola 750ml Mini,Coca Cola,Beverages,27.93,287,8015.91,10
2026-03-30,SKU_1004,Coca Cola 750ml Mini,Coca Cola,Beverages,26.84,235,6307.4,0
2026-03-31,SKU_1004,Coca Cola 750ml Mini,Coca Cola,Beverages,27.1,272,7371.2,10
2026-04-01,SKU_1004,Coca Cola 750ml Mini,Coca Cola,Beverages,28.96,333,9643.68,10
2026-04-02,SKU_1004,Coca Cola 750ml Mini,Coca Cola,Beverages,30.09,320,9628.8,0
2026-04-03,SKU_1004,Coca Cola 750ml Mini,Coca Cola,Beverages,27.77,331,9191.87,10
2026-04-04,SKU_1004,Coca Cola 750ml Mini,Coca Cola,Beverages,28.14,296,8329.44,0
2026-04-05,SKU_1004,Coca Cola 750ml Mini,Coca Cola,Beverages,27.86,328,9138.08,10
2026-04-06,SKU_1004,Coca Cola 750ml Mini,Coca Cola,Beverages,27.05,354,9575.7,10
2026-04-07,SKU_1004,Coca Cola 750ml Mini,Coca Cola,Beverages,27.66,313,8657.58,0
2026-04-08,SKU_1004,Coca Cola 750ml Mini,Coca Cola,Beverages,27.29,294,8023.26,0
2026-04-09,SKU_1004,Coca Cola 750ml Mini,Coca Cola,Beverages,26.89,324,8712.36,0
2026-04-10,SKU_1004,Coca Cola 750ml Mini,Coca Cola,Beverages,30.09,302,9087.18,0
2026-04-11,SKU_1004,Coca Cola 750ml Mini,Coca Cola,Beverages,27.6,327,9025.2,5
2026-04-12,SKU_1004,Coca Cola 750ml Mini,Coca Cola,Beverages,29.78,300,8934.0,0
2026-04-13,SKU_1004,Coca Cola 750ml Mini,Coca Cola,Beverages,27.67,350,9684.5,10
2026-04-14,SKU_1004,Coca Cola 750ml Mini,Coca Cola,Beverages,27.08,352,9532.16,5
2026-04-15,SKU_1004,Coca Cola 750ml Mini,Coca Cola,Beverages,28.95,292,8453.4,0
2026-04-16,SKU_1004,Coca Cola 750ml Mini,Coca Cola,Beverages,26.68,333,8884.44,10
2026-04-17,SKU_1004,Coca Cola 750ml Mini,Coca Cola,Beverages,27.82,324,9013.68,0
2026-04-18,SKU_1004,Coca Cola 750ml Mini,Coca Cola,Beverages,28.37,368,10440.16,10
2026-04-19,SKU_1004,Coca Cola 750ml Mini,Coca Cola,Beverages,28.6,317,9066.2,10
2026-04-20,SKU_1004,Coca Cola 750ml Mini,Coca Cola,Beverages,29.87,294,8781.78,0
2026-04-21,SKU_1004,Coca Cola 750ml Mini,Coca Cola,Beverages,27.43,316,8667.88,0
2026-04-22,SKU_1004,Coca Cola 750ml Mini,Coca Cola,Beverages,29.4,302,8878.8,0
2026-04-23,SKU_1004,Coca Cola 750ml Mini,Coca Cola,Beverages,27.64,332,9176.48,10
2026-04-24,SKU_1004,Coca Cola 750ml Mini,Coca Cola,Beverages,27.19,297,8075.43,0
2026-04-25,SKU_1004,Coca Cola 750ml Mini,Coca Cola,Beverages,30.14,309,9313.26,0
2026-04-26,SKU_1004,Coca Cola 750ml Mini,Coca Cola,Beverages,27.19,317,8619.23,0
2026-04-27,SKU_1004,Coca Cola 750ml Mini,Coca Cola,Beverages,28.69,288,8262.72,0
2026-04-28,SKU_1004,Coca Cola 750ml Mini,Coca Cola,Beverages,27.27,300,8181.0,0
2026-04-29,SKU_1004,Coca Cola 750ml Mini,Coca Cola,Beverages,29.02,294,8531.88,0
2026-04-30,SKU_1004,Coca Cola 750ml Mini,Coca Cola,Beverages,27.96,316,8835.36,0
2026-05-01,SKU_1004,Coca Cola 750ml Mini,Coca Cola,Beverages,28.54,287,8190.98,0
2026-05-02,SKU_1004,Coca Cola 750ml Mini,Coca Cola,Beverages,28.07,292,8196.44,0
2026-05-03,SKU_1004,Coca Cola 750ml Mini,Coca Cola,Beverages,30.05,312,9375.6,0
2026-05-04,SKU_1004,Coca Cola 750ml Mini,Coca Cola,Beverages,26.62,322,8571.64,10
2026-05-05,SKU_1004,Coca Cola 750ml Mini,Coca Cola,Beverages,28.96,312,9035.52,0
2026-05-06,SKU_1004,Coca Cola 750ml Mini,Coca Cola,Beverages,30.13,324,9762.12,10
2026-05-07,SKU_1004,Coca Cola 750ml Mini,Coca Cola,Beverages,27.14,316,8576.24,5
2026-05-08,SKU_1004,Coca Cola 750ml Mini,Coca Cola,Beverages,29.11,294,8558.34,0
2026-05-09,SKU_1004,Coca Cola 750ml Mini,Coca Cola,Beverages,27.11,321,8702.31,0
2026-05-10,SKU_1004,Coca Cola 750ml Mini,Coca Cola,Beverages,26.69,328,8754.32,0
2026-05-11,SKU_1004,Coca Cola 750ml Mini,Coca Cola,Beverages,28.22,322,9086.84,0
2026-05-12,SKU_1004,Coca Cola 750ml Mini,Coca Cola,Beverages,28.81,322,9276.82,10
2026-05-13,SKU_1004,Coca Cola 750ml Mini,Coca Cola,Beverages,29.44,311,9155.84,0
2026-05-14,SKU_1004,Coca Cola 750ml Mini,Coca Cola,Beverages,26.68,334,8911.12,5
2026-05-15,SKU_1004,Coca Cola 750ml Mini,Coca Cola,Beverages,29.04,322,9350.88,10
2026-05-16,SKU_1004,Coca Cola 750ml Mini,Coca Cola,Beverages,27.31,358,9776.98,10
2026-05-17,SKU_1004,Coca Cola 750ml Mini,Coca Cola,Beverages,30.03,281,8438.43,0
2026-05-18,SKU_1004,Coca Cola 750ml Mini,Coca Cola,Beverages,28.05,314,8807.7,5
