customer_data/sales_history.csv
date,product_id,product_name,brand,category,selling_price,units_sold,revenue,promotion_discount_pct
2025-11-20,SKU_1005,Coca Cola 750ml Regular,Coca Cola,Beverages,40.01,272,10882.72,0
2025-11-21,SKU_1005,Coca Cola 750ml Regular,Coca Cola,Beverages,39.83,279,11112.57,10
2025-11-22,SKU_1005,Coca Cola 750ml Regular,Coca Cola,Beverages,39.12,312,12205.44,5
2025-11-23,SKU_1005,Coca Cola 750ml Regular,Coca Cola,Beverages,40.3,324,13057.2,5
2025-11-24,SKU_1005,Coca Cola 750ml Regular,Coca Cola,Beverages,42.66,307,13096.62,10
2025-11-25,SKU_1005,Coca Cola 750ml Regular,Coca Cola,Beverages,38.45,347,13342.15,5
2025-11-26,SKU_1005,Coca Cola 750ml Regular,Coca Cola,Beverages,40.73,334,13603.82,10
2025-11-27,SKU_1005,Coca Cola 750ml Regular,Coca Cola,Beverages,39.95,279,11146.05,0
2025-11-28,SKU_1005,Coca Cola 750ml Regular,Coca Cola,Beverages,40.16,311,12489.76,10
2025-11-29,SKU_1005,Coca Cola 750ml Regular,Coca Cola,Beverages,42.76,294,12571.44,5
2025-11-30,SKU_1005,Coca Cola 750ml Regular,Coca Cola,Beverages,40.88,286,11691.68,0
2025-12-01,SKU_1005,Coca Cola 750ml Regular,Coca Cola,Beverages,42.34,270,11431.8,10
2025-12-02,SKU_1005,Coca Cola 750ml Regular,Coca Cola,Beverages,40.41,250,10102.5,0
2025-12-03,SKU_1005,Coca Cola 750ml Regular,Coca Cola,Beverages,38.8,261,10126.8,5
2025-12-04,SKU_1005,Coca Cola 750ml Regular,Coca Cola,Beverages,41.4,262,10846.8,5
2025-12-05,SKU_1005,Coca Cola 750ml Regular,Coca Cola,Beverages,40.56,243,9856.08,0
2025-12-06,SKU_1005,Coca Cola 750ml Regular,Coca Cola,Beverages,38.15,258,9842.7,5
2025-12-07,SKU_1005,Coca Cola 750ml Regular,Coca Cola,Beverages,41.11,292,12004.12,5
2025-12-08,SKU_1005,Coca Cola 750ml Regular,Coca Cola,Beverages,40.27,292,11758.84,5
2025-12-09,SKU_1005,Coca Cola 750ml Regular,Coca Cola,Beverages,42.26,241,10184.66,10
2025-12-10,SKU_1005,Coca Cola 750ml Regular,Coca Cola,Beverages,42.4,254,10769.6,0
2025-12-11,SKU_1005,Coca Cola 750ml Regular,Coca Cola,Beverages,38.76,249,9651.24,0
2025-12-12,SKU_1005,Coca Cola 750ml Regular,Coca Cola,Beverages,39.86,261,10403.46,0
2025-12-13,SKU_1005,Coca Cola 750ml Regular,Coca Cola,Beverages,40.18,256,10286.08,0
2025-12-14,SKU_1005,Coca Cola 750ml Regular,Coca Cola,Beverages,38.25,248,9486.0,0
2025-12-15,SKU_1005,Coca Cola 750ml Regular,Coca Cola,Beverages,40.67,230,9354.1,0
2025-12-16,SKU_1005,Coca Cola 750ml Regular,Coca Cola,Beverages,41.98,234,9823.32,0
2025-12-17,SKU_1005,Coca Cola 750ml Regular,Coca Cola,Beverages,40.83,245,10003.35,0
2025-12-18,SKU_1005,Coca Cola 750ml Regular,Coca Cola,Beverages,39.41,253,9970.73,0
2025-12-19,SKU_1005,Coca Cola 750ml Regular,Coca Cola,Beverages,38.5,243,9355.5,0
2025-12-20,SKU_1005,Coca Cola 750ml Regular,Coca Cola,Beverages,38.07,240,9136.8,0
2025-12-21,SKU_1005,Coca Cola 750ml Regular,Coca Cola,Beverages,42.05,253,10638.65,0
2025-12-22,SKU_1005,Coca Cola 750ml Regular,Coca Cola,Beverages,38.53,266,10248.98,0
2025-12-23,SKU_1005,Coca Cola 750ml Regular,Coca Cola,Beverages,42.32,273,11553.36,10
2025-12-24,SKU_1005,Coca Cola 750ml Regular,Coca Cola,Beverages,41.59,266,11062.94,10
2025-12-25,SKU_1005,Coca Cola 750ml Regular,Coca Cola,Beverages,40.87,237,9686.19,0
2025-12-26,SKU_1005,Coca Cola 750ml Regular,Coca Cola,Beverages,40.17,231,9279.27,0
2025-12-27,SKU_1005,Coca Cola 750ml Regular,Coca Cola,Beverages,42.26,278,11748.28,5
2025-12-28,SKU_1005,Coca Cola 750ml Regular,Coca Cola,Beverages,39.62,275,10895.5,5
2025-12-29,SKU_1005,Coca Cola 750ml Regular,Coca Cola,Beverages,43.14,241,10396.74,0
2025-12-30,SKU_1005,Coca Cola 750ml Regular,Coca Cola,Beverages,38.9,242,9413.8,0
2025-12-31,SKU_1005,Coca Cola 750ml Regular,Coca Cola,Beverages,39.16,252,9868.32,0
2026-01-01,SKU_1005,Coca Cola 750ml Regular,Coca Cola,Beverages,41.58,248,10311.84,0
2026-01-02,SKU_1005,Coca Cola 750ml Regular,Coca Cola,Beverages,38.68,261,10095.48,0
2026-01-03,SKU_1005,Coca Cola 750ml Regular,Coca Cola,Beverages,38.4,254,9753.6,5
2026-01-04,SKU_1005,Coca Cola 750ml Regular,Coca Cola,Beverages,39.02,262,10223.24,10
2026-01-05,SKU_1005,Coca Cola 750ml Regular,Coca Cola,Beverages,38.31,238,9117.78,0
2026-01-06,SKU_1005,Coca Cola 750ml Regular,Coca Cola,Beverages,38.23,264,10092.72,0
2026-01-07,SKU_1005,Coca Cola 750ml Regular,Coca Cola,Beverages,41.92,272,11402.24,10
2026-01-08,SKU_1005,Coca Cola 750ml Regular,Coca Cola,Beverages,41.06,248,10182.88,0
2026-01-09,SKU_1005,Coca Cola 750ml Regular,Coca Cola,Beverages,38.15,254,9690.1,0
2026-01-10,SKU_1005,Coca Cola 750ml Regular,Coca Cola,Beverages,42.93,246,10560.78,0
2026-01-11,SKU_1005,Coca Cola 750ml Regular,Coca Cola,Beverages,42.45,248,10527.6,10
2026-01-12,SKU_1005,Coca Cola 750ml Regular,Coca Cola,Beverages,40.63,299,12148.37,10
2026-01-13,SKU_1005,Coca Cola 750ml Regular,Coca Cola,Beverages,38.07,248,9441.36,0
2026-01-14,SKU_1005,Coca Cola 750ml Regular,Coca Cola,Beverages,43.01,248,10666.48,10
2026-01-15,SKU_1005,Coca Cola 750ml Regular,Coca Cola,Beverages,43.06,241,10377.46,0
2026-01-16,SKU_1005,Coca Cola 750ml Regular,Coca Cola,Beverages,42.79,246,10526.34,5
2026-01-17,SKU_1005,Coca Cola 750ml Regular,Coca Cola,Beverages,41.63,233,9699.79,0
2026-01-18,SKU_1005,Coca Cola 750ml Regular,Coca Cola,Beverages,38.94,284,11058.96,5
2026-01-19,SKU_1005,Coca Cola 750ml Regular,Coca Cola,Beverages,39.11,235,9190.85,0
2026-01-20,SKU_1005,Coca Cola 750ml Regular,Coca Cola,Beverages,41.96,261,10951.56,5
2026-01-21,SKU_1005,Coca Cola 750ml Regular,Coca Cola,Beverages,40.7,237,9645.9,0
2026-01-22,SKU_1005,Coca Cola 750ml Regular,Coca Cola,Beverages,41.66,239,9956.74,0
2026-01-23,SKU_1005,Coca Cola 750ml Regular,Coca Cola,Beverages,38.43,265,10183.95,5
2026-01-24,SKU_1005,Coca Cola 750ml Regular,Coca Cola,Beverages,40.38,260,10498.8,5
2026-01-25,SKU_1005,Coca Cola 750ml Regular,Coca Cola,Beverages,40.88,271,11078.48,5
2026-01-26,SKU_1005,Coca Cola 750ml Regular,Coca Cola,Beverages,42.46,277,11761.42,5
2026-01-27,SKU_1005,Coca Cola 750ml Regular,Coca Cola,Beverages,41.53,281,11669.93,5
2026-01-28,SKU_1005,Coca Cola 750ml Regular,Coca Cola,Beverages,38.55,250,9637.5,0
2026-01-29,SKU_1005,Coca Cola 750ml Regular,Coca Cola,Beverages,38.62,270,10427.4,10
2026-01-30,SKU_1005,Coca Cola 750ml Regular,Coca Cola,Beverages,41.86,255,10674.3,0
2026-01-31,SKU_1005,Coca Cola 750ml Regular,Coca Cola,Beverages,38.34,260,9968.4,0
2026-02-01,SKU_1005,Coca Cola 750ml Regular,Coca Cola,Beverages,39.04,254,9916.16,5
2026-02-02,SKU_1005,Coca Cola 750ml Regular,Coca Cola,Beverages,39.21,252,9880.92,5
2026-02-03,SKU_1005,Coca Cola 750ml Regular,Coca Cola,Beverages,41.98,253,10620.94,10
2026-02-04,SKU_1005,Coca Cola 750ml Regular,Coca Cola,Beverages,41.93,268,11237.24,5
2026-02-05,SKU_1005,Coca Cola 750ml Regular,Coca Cola,Beverages,40.47,257,10400.79,5
2026-02-06,SKU_1005,Coca Cola 750ml Regular,Coca Cola,Beverages,40.66,260,10571.6,5
2026-02-07,SKU_1005,Coca Cola 750ml Regular,Coca Cola,Beverages,38.64,254,9814.56,0
2026-02-08,SKU_1005,Coca Cola 750ml Regular,Coca Cola,Beverages,41.27,239,9863.53,0
2026-02-09,SKU_1005,Coca Cola 750ml Regular,Coca Cola,Beverages,41.84,286,11966.24,5
2026-02-10,SKU_1005,Coca Cola 750ml Regular,Coca Cola,Beverages,38.14,271,10335.94,10
2026-02-11,SKU_1005,Coca Cola 750ml Regular,Coca Cola,Beverages,39.7,247,9805.9,10
2026-02-12,SKU_1005,Coca Cola 750ml Regular,Coca Cola,Beverages,41.95,289,12123.55,10
2026-02-13,SKU_1005,Coca Cola 750ml Regular,Coca Cola,Beverages,40.56,245,9937.2,0
2026-02-14,SKU_1005,Coca Cola 750ml Regular,Coca Cola,Beverages,41.44,249,10318.56,0
2026-02-15,SKU_1005,Coca Cola 750ml Regular,Coca Cola,Beverages,40.82,272,11103.04,10
2026-02-16,SKU_1005,Coca Cola 750ml Regular,Coca Cola,Beverages,38.09,286,10893.74,5
2026-02-17,SKU_1005,Coca Cola 750ml Regular,Coca Cola,Beverages,42.76,251,10732.76,0
2026-02-18,SKU_1005,Coca Cola 750ml Regular,Coca Cola,Beverages,42.43,250,10607.5,0
2026-02-19,SKU_1005,Coca Cola 750ml Regular,Coca Cola,Beverages,38.17,259,9886.03,0
2026-02-20,SKU_1005,Coca Cola 750ml Regular,Coca Cola,Beverages,42.6,250,10650.0,5
2026-02-21,SKU_1005,Coca Cola 750ml Regular,Coca Cola,Beverages,39.62,250,9905.0,0
2026-02-22,SKU_1005,Coca Cola 750ml Regular,Coca Cola,Beverages,40.96,274,11223.04,10
2026-02-23,SKU_1005,Coca Cola 750ml Regular,Coca Cola,Beverages,40.8,271,11056.8,10
2026-02-24,SKU_1005,Coca Cola 750ml Regular,Coca Cola,Beverages,38.81,262,10168.22,0
2026-02-25,SKU_1005,Coca Cola 750ml Regular,Coca Cola,Beverages,40.57,267,10832.19,10
2026-02-26,SKU_1005,Coca Cola 750ml Regular,Coca Cola,Beverages,39.83,262,10435.46,0
2026-02-27,SKU_1005,Coca Cola 750ml Regular,Coca Cola,Beverages,38.32,250,9580.0,0
2026-02-28,SKU_1005,Coca Cola 750ml Regular,Coca Cola,Beverages,42.35,242,10248.7,10
2026-03-01,SKU_1005,Coca Cola 750ml Regular,Coca Cola,Beverages,41.98,258,10830.84,5
2026-03-02,SKU_1005,Coca Cola 750ml Regular,Coca Cola,Beverages,40.23,283,11385.09,5
2026-03-03,SKU_1005,Coca Cola 750ml Regular,Coca Cola,Beverages,38.29,259,9917.11,0
2026-03-04,SKU_1005,Coca Cola 750ml Regular,Coca Cola,Beverages,41.37,253,10466.61,0
2026-03-05,SKU_1005,Coca Cola 750ml Regular,Coca Cola,Beverages,42.52,247,10502.44,0
2026-03-06,SKU_1005,Coca Cola 750ml Regular,Coca Cola,Beverages,38.1,293,11163.3,5
2026-03-07,SKU_1005,Coca Cola 750ml Regular,Coca Cola,Beverages,42.49,273,11599.77,5
2026-03-08,SKU_1005,Coca Cola 750ml Regular,Coca Cola,Beverages,38.11,244,9298.84,0
2026-03-09,SKU_1005,Coca Cola 750ml Regular,Coca Cola,Beverages,43.13,262,11300.06,5
2026-03-10,SKU_1005,Coca Cola 750ml Regular,Coca Cola,Beverages,40.98,235,9630.3,0
2026-03-11,SKU_1005,Coca Cola 750ml Regular,Coca Cola,Beverages,41.59,291,12102.69,5
2026-03-12,SKU_1005,Coca Cola 750ml Regular,Coca Cola,Beverages,42.22,255,10766.1,0
2026-03-13,SKU_1005,Coca Cola 750ml Regular,Coca Cola,Beverages,41.2,246,10135.2,5
2026-03-14,SKU_1005,Coca Cola 750ml Regular,Coca Cola,Beverages,40.58,252,10226.16,0
2026-03-15,SKU_1005,Coca Cola 750ml Regular,Coca Cola,Beverages,42.37,254,10761.98,0
2026-03-16,SKU_1005,Coca Cola 750ml Regular,Coca Cola,Beverages,39.38,262,10317.56,10
2026-03-17,SKU_1005,Coca Cola 750ml Regular,Coca Cola,Beverages,42.18,243,10249.74,0
2026-03-18,SKU_1005,Coca Cola 750ml Regular,Coca Cola,Beverages,41.73,279,11642.67,10
2026-03-19,SKU_1005,Coca Cola 750ml Regular,Coca Cola,Beverages,39.42,260,10249.2,10
2026-03-20,SKU_1005,Coca Cola 750ml Regular,Coca Cola,Beverages,40.22,253,10175.66,0
2026-03-21,SKU_1005,Coca Cola 750ml Regular,Coca Cola,Beverages,41.39,238,9850.82,0
2026-03-22,SKU_1005,Coca Cola 750ml Regular,Coca Cola,Beverages,40.25,260,10465.0,0
2026-03-23,SKU_1005,Coca Cola 750ml Regular,Coca Cola,Beverages,40.15,291,11683.65,10
2026-03-24,SKU_1005,Coca Cola 750ml Regular,Coca Cola,Beverages,41.49,257,10662.93,0
2026-03-25,SKU_1005,Coca Cola 750ml Regular,Coca Cola,Beverages,41.26,243,10026.18,0
2026-03-26,SKU_1005,Coca Cola 750ml Regular,Coca Cola,Beverages,41.0,278,11398.0,5
2026-03-27,SKU_1005,Coca Cola 750ml Regular,Coca Cola,Beverages,42.87,294,12603.78,10
2026-03-28,SKU_1005,Coca Cola 750ml Regular,Coca Cola,Beverages,42.0,272,11424.0,10
2026-03-29,SKU_1005,Coca Cola 750ml Regular,Coca Cola,Beverages,41.26,255,10521.3,0
2026-03-30,SKU_1005,Coca Cola 750ml Regular,Coca Cola,Beverages,40.4,231,9332.4,0
2026-03-31,SKU_1005,Coca Cola 750ml Regular,Coca Cola,Beverages,42.39,244,10343.16,0
2026-04-01,SKU_1005,Coca Cola 750ml Regular,Coca Cola,Beverages,41.3,293,12100.9,0
2026-04-02,SKU_1005,Coca Cola 750ml Regular,Coca Cola,Beverages,42.28,285,12049.8,0
2026-04-03,SKU_1005,Coca Cola 750ml Regular,Coca Cola,Beverages,41.57,288,11972.16,0
2026-04-04,SKU_1005,Coca Cola 750ml Regular,Coca Cola,Beverages,38.59,321,12387.39,0
2026-04-05,SKU_1005,Coca Cola 750ml Regular,Coca Cola,Beverages,42.14,326,13737.64,5
2026-04-06,SKU_1005,Coca Cola 750ml Regular,Coca Cola,Beverages,43.15,308,13290.2,0
2026-04-07,SKU_1005,Coca Cola 750ml Regular,Coca Cola,Beverages,39.05,294,11480.7,0
2026-04-08,SKU_1005,Coca Cola 750ml Regular,Coca Cola,Beverages,39.34,320,12588.8,10
2026-04-09,SKU_1005,Coca Cola 750ml Regular,Coca Cola,Beverages,41.35,347,14348.45,5
2026-04-10,SKU_1005,Coca Cola 750ml Regular,Coca Cola,Beverages,38.1,328,12496.8,0
2026-04-11,SKU_1005,Coca Cola 750ml Regular,Coca Cola,Beverages,39.63,302,11968.26,0
2026-04-12,SKU_1005,Coca Cola 750ml Regular,Coca Cola,Beverages,42.68,305,13017.4,0
2026-04-13,SKU_1005,Coca Cola 750ml Regular,Coca Cola,Beverages,41.49,366,15185.34,5
2026-04-14,SKU_1005,Coca Cola 750ml Regular,Coca Cola,Beverages,42.37,304,12880.48,0
2026-04-15,SKU_1005,Coca Cola 750ml Regular,Coca Cola,Beverages,38.58,303,11689.74,0
2026-04-16,SKU_1005,Coca Cola 750ml Regular,Coca Cola,Beverages,40.71,306,12457.26,10
2026-04-17,SKU_1005,Coca Cola 750ml Regular,Coca Cola,Beverages,40.58,338,13716.04,10
2026-04-18,SKU_1005,Coca Cola 750ml Regular,Coca Cola,Beverages,42.02,319,13404.38,10
2026-04-19,SKU_1005,Coca Cola 750ml Regular,Coca Cola,Beverages,40.03,324,12969.72,0
2026-04-20,SKU_1005,Coca Cola 750ml Regular,Coca Cola,Beverages,42.86,303,12986.58,0
2026-04-21,SKU_1005,Coca Cola 750ml Regular,Coca Cola,Beverages,38.91,360,14007.6,5
2026-04-22,SKU_1005,Coca Cola 750ml Regular,Coca Cola,Beverages,39.32,356,13997.92,5
2026-04-23,SKU_1005,Coca Cola 750ml Regular,Coca Cola,Beverages,39.95,330,13183.5,0
2026-04-24,SKU_1005,Coca Cola 750ml Regular,Coca Cola,Beverages,40.84,300,12252.0,0
2026-04-25,SKU_1005,Coca Cola 750ml Regular,Coca Cola,Beverages,43.01,308,13247.08,0
2026-04-26,SKU_1005,Coca Cola 750ml Regular,Coca Cola,Beverages,39.89,305,12166.45,0
2026-04-27,SKU_1005,Coca Cola 750ml Regular,Coca Cola,Beverages,38.11,328,12500.08,10
2026-04-28,SKU_1005,Coca Cola 750ml Regular,Coca Cola,Beverages,42.38,305,12925.9,0
2026-04-29,SKU_1005,Coca Cola 750ml Regular,Coca Cola,Beverages,41.59,318,13225.62,0
2026-04-30,SKU_1005,Coca Cola 750ml Regular,Coca Cola,Beverages,39.32,331,13014.92,0
2026-05-01,SKU_1005,Coca Cola 750ml Regular,Coca Cola,Beverages,42.7,353,15073.1,10
2026-05-02,SKU_1005,Coca Cola 750ml Regular,Coca Cola,Beverages,39.23,308,12082.84,0
2026-05-03,SKU_1005,Coca Cola 750ml Regular,Coca Cola,Beverages,42.73,297,12690.81,0
2026-05-04,SKU_1005,Coca Cola 750ml Regular,Coca Cola,Beverages,39.56,320,12659.2,0
2026-05-05,SKU_1005,Coca Cola 750ml Regular,Coca Cola,Beverages,39.55,300,11865.0,0
2026-05-06,SKU_1005,Coca Cola 750ml Regular,Coca Cola,Beverages,42.76,321,13725.96,5
2026-05-07,SKU_1005,Coca Cola 750ml Regular,Coca Cola,Beverages,38.18,338,12904.84,5
2026-05-08,SKU_1005,Coca Cola 750ml Regular,Coca Cola,Beverages,41.83,293,12256.19,0
2026-05-09,SKU_1005,Coca Cola 750ml Regular,Coca Cola,Beverages,41.73,293,12226.89,0
2026-05-10,SKU_1005,Coca Cola 750ml Regular,Coca Cola,Beverages,42.29,303,12813.87,10
2026-05-11,SKU_1005,Coca Cola 750ml Regular,Coca Cola,Beverages,39.83,325,12944.75,10
2026-05-12,SKU_1005,Coca Cola 750ml Regular,Coca Cola,Beverages,39.7,289,11473.3,0
2026-05-13,SKU_1005,Coca Cola 750ml Regular,Coca Cola,Beverages,41.34,368,15213.12,5
2026-05-14,SKU_1005,Coca Cola 750ml Regular,Coca Cola,Beverages,41.33,303,12522.99,0
2026-05-15,SKU_1005,Coca Cola 750ml Regular,Coca Cola,Beverages,41.27,300,12381.0,0
2026-05-16,SKU_1005,Coca Cola 750ml Regular,Coca Cola,Beverages,38.58,320,12345.6,0
2026-05-17,SKU_1005,Coca Cola 750ml Regular,Coca Cola,Beverages,42.4,289,12253.6,0
2026-05-18,SKU_1005,Coca Cola 750ml Regular,Coca Cola,Beverages,40.35,326,13154.1,0
