customer_data/sales_history.csv
date,product_id,product_name,brand,category,selling_price,units_sold,revenue,promotion_discount_pct
2025-11-20,SKU_1007,Coca Cola 750ml Family,Coca Cola,Beverages,64.55,277,17880.35,10
2025-11-21,SKU_1007,Coca Cola 750ml Family,Coca Cola,Beverages,62.42,288,17976.96,0
2025-11-22,SKU_1007,Coca Cola 750ml Family,Coca Cola,Beverages,62.82,266,16710.12,0
2025-11-23,SKU_1007,Coca Cola 750ml Family,Coca Cola,Beverages,64.19,287,18422.53,5
2025-11-24,SKU_1007,Coca Cola 750ml Family,Coca Cola,Beverages,57.94,271,15701.74,0
2025-11-25,SKU_1007,Coca Cola 750ml Family,Coca Cola,Beverages,61.08,265,16186.2,0
2025-11-26,SKU_1007,Coca Cola 750ml Family,Coca Cola,Beverages,64.73,279,18059.67,5
2025-11-27,SKU_1007,Coca Cola 750ml Family,Coca Cola,Beverages,63.17,302,19077.34,10
2025-11-28,SKU_1007,Coca Cola 750ml Family,Coca Cola,Beverages,57.38,298,17099.24,0
2025-11-29,SKU_1007,Coca Cola 750ml Family,Coca Cola,Beverages,58.68,292,17134.56,5
2025-11-30,SKU_1007,Coca Cola 750ml Family,Coca Cola,Beverages,57.95,297,17211.15,0
2025-12-01,SKU_1007,Coca Cola 750ml Family,Coca Cola,Beverages,60.26,287,17294.62,10
2025-12-02,SKU_1007,Coca Cola 750ml Family,Coca Cola,Beverages,64.02,286,18309.72,5
2025-12-03,SKU_1007,Coca Cola 750ml Family,Coca Cola,Beverages,62.62,225,14089.5,0
2025-12-04,SKU_1007,Coca Cola 750ml Family,Coca Cola,Beverages,60.94,278,16941.32,5
2025-12-05,SKU_1007,Coca Cola 750ml Family,Coca Cola,Beverages,60.5,232,14036.0,0
2025-12-06,SKU_1007,Coca Cola 750ml Family,Coca Cola,Beverages,57.7,269,15521.3,10
2025-12-07,SKU_1007,Coca Cola 750ml Family,Coca Cola,Beverages,60.02,262,15725.24,0
2025-12-08,SKU_1007,Coca Cola 750ml Family,Coca Cola,Beverages,61.22,267,16345.74,5
2025-12-09,SKU_1007,Coca Cola 750ml Family,Coca Cola,Beverages,59.16,249,14730.84,0
2025-12-10,SKU_1007,Coca Cola 750ml Family,Coca Cola,Beverages,62.52,245,15317.4,0
2025-12-11,SKU_1007,Coca Cola 750ml Family,Coca Cola,Beverages,61.38,265,16265.7,10
2025-12-12,SKU_1007,Coca Cola 750ml Family,Coca Cola,Beverages,58.5,291,17023.5,10
2025-12-13,SKU_1007,Coca Cola 750ml Family,Coca Cola,Beverages,57.41,238,13663.58,0
2025-12-14,SKU_1007,Coca Cola 750ml Family,Coca Cola,Beverages,62.85,234,14706.9,0
2025-12-15,SKU_1007,Coca Cola 750ml Family,Coca Cola,Beverages,57.94,254,14716.76,0
2025-12-16,SKU_1007,Coca Cola 750ml Family,Coca Cola,Beverages,64.51,224,14450.24,0
2025-12-17,SKU_1007,Coca Cola 750ml Family,Coca Cola,Beverages,58.91,271,15964.61,10
2025-12-18,SKU_1007,Coca Cola 750ml Family,Coca Cola,Beverages,57.66,237,13665.42,0
2025-12-19,SKU_1007,Coca Cola 750ml Family,Coca Cola,Beverages,60.13,233,14010.29,0
2025-12-20,SKU_1007,Coca Cola 750ml Family,Coca Cola,Beverages,59.65,244,14554.6,0
2025-12-21,SKU_1007,Coca Cola 750ml Family,Coca Cola,Beverages,63.71,227,14462.17,0
2025-12-22,SKU_1007,Coca Cola 750ml Family,Coca Cola,Beverages,57.71,274,15812.54,10
2025-12-23,SKU_1007,Coca Cola 750ml Family,Coca Cola,Beverages,59.23,255,15103.65,0
2025-12-24,SKU_1007,Coca Cola 750ml Family,Coca Cola,Beverages,58.2,263,15306.6,0
2025-12-25,SKU_1007,Coca Cola 750ml Family,Coca Cola,Beverages,57.46,245,14077.7,0
2025-12-26,SKU_1007,Coca Cola 750ml Family,Coca Cola,Beverages,57.21,255,14588.55,5
2025-12-27,SKU_1007,Coca Cola 750ml Family,Coca Cola,Beverages,59.5,236,14042.0,0
2025-12-28,SKU_1007,Coca Cola 750ml Family,Coca Cola,Beverages,59.01,254,14988.54,0
2025-12-29,SKU_1007,Coca Cola 750ml Family,Coca Cola,Beverages,57.4,291,16703.4,10
2025-12-30,SKU_1007,Coca Cola 750ml Family,Coca Cola,Beverages,58.84,257,15121.88,10
2025-12-31,SKU_1007,Coca Cola 750ml Family,Coca Cola,Beverages,64.4,251,16164.4,0
2026-01-01,SKU_1007,Coca Cola 750ml Family,Coca Cola,Beverages,60.63,241,14611.83,5
2026-01-02,SKU_1007,Coca Cola 750ml Family,Coca Cola,Beverages,60.18,248,14924.64,0
2026-01-03,SKU_1007,Coca Cola 750ml Family,Coca Cola,Beverages,59.1,257,15188.7,0
2026-01-04,SKU_1007,Coca Cola 750ml Family,Coca Cola,Beverages,58.92,262,15437.04,0
2026-01-05,SKU_1007,Coca Cola 750ml Family,Coca Cola,Beverages,59.38,256,15201.28,0
2026-01-06,SKU_1007,Coca Cola 750ml Family,Coca Cola,Beverages,63.6,247,15709.2,0
2026-01-07,SKU_1007,Coca Cola 750ml Family,Coca Cola,Beverages,59.91,242,14498.22,0
2026-01-08,SKU_1007,Coca Cola 750ml Family,Coca Cola,Beverages,61.19,283,17316.77,10
2026-01-09,SKU_1007,Coca Cola 750ml Family,Coca Cola,Beverages,57.33,261,14963.13,10
2026-01-10,SKU_1007,Coca Cola 750ml Family,Coca Cola,Beverages,62.09,256,15895.04,0
2026-01-11,SKU_1007,Coca Cola 750ml Family,Coca Cola,Beverages,64.28,258,16584.24,10
2026-01-12,SKU_1007,Coca Cola 750ml Family,Coca Cola,Beverages,63.55,249,15823.95,0
2026-01-13,SKU_1007,Coca Cola 750ml Family,Coca Cola,Beverages,63.57,259,16464.63,10
2026-01-14,SKU_1007,Coca Cola 750ml Family,Coca Cola,Beverages,57.35,273,15656.55,10
2026-01-15,SKU_1007,Coca Cola 750ml Family,Coca Cola,Beverages,59.34,250,14835.0,0
2026-01-16,SKU_1007,Coca Cola 750ml Family,Coca Cola,Beverages,63.48,244,15489.12,0
2026-01-17,SKU_1007,Coca Cola 750ml Family,Coca Cola,Beverages,63.85,269,17175.65,10
2026-01-18,SKU_1007,Coca Cola 750ml Family,Coca Cola,Beverages,63.26,222,14043.72,0
2026-01-19,SKU_1007,Coca Cola 750ml Family,Coca Cola,Beverages,61.95,252,15611.4,5
2026-01-20,SKU_1007,Coca Cola 750ml Family,Coca Cola,Beverages,58.92,239,14081.88,0
2026-01-21,SKU_1007,Coca Cola 750ml Family,Coca Cola,Beverages,58.64,263,15422.32,0
2026-01-22,SKU_1007,Coca Cola 750ml Family,Coca Cola,Beverages,57.12,246,14051.52,0
2026-01-23,SKU_1007,Coca Cola 750ml Family,Coca Cola,Beverages,61.75,260,16055.0,0
2026-01-24,SKU_1007,Coca Cola 750ml Family,Coca Cola,Beverages,62.25,274,17056.5,5
2026-01-25,SKU_1007,Coca Cola 750ml Family,Coca Cola,Beverages,60.06,236,14174.16,0
2026-01-26,SKU_1007,Coca Cola 750ml Family,Coca Cola,Beverages,61.2,289,17686.8,5
2026-01-27,SKU_1007,Coca Cola 750ml Family,Coca Cola,Beverages,57.96,301,17445.96,5
2026-01-28,SKU_1007,Coca Cola 750ml Family,Coca Cola,Beverages,61.69,243,14990.67,0
2026-01-29,SKU_1007,Coca Cola 750ml Family,Coca Cola,Beverages,57.97,254,14724.38,0
2026-01-30,SKU_1007,Coca Cola 750ml Family,Coca Cola,Beverages,60.47,254,15359.38,0
2026-01-31,SKU_1007,Coca Cola 750ml Family,Coca Cola,Beverages,62.92,230,14471.6,0
2026-02-01,SKU_1007,Coca Cola 750ml Family,Coca Cola,Beverages,58.49,269,15733.81,0
2026-02-02,SKU_1007,Coca Cola 750ml Family,Coca Cola,Beverages,63.31,303,19182.93,5
2026-02-03,SKU_1007,Coca Cola 750ml Family,Coca Cola,Beverages,59.83,271,16213.93,10
2026-02-04,SKU_1007,Coca Cola 750ml Family,Coca Cola,Beverages,57.06,260,14835.6,5
2026-02-05,SKU_1007,Coca Cola 750ml Family,Coca Cola,Beverages,63.79,260,16585.4,5
2026-02-06,SKU_1007,Coca Cola 750ml Family,Coca Cola,Beverages,61.3,262,16060.6,10
2026-02-07,SKU_1007,Coca Cola 750ml Family,Coca Cola,Beverages,62.32,226,14084.32,0
2026-02-08,SKU_1007,Coca Cola 750ml Family,Coca Cola,Beverages,61.59,234,14412.06,0
2026-02-09,SKU_1007,Coca Cola 750ml Family,Coca Cola,Beverages,59.03,249,14698.47,0
2026-02-10,SKU_1007,Coca Cola 750ml Family,Coca Cola,Beverages,63.87,247,15775.89,0
2026-02-11,SKU_1007,Coca Cola 750ml Family,Coca Cola,Beverages,58.5,292,17082.0,10
2026-02-12,SKU_1007,Coca Cola 750ml Family,Coca Cola,Beverages,58.97,269,15862.93,5
2026-02-13,SKU_1007,Coca Cola 750ml Family,Coca Cola,Beverages,64.32,233,14986.56,0
2026-02-14,SKU_1007,Coca Cola 750ml Family,Coca Cola,Beverages,63.66,253,16105.98,5
2026-02-15,SKU_1007,Coca Cola 750ml Family,Coca Cola,Beverages,57.95,271,15704.45,5
2026-02-16,SKU_1007,Coca Cola 750ml Family,Coca Cola,Beverages,61.03,261,15928.83,0
2026-02-17,SKU_1007,Coca Cola 750ml Family,Coca Cola,Beverages,57.37,265,15203.05,10
2026-02-18,SKU_1007,Coca Cola 750ml Family,Coca Cola,Beverages,59.47,261,15521.67,0
2026-02-19,SKU_1007,Coca Cola 750ml Family,Coca Cola,Beverages,57.64,256,14755.84,0
2026-02-20,SKU_1007,Coca Cola 750ml Family,Coca Cola,Beverages,64.72,280,18121.6,5
2026-02-21,SKU_1007,Coca Cola 750ml Family,Coca Cola,Beverages,57.58,260,14970.8,0
2026-02-22,SKU_1007,Coca Cola 750ml Family,Coca Cola,Beverages,59.57,247,14713.79,0
2026-02-23,SKU_1007,Coca Cola 750ml Family,Coca Cola,Beverages,57.22,266,15220.52,0
2026-02-24,SKU_1007,Coca Cola 750ml Family,Coca Cola,Beverages,61.62,256,15774.72,0
2026-02-25,SKU_1007,Coca Cola 750ml Family,Coca Cola,Beverages,63.56,256,16271.36,5
2026-02-26,SKU_1007,Coca Cola 750ml Family,Coca Cola,Beverages,64.48,226,14572.48,0
2026-02-27,SKU_1007,Coca Cola 750ml Family,Coca Cola,Beverages,61.05,248,15140.4,0
2026-02-28,SKU_1007,Coca Cola 750ml Family,Coca Cola,Beverages,63.05,252,15888.6,0
2026-03-01,SKU_1007,Coca Cola 750ml Family,Coca Cola,Beverages,61.88,233,14418.04,0
2026-03-02,SKU_1007,Coca Cola 750ml Family,Coca Cola,Beverages,64.6,258,16666.8,5
2026-03-03,SKU_1007,Coca Cola 750ml Family,Coca Cola,Beverages,63.94,239,15281.66,0
2026-03-04,SKU_1007,Coca Cola 750ml Family,Coca Cola,Beverages,57.48,262,15059.76,0
2026-03-05,SKU_1007,Coca Cola 750ml Family,Coca Cola,Beverages,59.35,236,14006.6,0
2026-03-06,SKU_1007,Coca Cola 750ml Family,Coca Cola,Beverages,57.79,258,14909.82,0
2026-03-07,SKU_1007,Coca Cola 750ml Family,Coca Cola,Beverages,59.3,262,15536.6,0
2026-03-08,SKU_1007,Coca Cola 750ml Family,Coca Cola,Beverages,61.81,270,16688.7,10
2026-03-09,SKU_1007,Coca Cola 750ml Family,Coca Cola,Beverages,62.15,261,16221.15,5
2026-03-10,SKU_1007,Coca Cola 750ml Family,Coca Cola,Beverages,63.2,267,16874.4,10
2026-03-11,SKU_1007,Coca Cola 750ml Family,Coca Cola,Beverages,59.65,238,14196.7,0
2026-03-12,SKU_1007,Coca Cola 750ml Family,Coca Cola,Beverages,60.54,257,15558.78,0
2026-03-13,SKU_1007,Coca Cola 750ml Family,Coca Cola,Beverages,57.84,251,14517.84,0
2026-03-14,SKU_1007,Coca Cola 750ml Family,Coca Cola,Beverages,61.62,249,15343.38,10
2026-03-15,SKU_1007,Coca Cola 750ml Family,Coca Cola,Beverages,61.97,285,17661.45,5
2026-03-16,SKU_1007,Coca Cola 750ml Family,Coca Cola,Beverages,62.65,239,14973.35,0
2026-03-17,SKU_1007,Coca Cola 750ml Family,Coca Cola,Beverages,58.07,251,14575.57,0
2026-03-18,SKU_1007,Coca Cola 750ml Family,Coca Cola,Beverages,59.43,244,14500.92,0
2026-03-19,SKU_1007,Coca Cola 750ml Family,Coca Cola,Beverages,59.43,252,14976.36,0
2026-03-20,SKU_1007,Coca Cola 750ml Family,Coca Cola,Beverages,58.15,240,13956.0,0
2026-03-21,SKU_1007,Coca Cola 750ml Family,Coca Cola,Beverages,59.27,277,16417.79,10
2026-03-22,SKU_1007,Coca Cola 750ml Family,Coca Cola,Beverages,62.13,258,16029.54,0
2026-03-23,SKU_1007,Coca Cola 750ml Family,Coca Cola,Beverages,60.96,236,14386.56,0
2026-03-24,SKU_1007,Coca Cola 750ml Family,Coca Cola,Beverages,60.29,252,15193.08,0
2026-03-25,SKU_1007,Coca Cola 750ml Family,Coca Cola,Beverages,62.0,237,14694.0,0
2026-03-26,SKU_1007,Coca Cola 750ml Family,Coca Cola,Beverages,59.66,290,17301.4,5
2026-03-27,SKU_1007,Coca Cola 750ml Family,Coca Cola,Beverages,62.4,271,16910.4,10
2026-03-28,SKU_1007,Coca Cola 750ml Family,Coca Cola,Beverages,59.62,263,15680.06,0
2026-03-29,SKU_1007,Coca Cola 750ml Family,Coca Cola,Beverages,58.27,249,14509.23,0
2026-03-30,SKU_1007,Coca Cola 750ml Family,Coca Cola,Beverages,60.87,236,14365.32,0
2026-03-31,SKU_1007,Coca Cola 750ml Family,Coca Cola,Beverages,62.41,227,14167.07,0
2026-04-01,SKU_1007,Coca Cola 750ml Family,Coca Cola,Beverages,58.86,299,17599.14,0
2026-04-02,SKU_1007,Coca Cola 750ml Family,Coca Cola,Beverages,63.3,317,20066.1,5
2026-04-03,SKU_1007,Coca Cola 750ml Family,Coca Cola,Beverages,63.44,295,18714.8,0
2026-04-04,SKU_1007,Coca Cola 750ml Family,Coca Cola,Beverages,57.58,328,18886.24,0
2026-04-05,SKU_1007,Coca Cola 750ml Family,Coca Cola,Beverages,58.11,356,20687.16,10
2026-04-06,SKU_1007,Coca Cola 750ml Family,Coca Cola,Beverages,62.97,292,18387.24,0
2026-04-07,SKU_1007,Coca Cola 750ml Family,Coca Cola,Beverages,58.55,318,18618.9,0
2026-04-08,SKU_1007,Coca Cola 750ml Family,Coca Cola,Beverages,63.91,303,19364.73,0
2026-04-09,SKU_1007,Coca Cola 750ml Family,Coca Cola,Beverages,63.61,286,18192.46,0
2026-04-10,SKU_1007,Coca Cola 750ml Family,Coca Cola,Beverages,57.17,305,17436.85,0
2026-04-11,SKU_1007,Coca Cola 750ml Family,Coca Cola,Beverages,57.16,330,18862.8,5
2026-04-12,SKU_1007,Coca Cola 750ml Family,Coca Cola,Beverages,63.14,311,19636.54,0
2026-04-13,SKU_1007,Coca Cola 750ml Family,Coca Cola,Beverages,59.38,317,18823.46,0
2026-04-14,SKU_1007,Coca Cola 750ml Family,Coca Cola,Beverages,62.16,342,21258.72,10
2026-04-15,SKU_1007,Coca Cola 750ml Family,Coca Cola,Beverages,60.38,321,19381.98,0
2026-04-16,SKU_1007,Coca Cola 750ml Family,Coca Cola,Beverages,58.13,329,19124.77,0
2026-04-17,SKU_1007,Coca Cola 750ml Family,Coca Cola,Beverages,58.5,316,18486.0,0
2026-04-18,SKU_1007,Coca Cola 750ml Family,Coca Cola,Beverages,59.48,326,19390.48,0
2026-04-19,SKU_1007,Coca Cola 750ml Family,Coca Cola,Beverages,64.18,299,19189.82,10
2026-04-20,SKU_1007,Coca Cola 750ml Family,Coca Cola,Beverages,63.66,284,18079.44,0
2026-04-21,SKU_1007,Coca Cola 750ml Family,Coca Cola,Beverages,59.56,300,17868.0,0
2026-04-22,SKU_1007,Coca Cola 750ml Family,Coca Cola,Beverages,63.81,317,20227.77,10
2026-04-23,SKU_1007,Coca Cola 750ml Family,Coca Cola,Beverages,60.81,347,21101.07,5
2026-04-24,SKU_1007,Coca Cola 750ml Family,Coca Cola,Beverages,62.18,348,21638.64,10
2026-04-25,SKU_1007,Coca Cola 750ml Family,Coca Cola,Beverages,62.86,303,19046.58,10
2026-04-26,SKU_1007,Coca Cola 750ml Family,Coca Cola,Beverages,60.89,291,17718.99,0
2026-04-27,SKU_1007,Coca Cola 750ml Family,Coca Cola,Beverages,62.56,334,20895.04,5
2026-04-28,SKU_1007,Coca Cola 750ml Family,Coca Cola,Beverages,64.45,338,21784.1,10
2026-04-29,SKU_1007,Coca Cola 750ml Family,Coca Cola,Beverages,61.98,294,18222.12,0
2026-04-30,SKU_1007,Coca Cola 750ml Family,Coca Cola,Beverages,58.62,356,20868.72,5
2026-05-01,SKU_1007,Coca Cola 750ml Family,Coca Cola,Beverages,58.83,333,19590.39,5
2026-05-02,SKU_1007,Coca Cola 750ml Family,Coca Cola,Beverages,59.94,295,17682.3,0
2026-05-03,SKU_1007,Coca Cola 750ml Family,Coca Cola,Beverages,58.99,332,19584.68,0
2026-05-04,SKU_1007,Coca Cola 750ml Family,Coca Cola,Beverages,59.3,330,19569.0,0
2026-05-05,SKU_1007,Coca Cola 750ml Family,Coca Cola,Beverages,61.55,305,18772.75,10
2026-05-06,SKU_1007,Coca Cola 750ml Family,Coca Cola,Beverages,60.32,352,21232.64,5
2026-05-07,SKU_1007,Coca Cola 750ml Family,Coca Cola,Beverages,63.28,316,19996.48,5
2026-05-08,SKU_1007,Coca Cola 750ml Family,Coca Cola,Beverages,58.4,328,19155.2,0
2026-05-09,SKU_1007,Coca Cola 750ml Family,Coca Cola,Beverages,59.8,337,20152.6,10
2026-05-10,SKU_1007,Coca Cola 750ml Family,Coca Cola,Beverages,61.26,307,18806.82,0
2026-05-11,SKU_1007,Coca Cola 750ml Family,Coca Cola,Beverages,64.23,299,19204.77,0
2026-05-12,SKU_1007,Coca Cola 750ml Family,Coca Cola,Beverages,59.81,316,18899.96,0
2026-05-13,SKU_1007,Coca Cola 750ml Family,Coca Cola,Beverages,58.53,298,17441.94,0
2026-05-14,SKU_1007,Coca Cola 750ml Family,Coca Cola,Beverages,62.81,279,17523.99,0
2026-05-15,SKU_1007,Coca Cola 750ml Family,Coca Cola,Beverages,58.49,306,17897.94,0
2026-05-16,SKU_1007,Coca Cola 750ml Family,Coca Cola,Beverages,64.79,344,22287.76,10
2026-05-17,SKU_1007,Coca Cola 750ml Family,Coca Cola,Beverages,59.04,300,17712.0,0
2026-05-18,SKU_1007,Coca Cola 750ml Family,Coca Cola,Beverages,63.41,349,22130.09,5
