customer_data/sales_history.csv
date,product_id,product_name,brand,category,selling_price,units_sold,revenue,promotion_discount_pct
2025-11-20,SKU_1008,Coca Cola 1L Mini,Coca Cola,Beverages,33.69,301,10140.69,0
2025-11-21,SKU_1008,Coca Cola 1L Mini,Coca Cola,Beverages,33.98,268,9106.64,0
2025-11-22,SKU_1008,Coca Cola 1L Mini,Coca Cola,Beverages,35.7,285,10174.5,0
2025-11-23,SKU_1008,Coca Cola 1L Mini,Coca Cola,Beverages,33.99,318,10808.82,10
2025-11-24,SKU_1008,Coca Cola 1L Mini,Coca Cola,Beverages,33.97,296,10055.12,0
2025-11-25,SKU_1008,Coca Cola 1L Mini,Coca Cola,Beverages,35.38,267,9446.46,0
2025-11-26,SKU_1008,Coca Cola 1L Mini,Coca Cola,Beverages,33.79,309,10441.11,5
2025-11-27,SKU_1008,Coca Cola 1L Mini,Coca Cola,Beverages,33.84,296,10016.64,0
2025-11-28,SKU_1008,Coca Cola 1L Mini,Coca Cola,Beverages,33.56,301,10101.56,0
2025-11-29,SKU_1008,Coca Cola 1L Mini,Coca Cola,Beverages,33.25,333,11072.25,5
2025-11-30,SKU_1008,Coca Cola 1L Mini,Coca Cola,Beverages,34.8,281,9778.8,0
2025-12-01,SKU_1008,Coca Cola 1L Mini,Coca Cola,Beverages,33.75,289,9753.75,5
2025-12-02,SKU_1008,Coca Cola 1L Mini,Coca Cola,Beverages,35.32,255,9006.6,0
2025-12-03,SKU_1008,Coca Cola 1L Mini,Coca Cola,Beverages,34.48,246,8482.08,0
2025-12-04,SKU_1008,Coca Cola 1L Mini,Coca Cola,Beverages,35.95,227,8160.65,0
2025-12-05,SKU_1008,Coca Cola 1L Mini,Coca Cola,Beverages,34.4,291,10010.4,10
2025-12-06,SKU_1008,Coca Cola 1L Mini,Coca Cola,Beverages,35.71,246,8784.66,0
2025-12-07,SKU_1008,Coca Cola 1L Mini,Coca Cola,Beverages,36.06,267,9628.02,5
2025-12-08,SKU_1008,Coca Cola 1L Mini,Coca Cola,Beverages,33.99,270,9177.3,5
2025-12-09,SKU_1008,Coca Cola 1L Mini,Coca Cola,Beverages,35.83,248,8885.84,0
2025-12-10,SKU_1008,Coca Cola 1L Mini,Coca Cola,Beverages,34.87,268,9345.16,10
2025-12-11,SKU_1008,Coca Cola 1L Mini,Coca Cola,Beverages,32.04,277,8875.08,5
2025-12-12,SKU_1008,Coca Cola 1L Mini,Coca Cola,Beverages,32.82,248,8139.36,10
2025-12-13,SKU_1008,Coca Cola 1L Mini,Coca Cola,Beverages,33.91,252,8545.32,0
2025-12-14,SKU_1008,Coca Cola 1L Mini,Coca Cola,Beverages,32.67,293,9572.31,5
2025-12-15,SKU_1008,Coca Cola 1L Mini,Coca Cola,Beverages,32.61,258,8413.38,10
2025-12-16,SKU_1008,Coca Cola 1L Mini,Coca Cola,Beverages,34.01,262,8910.62,0
2025-12-17,SKU_1008,Coca Cola 1L Mini,Coca Cola,Beverages,32.49,287,9324.63,5
2025-12-18,SKU_1008,Coca Cola 1L Mini,Coca Cola,Beverages,35.02,288,10085.76,10
2025-12-19,SKU_1008,Coca Cola 1L Mini,Coca Cola,Beverages,36.02,287,10337.74,10
2025-12-20,SKU_1008,Coca Cola 1L Mini,Coca Cola,Beverages,34.91,246,8587.86,0
2025-12-21,SKU_1008,Coca Cola 1L Mini,Coca Cola,Beverages,36.25,282,10222.5,5
2025-12-22,SKU_1008,Coca Cola 1L Mini,Coca Cola,Beverages,35.45,299,10599.55,10
2025-12-23,SKU_1008,Coca Cola 1L Mini,Coca Cola,Beverages,34.06,242,8242.52,0
2025-12-24,SKU_1008,Coca Cola 1L Mini,Coca Cola,Beverages,35.14,262,9206.68,5
2025-12-25,SKU_1008,Coca Cola 1L Mini,Coca Cola,Beverages,34.98,248,8675.04,0
2025-12-26,SKU_1008,Coca Cola 1L Mini,Coca Cola,Beverages,33.63,256,8609.28,0
2025-12-27,SKU_1008,Coca Cola 1L Mini,Coca Cola,Beverages,33.73,293,9882.89,10
2025-12-28,SKU_1008,Coca Cola 1L Mini,Coca Cola,Beverages,33.81,256,8655.36,0
2025-12-29,SKU_1008,Coca Cola 1L Mini,Coca Cola,Beverages,34.97,242,8462.74,0
2025-12-30,SKU_1008,Coca Cola 1L Mini,Coca Cola,Beverages,32.97,259,8539.23,0
2025-12-31,SKU_1008,Coca Cola 1L Mini,Coca Cola,Beverages,35.78,229,8193.62,0
2026-01-01,SKU_1008,Coca Cola 1L Mini,Coca Cola,Beverages,34.97,244,8532.68,0
2026-01-02,SKU_1008,Coca Cola 1L Mini,Coca Cola,Beverages,35.89,240,8613.6,10
2026-01-03,SKU_1008,Coca Cola 1L Mini,Coca Cola,Beverages,36.27,236,8559.72,0
2026-01-04,SKU_1008,Coca Cola 1L Mini,Coca Cola,Beverages,34.12,267,9110.04,5
2026-01-05,SKU_1008,Coca Cola 1L Mini,Coca Cola,Beverages,32.64,245,7996.8,0
2026-01-06,SKU_1008,Coca Cola 1L Mini,Coca Cola,Beverages,33.94,278,9435.32,5
2026-01-07,SKU_1008,Coca Cola 1L Mini,Coca Cola,Beverages,33.42,244,8154.48,0
2026-01-08,SKU_1008,Coca Cola 1L Mini,Coca Cola,Beverages,33.65,245,8244.25,0
2026-01-09,SKU_1008,Coca Cola 1L Mini,Coca Cola,Beverages,35.02,263,9210.26,5
2026-01-10,SKU_1008,Coca Cola 1L Mini,Coca Cola,Beverages,33.94,242,8213.48,0
2026-01-11,SKU_1008,Coca Cola 1L Mini,Coca Cola,Beverages,35.04,273,9565.92,5
2026-01-12,SKU_1008,Coca Cola 1L Mini,Coca Cola,Beverages,33.14,233,7721.62,0
2026-01-13,SKU_1008,Coca Cola 1L Mini,Coca Cola,Beverages,34.57,249,8607.93,0
2026-01-14,SKU_1008,Coca Cola 1L Mini,Coca Cola,Beverages,34.26,251,8599.26,0
2026-01-15,SKU_1008,Coca Cola 1L Mini,Coca Cola,Beverages,34.85,249,8677.65,0
2026-01-16,SKU_1008,Coca Cola 1L Mini,Coca Cola,Beverages,32.59,249,8114.91,0
2026-01-17,SKU_1008,Coca Cola 1L Mini,Coca Cola,Beverages,35.04,256,8970.24,10
2026-01-18,SKU_1008,Coca Cola 1L Mini,Coca Cola,Beverages,33.85,294,9951.9,10
2026-01-19,SKU_1008,Coca Cola 1L Mini,Coca Cola,Beverages,34.81,244,8493.64,0
2026-01-20,SKU_1008,Coca Cola 1L Mini,Coca Cola,Beverages,33.63,246,8272.98,0
2026-01-21,SKU_1008,Coca Cola 1L Mini,Coca Cola,Beverages,34.53,266,9184.98,5
2026-01-22,SKU_1008,Coca Cola 1L Mini,Coca Cola,Beverages,32.8,243,7970.4,0
2026-01-23,SKU_1008,Coca Cola 1L Mini,Coca Cola,Beverages,32.79,245,8033.55,0
2026-01-24,SKU_1008,Coca Cola 1L Mini,Coca Cola,Beverages,36.24,238,8625.12,0
2026-01-25,SKU_1008,Coca Cola 1L Mini,Coca Cola,Beverages,34.89,247,8617.83,0
2026-01-26,SKU_1008,Coca Cola 1L Mini,Coca Cola,Beverages,35.4,243,8602.2,0
2026-01-27,SKU_1008,Coca Cola 1L Mini,Coca Cola,Beverages,35.08,262,9190.96,10
2026-01-28,SKU_1008,Coca Cola 1L Mini,Coca Cola,Beverages,35.48,252,8940.96,0
2026-01-29,SKU_1008,Coca Cola 1L Mini,Coca Cola,Beverages,34.65,300,10395.0,5
2026-01-30,SKU_1008,Coca Cola 1L Mini,Coca Cola,Beverages,33.79,254,8582.66,0
2026-01-31,SKU_1008,Coca Cola 1L Mini,Coca Cola,Beverages,33.48,298,9977.04,5
2026-02-01,SKU_1008,Coca Cola 1L Mini,Coca Cola,Beverages,33.3,249,8291.7,5
2026-02-02,SKU_1008,Coca Cola 1L Mini,Coca Cola,Beverages,32.21,263,8471.23,10
2026-02-03,SKU_1008,Coca Cola 1L Mini,Coca Cola,Beverages,32.11,255,8188.05,5
2026-02-04,SKU_1008,Coca Cola 1L Mini,Coca Cola,Beverages,35.27,248,8746.96,0
2026-02-05,SKU_1008,Coca Cola 1L Mini,Coca Cola,Beverages,35.03,274,9598.22,10
2026-02-06,SKU_1008,Coca Cola 1L Mini,Coca Cola,Beverages,33.02,239,7891.78,0
2026-02-07,SKU_1008,Coca Cola 1L Mini,Coca Cola,Beverages,36.21,253,9161.13,0
2026-02-08,SKU_1008,Coca Cola 1L Mini,Coca Cola,Beverages,33.37,233,7775.21,0
2026-02-09,SKU_1008,Coca Cola 1L Mini,Coca Cola,Beverages,36.19,254,9192.26,0
2026-02-10,SKU_1008,Coca Cola 1L Mini,Coca Cola,Beverages,33.38,269,8979.22,10
2026-02-11,SKU_1008,Coca Cola 1L Mini,Coca Cola,Beverages,33.59,234,7860.06,0
2026-02-12,SKU_1008,Coca Cola 1L Mini,Coca Cola,Beverages,34.12,245,8359.4,0
2026-02-13,SKU_1008,Coca Cola 1L Mini,Coca Cola,Beverages,32.94,241,7938.54,0
2026-02-14,SKU_1008,Coca Cola 1L Mini,Coca Cola,Beverages,33.27,240,7984.8,0
2026-02-15,SKU_1008,Coca Cola 1L Mini,Coca Cola,Beverages,34.63,239,8276.57,0
2026-02-16,SKU_1008,Coca Cola 1L Mini,Coca Cola,Beverages,34.1,275,9377.5,5
2026-02-17,SKU_1008,Coca Cola 1L Mini,Coca Cola,Beverages,34.72,291,10103.52,10
2026-02-18,SKU_1008,Coca Cola 1L Mini,Coca Cola,Beverages,33.86,240,8126.4,0
2026-02-19,SKU_1008,Coca Cola 1L Mini,Coca Cola,Beverages,33.13,252,8348.76,0
2026-02-20,SKU_1008,Coca Cola 1L Mini,Coca Cola,Beverages,34.2,252,8618.4,0
2026-02-21,SKU_1008,Coca Cola 1L Mini,Coca Cola,Beverages,35.2,237,8342.4,0
2026-02-22,SKU_1008,Coca Cola 1L Mini,Coca Cola,Beverages,33.42,245,8187.9,0
2026-02-23,SKU_1008,Coca Cola 1L Mini,Coca Cola,Beverages,35.88,229,8216.52,0
2026-02-24,SKU_1008,Coca Cola 1L Mini,Coca Cola,Beverages,35.42,232,8217.44,0
2026-02-25,SKU_1008,Coca Cola 1L Mini,Coca Cola,Beverages,34.58,250,8645.0,0
2026-02-26,SKU_1008,Coca Cola 1L Mini,Coca Cola,Beverages,32.72,239,7820.08,0
2026-02-27,SKU_1008,Coca Cola 1L Mini,Coca Cola,Beverages,35.72,244,8715.68,0
2026-02-28,SKU_1008,Coca Cola 1L Mini,Coca Cola,Beverages,32.15,259,8326.85,0
2026-03-01,SKU_1008,Coca Cola 1L Mini,Coca Cola,Beverages,32.47,274,8896.78,10
2026-03-02,SKU_1008,Coca Cola 1L Mini,Coca Cola,Beverages,35.39,259,9166.01,10
2026-03-03,SKU_1008,Coca Cola 1L Mini,Coca Cola,Beverages,33.78,238,8039.64,0
2026-03-04,SKU_1008,Coca Cola 1L Mini,Coca Cola,Beverages,35.07,259,9083.13,0
2026-03-05,SKU_1008,Coca Cola 1L Mini,Coca Cola,Beverages,34.57,272,9403.04,10
2026-03-06,SKU_1008,Coca Cola 1L Mini,Coca Cola,Beverages,36.15,266,9615.9,5
2026-03-07,SKU_1008,Coca Cola 1L Mini,Coca Cola,Beverages,36.07,259,9342.13,5
2026-03-08,SKU_1008,Coca Cola 1L Mini,Coca Cola,Beverages,33.98,266,9038.68,10
2026-03-09,SKU_1008,Coca Cola 1L Mini,Coca Cola,Beverages,33.81,262,8858.22,5
2026-03-10,SKU_1008,Coca Cola 1L Mini,Coca Cola,Beverages,35.25,258,9094.5,0
2026-03-11,SKU_1008,Coca Cola 1L Mini,Coca Cola,Beverages,35.23,276,9723.48,10
2026-03-12,SKU_1008,Coca Cola 1L Mini,Coca Cola,Beverages,32.59,260,8473.4,0
2026-03-13,SKU_1008,Coca Cola 1L Mini,Coca Cola,Beverages,33.58,260,8730.8,0
2026-03-14,SKU_1008,Coca Cola 1L Mini,Coca Cola,Beverages,33.56,239,8020.84,0
2026-03-15,SKU_1008,Coca Cola 1L Mini,Coca Cola,Beverages,33.38,238,7944.44,0
2026-03-16,SKU_1008,Coca Cola 1L Mini,Coca Cola,Beverages,32.6,252,8215.2,0
2026-03-17,SKU_1008,Coca Cola 1L Mini,Coca Cola,Beverages,35.68,238,8491.84,0
2026-03-18,SKU_1008,Coca Cola 1L Mini,Coca Cola,Beverages,34.07,295,10050.65,5
2026-03-19,SKU_1008,Coca Cola 1L Mini,Coca Cola,Beverages,33.55,275,9226.25,10
2026-03-20,SKU_1008,Coca Cola 1L Mini,Coca Cola,Beverages,33.71,242,8157.82,0
2026-03-21,SKU_1008,Coca Cola 1L Mini,Coca Cola,Beverages,33.6,239,8030.4,0
2026-03-22,SKU_1008,Coca Cola 1L Mini,Coca Cola,Beverages,35.25,251,8847.75,0
2026-03-23,SKU_1008,Coca Cola 1L Mini,Coca Cola,Beverages,34.15,238,8127.7,0
2026-03-24,SKU_1008,Coca Cola 1L Mini,Coca Cola,Beverages,34.96,292,10208.32,5
2026-03-25,SKU_1008,Coca Cola 1L Mini,Coca Cola,Beverages,33.0,246,8118.0,0
2026-03-26,SKU_1008,Coca Cola 1L Mini,Coca Cola,Beverages,34.68,250,8670.0,0
2026-03-27,SKU_1008,Coca Cola 1L Mini,Coca Cola,Beverages,33.06,235,7769.1,0
2026-03-28,SKU_1008,Coca Cola 1L Mini,Coca Cola,Beverages,33.03,253,8356.59,0
2026-03-29,SKU_1008,Coca Cola 1L Mini,Coca Cola,Beverages,31.97,275,8791.75,5
2026-03-30,SKU_1008,Coca Cola 1L Mini,Coca Cola,Beverages,35.0,245,8575.0,0
2026-03-31,SKU_1008,Coca Cola 1L Mini,Coca Cola,Beverages,34.18,251,8579.18,5
2026-04-01,SKU_1008,Coca Cola 1L Mini,Coca Cola,Beverages,35.54,313,11124.02,0
2026-04-02,SKU_1008,Coca Cola 1L Mini,Coca Cola,Beverages,34.11,355,12109.05,5
2026-04-03,SKU_1008,Coca Cola 1L Mini,Coca Cola,Beverages,33.27,298,9914.46,0
2026-04-04,SKU_1008,Coca Cola 1L Mini,Coca Cola,Beverages,32.4,296,9590.4,0
2026-04-05,SKU_1008,Coca Cola 1L Mini,Coca Cola,Beverages,35.48,284,10076.32,0
2026-04-06,SKU_1008,Coca Cola 1L Mini,Coca Cola,Beverages,35.98,307,11045.86,0
2026-04-07,SKU_1008,Coca Cola 1L Mini,Coca Cola,Beverages,31.95,329,10511.55,5
2026-04-08,SKU_1008,Coca Cola 1L Mini,Coca Cola,Beverages,32.34,345,11157.3,5
2026-04-09,SKU_1008,Coca Cola 1L Mini,Coca Cola,Beverages,33.74,314,10594.36,5
2026-04-10,SKU_1008,Coca Cola 1L Mini,Coca Cola,Beverages,32.69,307,10035.83,0
2026-04-11,SKU_1008,Coca Cola 1L Mini,Coca Cola,Beverages,32.78,314,10292.92,0
2026-04-12,SKU_1008,Coca Cola 1L Mini,Coca Cola,Beverages,33.89,308,10438.12,0
2026-04-13,SKU_1008,Coca Cola 1L Mini,Coca Cola,Beverages,32.8,332,10889.6,0
2026-04-14,SKU_1008,Coca Cola 1L Mini,Coca Cola,Beverages,33.05,321,10609.05,5
2026-04-15,SKU_1008,Coca Cola 1L Mini,Coca Cola,Beverages,34.66,313,10848.58,0
2026-04-16,SKU_1008,Coca Cola 1L Mini,Coca Cola,Beverages,32.27,308,9939.16,0
2026-04-17,SKU_1008,Coca Cola 1L Mini,Coca Cola,Beverages,33.13,326,10800.38,10
2026-04-18,SKU_1008,Coca Cola 1L Mini,Coca Cola,Beverages,34.01,316,10747.16,0
2026-04-19,SKU_1008,Coca Cola 1L Mini,Coca Cola,Beverages,31.96,321,10259.16,0
2026-04-20,SKU_1008,Coca Cola 1L Mini,Coca Cola,Beverages,34.83,324,11284.92,0
2026-04-21,SKU_1008,Coca Cola 1L Mini,Coca Cola,Beverages,32.34,297,9604.98,0
2026-04-22,SKU_1008,Coca Cola 1L Mini,Coca Cola,Beverages,33.56,293,9833.08,0
2026-04-23,SKU_1008,Coca Cola 1L Mini,Coca Cola,Beverages,35.99,311,11192.89,0
2026-04-24,SKU_1008,Coca Cola 1L Mini,Coca Cola,Beverages,34.56,309,10679.04,0
2026-04-25,SKU_1008,Coca Cola 1L Mini,Coca Cola,Beverages,36.29,289,10487.81,0
2026-04-26,SKU_1008,Coca Cola 1L Mini,Coca Cola,Beverages,34.83,288,10031.04,0
2026-04-27,SKU_1008,Coca Cola 1L Mini,Coca Cola,Beverages,36.18,282,10202.76,0
2026-04-28,SKU_1008,Coca Cola 1L Mini,Coca Cola,Beverages,31.93,371,11846.03,5
2026-04-29,SKU_1008,Coca Cola 1L Mini,Coca Cola,Beverages,35.57,288,10244.16,0
2026-04-30,SKU_1008,Coca Cola 1L Mini,Coca Cola,Beverages,34.55,298,10295.9,0
2026-05-01,SKU_1008,Coca Cola 1L Mini,Coca Cola,Beverages,36.07,288,10388.16,0
2026-05-02,SKU_1008,Coca Cola 1L Mini,Coca Cola,Beverages,33.53,332,11131.96,5
2026-05-03,SKU_1008,Coca Cola 1L Mini,Coca Cola,Beverages,33.72,291,9812.52,0
2026-05-04,SKU_1008,Coca Cola 1L Mini,Coca Cola,Beverages,31.99,315,10076.85,0
2026-05-05,SKU_1008,Coca Cola 1L Mini,Coca Cola,Beverages,36.16,300,10848.0,5
2026-05-06,SKU_1008,Coca Cola 1L Mini,Coca Cola,Beverages,34.57,359,12410.63,10
2026-05-07,SKU_1008,Coca Cola 1L Mini,Coca Cola,Beverages,32.28,335,10813.8,5
2026-05-08,SKU_1008,Coca Cola 1L Mini,Coca Cola,Beverages,35.66,323,11518.18,5
2026-05-09,SKU_1008,Coca Cola 1L Mini,Coca Cola,Beverages,34.57,365,12618.05,10
2026-05-10,SKU_1008,Coca Cola 1L Mini,Coca Cola,Beverages,34.42,325,11186.5,10
2026-05-11,SKU_1008,Coca Cola 1L Mini,Coca Cola,Beverages,32.48,314,10198.72,0
2026-05-12,SKU_1008,Coca Cola 1L Mini,Coca Cola,Beverages,35.56,310,11023.6,5
2026-05-13,SKU_1008,Coca Cola 1L Mini,Coca Cola,Beverages,35.84,327,11719.68,5
2026-05-14,SKU_1008,Coca Cola 1L Mini,Coca Cola,Beverages,34.28,314,10763.92,0
2026-05-15,SKU_1008,Coca Cola 1L Mini,Coca Cola,Beverages,35.21,323,11372.83,0
2026-05-16,SKU_1008,Coca Cola 1L Mini,Coca Cola,Beverages,32.38,321,10393.98,0
2026-05-17,SKU_1008,Coca Cola 1L Mini,Coca Cola,Beverages,32.62,354,11547.48,5
2026-05-18,SKU_1008,Coca Cola 1L Mini,Coca Cola,Beverages,33.14,366,12129.24,5
