customer_data/sales_history.csv
date,product_id,product_name,brand,category,selling_price,units_sold,revenue,promotion_discount_pct
2025-11-20,SKU_1009,Coca Cola 1L Regular,Coca Cola,Beverages,51.2,275,14080.0,0
2025-11-21,SKU_1009,Coca Cola 1L Regular,Coca Cola,Beverages,51.36,270,13867.2,5
2025-11-22,SKU_1009,Coca Cola 1L Regular,Coca Cola,Beverages,50.56,280,14156.8,0
2025-11-23,SKU_1009,Coca Cola 1L Regular,Coca Cola,Beverages,51.41,303,15577.23,10
2025-11-24,SKU_1009,Coca Cola 1L Regular,Coca Cola,Beverages,49.62,300,14886.0,5
2025-11-25,SKU_1009,Coca Cola 1L Regular,Coca Cola,Beverages,49.61,326,16172.86,5
2025-11-26,SKU_1009,Coca Cola 1L Regular,Coca Cola,Beverages,47.06,275,12941.5,0
2025-11-27,SKU_1009,Coca Cola 1L Regular,Coca Cola,Beverages,46.15,333,15367.95,10
2025-11-28,SKU_1009,Coca Cola 1L Regular,Coca Cola,Beverages,46.77,296,13843.92,10
2025-11-29,SKU_1009,Coca Cola 1L Regular,Coca Cola,Beverages,46.4,317,14708.8,5
2025-11-30,SKU_1009,Coca Cola 1L Regular,Coca Cola,Beverages,50.2,320,16064.0,10
2025-12-01,SKU_1009,Coca Cola 1L Regular,Coca Cola,Beverages,46.78,267,12490.26,5
2025-12-02,SKU_1009,Coca Cola 1L Regular,Coca Cola,Beverages,50.41,245,12350.45,0
2025-12-03,SKU_1009,Coca Cola 1L Regular,Coca Cola,Beverages,48.84,254,12405.36,0
2025-12-04,SKU_1009,Coca Cola 1L Regular,Coca Cola,Beverages,46.27,288,13325.76,5
2025-12-05,SKU_1009,Coca Cola 1L Regular,Coca Cola,Beverages,46.5,243,11299.5,0
2025-12-06,SKU_1009,Coca Cola 1L Regular,Coca Cola,Beverages,48.72,263,12813.36,10
2025-12-07,SKU_1009,Coca Cola 1L Regular,Coca Cola,Beverages,46.51,239,11115.89,0
2025-12-08,SKU_1009,Coca Cola 1L Regular,Coca Cola,Beverages,49.34,260,12828.4,0
2025-12-09,SKU_1009,Coca Cola 1L Regular,Coca Cola,Beverages,47.31,293,13861.83,10
2025-12-10,SKU_1009,Coca Cola 1L Regular,Coca Cola,Beverages,49.54,245,12137.3,0
2025-12-11,SKU_1009,Coca Cola 1L Regular,Coca Cola,Beverages,49.99,253,12647.47,0
2025-12-12,SKU_1009,Coca Cola 1L Regular,Coca Cola,Beverages,46.55,252,11730.6,0
2025-12-13,SKU_1009,Coca Cola 1L Regular,Coca Cola,Beverages,49.97,247,12342.59,0
2025-12-14,SKU_1009,Coca Cola 1L Regular,Coca Cola,Beverages,50.95,225,11463.75,0
2025-12-15,SKU_1009,Coca Cola 1L Regular,Coca Cola,Beverages,51.74,244,12624.56,0
2025-12-16,SKU_1009,Coca Cola 1L Regular,Coca Cola,Beverages,51.78,226,11702.28,0
2025-12-17,SKU_1009,Coca Cola 1L Regular,Coca Cola,Beverages,48.24,257,12397.68,0
2025-12-18,SKU_1009,Coca Cola 1L Regular,Coca Cola,Beverages,50.33,289,14545.37,10
2025-12-19,SKU_1009,Coca Cola 1L Regular,Coca Cola,Beverages,47.37,256,12126.72,0
2025-12-20,SKU_1009,Coca Cola 1L Regular,Coca Cola,Beverages,49.97,227,11343.19,0
2025-12-21,SKU_1009,Coca Cola 1L Regular,Coca Cola,Beverages,46.42,286,13276.12,10
2025-12-22,SKU_1009,Coca Cola 1L Regular,Coca Cola,Beverages,50.62,231,11693.22,0
2025-12-23,SKU_1009,Coca Cola 1L Regular,Coca Cola,Beverages,48.46,242,11727.32,0
2025-12-24,SKU_1009,Coca Cola 1L Regular,Coca Cola,Beverages,48.36,233,11267.88,0
2025-12-25,SKU_1009,Coca Cola 1L Regular,Coca Cola,Beverages,46.91,264,12384.24,0
2025-12-26,SKU_1009,Coca Cola 1L Regular,Coca Cola,Beverages,50.19,259,12999.21,10
2025-12-27,SKU_1009,Coca Cola 1L Regular,Coca Cola,Beverages,49.83,235,11710.05,0
2025-12-28,SKU_1009,Coca Cola 1L Regular,Coca Cola,Beverages,47.95,244,11699.8,0
2025-12-29,SKU_1009,Coca Cola 1L Regular,Coca Cola,Beverages,51.38,256,13153.28,5
2025-12-30,SKU_1009,Coca Cola 1L Regular,Coca Cola,Beverages,51.5,278,14317.0,10
2025-12-31,SKU_1009,Coca Cola 1L Regular,Coca Cola,Beverages,47.71,248,11832.08,0
2026-01-01,SKU_1009,Coca Cola 1L Regular,Coca Cola,Beverages,49.51,257,12724.07,0
2026-01-02,SKU_1009,Coca Cola 1L Regular,Coca Cola,Beverages,46.34,251,11631.34,0
2026-01-03,SKU_1009,Coca Cola 1L Regular,Coca Cola,Beverages,49.89,297,14817.33,5
2026-01-04,SKU_1009,Coca Cola 1L Regular,Coca Cola,Beverages,49.92,252,12579.84,0
2026-01-05,SKU_1009,Coca Cola 1L Regular,Coca Cola,Beverages,50.45,250,12612.5,5
2026-01-06,SKU_1009,Coca Cola 1L Regular,Coca Cola,Beverages,49.55,257,12734.35,0
2026-01-07,SKU_1009,Coca Cola 1L Regular,Coca Cola,Beverages,46.35,269,12468.15,5
2026-01-08,SKU_1009,Coca Cola 1L Regular,Coca Cola,Beverages,49.77,252,12542.04,0
2026-01-09,SKU_1009,Coca Cola 1L Regular,Coca Cola,Beverages,49.26,259,12758.34,5
2026-01-10,SKU_1009,Coca Cola 1L Regular,Coca Cola,Beverages,49.93,273,13630.89,10
2026-01-11,SKU_1009,Coca Cola 1L Regular,Coca Cola,Beverages,48.0,282,13536.0,5
2026-01-12,SKU_1009,Coca Cola 1L Regular,Coca Cola,Beverages,49.17,255,12538.35,0
2026-01-13,SKU_1009,Coca Cola 1L Regular,Coca Cola,Beverages,50.05,268,13413.4,10
2026-01-14,SKU_1009,Coca Cola 1L Regular,Coca Cola,Beverages,48.13,270,12995.1,5
2026-01-15,SKU_1009,Coca Cola 1L Regular,Coca Cola,Beverages,50.7,252,12776.4,10
2026-01-16,SKU_1009,Coca Cola 1L Regular,Coca Cola,Beverages,46.0,285,13110.0,10
2026-01-17,SKU_1009,Coca Cola 1L Regular,Coca Cola,Beverages,50.71,229,11612.59,0
2026-01-18,SKU_1009,Coca Cola 1L Regular,Coca Cola,Beverages,51.63,241,12442.83,0
2026-01-19,SKU_1009,Coca Cola 1L Regular,Coca Cola,Beverages,50.98,234,11929.32,0
2026-01-20,SKU_1009,Coca Cola 1L Regular,Coca Cola,Beverages,49.06,260,12755.6,0
2026-01-21,SKU_1009,Coca Cola 1L Regular,Coca Cola,Beverages,45.84,258,11826.72,0
2026-01-22,SKU_1009,Coca Cola 1L Regular,Coca Cola,Beverages,46.15,262,12091.3,0
2026-01-23,SKU_1009,Coca Cola 1L Regular,Coca Cola,Beverages,46.13,239,11025.07,0
2026-01-24,SKU_1009,Coca Cola 1L Regular,Coca Cola,Beverages,47.87,307,14696.09,5
2026-01-25,SKU_1009,Coca Cola 1L Regular,Coca Cola,Beverages,49.71,257,12775.47,0
2026-01-26,SKU_1009,Coca Cola 1L Regular,Coca Cola,Beverages,51.5,238,12257.0,0
2026-01-27,SKU_1009,Coca Cola 1L Regular,Coca Cola,Beverages,49.71,275,13670.25,10
2026-01-28,SKU_1009,Coca Cola 1L Regular,Coca Cola,Beverages,49.94,250,12485.0,0
2026-01-29,SKU_1009,Coca Cola 1L Regular,Coca Cola,Beverages,49.38,232,11456.16,0
2026-01-30,SKU_1009,Coca Cola 1L Regular,Coca Cola,Beverages,49.73,244,12134.12,0
2026-01-31,SKU_1009,Coca Cola 1L Regular,Coca Cola,Beverages,46.77,246,11505.42,0
2026-02-01,SKU_1009,Coca Cola 1L Regular,Coca Cola,Beverages,51.57,226,11654.82,0
2026-02-02,SKU_1009,Coca Cola 1L Regular,Coca Cola,Beverages,49.29,265,13061.85,10
2026-02-03,SKU_1009,Coca Cola 1L Regular,Coca Cola,Beverages,46.06,268,12344.08,5
2026-02-04,SKU_1009,Coca Cola 1L Regular,Coca Cola,Beverages,51.24,224,11477.76,0
2026-02-05,SKU_1009,Coca Cola 1L Regular,Coca Cola,Beverages,51.5,226,11639.0,0
2026-02-06,SKU_1009,Coca Cola 1L Regular,Coca Cola,Beverages,48.94,260,12724.4,0
2026-02-07,SKU_1009,Coca Cola 1L Regular,Coca Cola,Beverages,51.81,238,12330.78,0
2026-02-08,SKU_1009,Coca Cola 1L Regular,Coca Cola,Beverages,50.06,292,14617.52,10
2026-02-09,SKU_1009,Coca Cola 1L Regular,Coca Cola,Beverages,46.62,249,11608.38,0
2026-02-10,SKU_1009,Coca Cola 1L Regular,Coca Cola,Beverages,51.79,231,11963.49,0
2026-02-11,SKU_1009,Coca Cola 1L Regular,Coca Cola,Beverages,51.62,240,12388.8,0
2026-02-12,SKU_1009,Coca Cola 1L Regular,Coca Cola,Beverages,46.38,273,12661.74,10
2026-02-13,SKU_1009,Coca Cola 1L Regular,Coca Cola,Beverages,46.01,239,10996.39,0
2026-02-14,SKU_1009,Coca Cola 1L Regular,Coca Cola,Beverages,51.27,242,12407.34,0
2026-02-15,SKU_1009,Coca Cola 1L Regular,Coca Cola,Beverages,51.02,232,11836.64,0
2026-02-16,SKU_1009,Coca Cola 1L Regular,Coca Cola,Beverages,46.21,257,11875.97,0
2026-02-17,SKU_1009,Coca Cola 1L Regular,Coca Cola,Beverages,47.96,252,12085.92,0
2026-02-18,SKU_1009,Coca Cola 1L Regular,Coca Cola,Beverages,46.7,239,11161.3,0
2026-02-19,SKU_1009,Coca Cola 1L Regular,Coca Cola,Beverages,49.27,229,11282.83,0
2026-02-20,SKU_1009,Coca Cola 1L Regular,Coca Cola,Beverages,48.9,253,12371.7,0
2026-02-21,SKU_1009,Coca Cola 1L Regular,Coca Cola,Beverages,49.04,243,11916.72,0
2026-02-22,SKU_1009,Coca Cola 1L Regular,Coca Cola,Beverages,46.67,252,11760.84,5
2026-02-23,SKU_1009,Coca Cola 1L Regular,Coca Cola,Beverages,47.75,296,14134.0,10
2026-02-24,SKU_1009,Coca Cola 1L Regular,Coca Cola,Beverages,49.31,258,12721.98,5
2026-02-25,SKU_1009,Coca Cola 1L Regular,Coca Cola,Beverages,46.4,293,13595.2,10
2026-02-26,SKU_1009,Coca Cola 1L Regular,Coca Cola,Beverages,46.57,299,13924.43,5
2026-02-27,SKU_1009,Coca Cola 1L Regular,Coca Cola,Beverages,50.19,235,11794.65,0
2026-02-28,SKU_1009,Coca Cola 1L Regular,Coca Cola,Beverages,50.01,256,12802.56,10
2026-03-01,SKU_1009,Coca Cola 1L Regular,Coca Cola,Beverages,50.01,231,11552.31,0
2026-03-02,SKU_1009,Coca Cola 1L Regular,Coca Cola,Beverages,50.58,234,11835.72,0
2026-03-03,SKU_1009,Coca Cola 1L Regular,Coca Cola,Beverages,51.54,225,11596.5,0
2026-03-04,SKU_1009,Coca Cola 1L Regular,Coca Cola,Beverages,47.5,255,12112.5,0
2026-03-05,SKU_1009,Coca Cola 1L Regular,Coca Cola,Beverages,48.14,232,11168.48,0
2026-03-06,SKU_1009,Coca Cola 1L Regular,Coca Cola,Beverages,49.56,244,12092.64,0
2026-03-07,SKU_1009,Coca Cola 1L Regular,Coca Cola,Beverages,51.5,255,13132.5,0
2026-03-08,SKU_1009,Coca Cola 1L Regular,Coca Cola,Beverages,46.13,302,13931.26,5
2026-03-09,SKU_1009,Coca Cola 1L Regular,Coca Cola,Beverages,51.06,275,14041.5,5
2026-03-10,SKU_1009,Coca Cola 1L Regular,Coca Cola,Beverages,48.77,266,12972.82,5
2026-03-11,SKU_1009,Coca Cola 1L Regular,Coca Cola,Beverages,48.81,285,13910.85,10
2026-03-12,SKU_1009,Coca Cola 1L Regular,Coca Cola,Beverages,46.38,251,11641.38,0
2026-03-13,SKU_1009,Coca Cola 1L Regular,Coca Cola,Beverages,51.28,271,13896.88,5
2026-03-14,SKU_1009,Coca Cola 1L Regular,Coca Cola,Beverages,48.93,266,13015.38,10
2026-03-15,SKU_1009,Coca Cola 1L Regular,Coca Cola,Beverages,49.4,256,12646.4,0
2026-03-16,SKU_1009,Coca Cola 1L Regular,Coca Cola,Beverages,49.81,282,14046.42,10
2026-03-17,SKU_1009,Coca Cola 1L Regular,Coca Cola,Beverages,47.0,239,11233.0,0
2026-03-18,SKU_1009,Coca Cola 1L Regular,Coca Cola,Beverages,48.81,267,13032.27,5
2026-03-19,SKU_1009,Coca Cola 1L Regular,Coca Cola,Beverages,47.97,245,11752.65,0
2026-03-20,SKU_1009,Coca Cola 1L Regular,Coca Cola,Beverages,47.71,302,14408.42,10
2026-03-21,SKU_1009,Coca Cola 1L Regular,Coca Cola,Beverages,50.38,251,12645.38,0
2026-03-22,SKU_1009,Coca Cola 1L Regular,Coca Cola,Beverages,48.61,254,12346.94,0
2026-03-23,SKU_1009,Coca Cola 1L Regular,Coca Cola,Beverages,50.21,225,11297.25,0
2026-03-24,SKU_1009,Coca Cola 1L Regular,Coca Cola,Beverages,51.36,274,14072.64,10
2026-03-25,SKU_1009,Coca Cola 1L Regular,Coca Cola,Beverages,51.17,277,14174.09,10
2026-03-26,SKU_1009,Coca Cola 1L Regular,Coca Cola,Beverages,48.65,255,12405.75,10
2026-03-27,SKU_1009,Coca Cola 1L Regular,Coca Cola,Beverages,47.65,240,11436.0,0
2026-03-28,SKU_1009,Coca Cola 1L Regular,Coca Cola,Beverages,47.78,281,13426.18,5
2026-03-29,SKU_1009,Coca Cola 1L Regular,Coca Cola,Beverages,45.66,241,11004.06,0
2026-03-30,SKU_1009,Coca Cola 1L Regular,Coca Cola,Beverages,46.13,253,11670.89,0
2026-03-31,SKU_1009,Coca Cola 1L Regular,Coca Cola,Beverages,48.16,237,11413.92,0
2026-04-01,SKU_1009,Coca Cola 1L Regular,Coca Cola,Beverages,46.57,293,13645.01,0
2026-04-02,SKU_1009,Coca Cola 1L Regular,Coca Cola,Beverages,48.54,297,14416.38,0
2026-04-03,SKU_1009,Coca Cola 1L Regular,Coca Cola,Beverages,48.27,328,15832.56,0
2026-04-04,SKU_1009,Coca Cola 1L Regular,Coca Cola,Beverages,46.28,344,15920.32,5
2026-04-05,SKU_1009,Coca Cola 1L Regular,Coca Cola,Beverages,46.47,334,15520.98,0
2026-04-06,SKU_1009,Coca Cola 1L Regular,Coca Cola,Beverages,47.84,309,14782.56,0
2026-04-07,SKU_1009,Coca Cola 1L Regular,Coca Cola,Beverages,46.29,298,13794.42,0
2026-04-08,SKU_1009,Coca Cola 1L Regular,Coca Cola,Beverages,48.06,310,14898.6,0
2026-04-09,SKU_1009,Coca Cola 1L Regular,Coca Cola,Beverages,46.6,356,16589.6,5
2026-04-10,SKU_1009,Coca Cola 1L Regular,Coca Cola,Beverages,49.75,347,17263.25,5
2026-04-11,SKU_1009,Coca Cola 1L Regular,Coca Cola,Beverages,49.03,289,14169.67,0
2026-04-12,SKU_1009,Coca Cola 1L Regular,Coca Cola,Beverages,47.63,339,16146.57,5
2026-04-13,SKU_1009,Coca Cola 1L Regular,Coca Cola,Beverages,50.13,302,15139.26,5
2026-04-14,SKU_1009,Coca Cola 1L Regular,Coca Cola,Beverages,46.28,305,14115.4,0
2026-04-15,SKU_1009,Coca Cola 1L Regular,Coca Cola,Beverages,46.39,324,15030.36,0
2026-04-16,SKU_1009,Coca Cola 1L Regular,Coca Cola,Beverages,50.39,302,15217.78,0
2026-04-17,SKU_1009,Coca Cola 1L Regular,Coca Cola,Beverages,48.28,303,14628.84,0
2026-04-18,SKU_1009,Coca Cola 1L Regular,Coca Cola,Beverages,48.31,317,15314.27,5
2026-04-19,SKU_1009,Coca Cola 1L Regular,Coca Cola,Beverages,50.35,301,15155.35,0
2026-04-20,SKU_1009,Coca Cola 1L Regular,Coca Cola,Beverages,50.15,315,15797.25,0
2026-04-21,SKU_1009,Coca Cola 1L Regular,Coca Cola,Beverages,50.38,315,15869.7,0
2026-04-22,SKU_1009,Coca Cola 1L Regular,Coca Cola,Beverages,49.76,360,17913.6,5
2026-04-23,SKU_1009,Coca Cola 1L Regular,Coca Cola,Beverages,50.48,348,17567.04,10
2026-04-24,SKU_1009,Coca Cola 1L Regular,Coca Cola,Beverages,46.73,339,15841.47,10
2026-04-25,SKU_1009,Coca Cola 1L Regular,Coca Cola,Beverages,49.56,313,15512.28,0
2026-04-26,SKU_1009,Coca Cola 1L Regular,Coca Cola,Beverages,48.1,306,14718.6,0
2026-04-27,SKU_1009,Coca Cola 1L Regular,Coca Cola,Beverages,51.4,306,15728.4,10
2026-04-28,SKU_1009,Coca Cola 1L Regular,Coca Cola,Beverages,46.17,358,16528.86,5
2026-04-29,SKU_1009,Coca Cola 1L Regular,Coca Cola,Beverages,47.51,291,13825.41,0
2026-04-30,SKU_1009,Coca Cola 1L Regular,Coca Cola,Beverages,46.98,328,15409.44,0
2026-05-01,SKU_1009,Coca Cola 1L Regular,Coca Cola,Beverages,48.78,304,14829.12,0
2026-05-02,SKU_1009,Coca Cola 1L Regular,Coca Cola,Beverages,46.29,320,14812.8,0
2026-05-03,SKU_1009,Coca Cola 1L Regular,Coca Cola,Beverages,50.04,310,15512.4,0
2026-05-04,SKU_1009,Coca Cola 1L Regular,Coca Cola,Beverages,46.73,328,15327.44,0
2026-05-05,SKU_1009,Coca Cola 1L Regular,Coca Cola,Beverages,46.92,332,15577.44,10
2026-05-06,SKU_1009,Coca Cola 1L Regular,Coca Cola,Beverages,48.29,337,16273.73,5
2026-05-07,SKU_1009,Coca Cola 1L Regular,Coca Cola,Beverages,47.69,291,13877.79,0
2026-05-08,SKU_1009,Coca Cola 1L Regular,Coca Cola,Beverages,49.86,302,15057.72,0
2026-05-09,SKU_1009,Coca Cola 1L Regular,Coca Cola,Beverages,47.67,296,14110.32,0
2026-05-10,SKU_1009,Coca Cola 1L Regular,Coca Cola,Beverages,50.24,335,16830.4,10
2026-05-11,SKU_1009,Coca Cola 1L Regular,Coca Cola,Beverages,47.09,337,15869.33,10
2026-05-12,SKU_1009,Coca Cola 1L Regular,Coca Cola,Beverages,46.14,335,15456.9,10
2026-05-13,SKU_1009,Coca Cola 1L Regular,Coca Cola,Beverages,45.86,298,13666.28,0
2026-05-14,SKU_1009,Coca Cola 1L Regular,Coca Cola,Beverages,46.8,295,13806.0,0
2026-05-15,SKU_1009,Coca Cola 1L Regular,Coca Cola,Beverages,46.07,324,14926.68,0
2026-05-16,SKU_1009,Coca Cola 1L Regular,Coca Cola,Beverages,47.48,293,13911.64,0
2026-05-17,SKU_1009,Coca Cola 1L Regular,Coca Cola,Beverages,48.93,289,14140.77,0
2026-05-18,SKU_1009,Coca Cola 1L Regular,Coca Cola,Beverages,46.8,292,13665.6,0
