customer_data/sales_history.csv
date,product_id,product_name,brand,category,selling_price,units_sold,revenue,promotion_discount_pct
2025-11-20,SKU_1010,Coca Cola 1L Value,Coca Cola,Beverages,61.4,313,19218.2,10
2025-11-21,SKU_1010,Coca Cola 1L Value,Coca Cola,Beverages,61.42,282,17320.44,0
2025-11-22,SKU_1010,Coca Cola 1L Value,Coca Cola,Beverages,61.54,299,18400.46,5
2025-11-23,SKU_1010,Coca Cola 1L Value,Coca Cola,Beverages,61.69,265,16347.85,0
2025-11-24,SKU_1010,Coca Cola 1L Value,Coca Cola,Beverages,55.97,282,15783.54,0
2025-11-25,SKU_1010,Coca Cola 1L Value,Coca Cola,Beverages,56.89,297,16896.33,0
2025-11-26,SKU_1010,Coca Cola 1L Value,Coca Cola,Beverages,60.67,309,18747.03,5
2025-11-27,SKU_1010,Coca Cola 1L Value,Coca Cola,Beverages,59.85,264,15800.4,0
2025-11-28,SKU_1010,Coca Cola 1L Value,Coca Cola,Beverages,55.96,306,17123.76,5
2025-11-29,SKU_1010,Coca Cola 1L Value,Coca Cola,Beverages,60.56,261,15806.16,0
2025-11-30,SKU_1010,Coca Cola 1L Value,Coca Cola,Beverages,56.27,311,17499.97,10
2025-12-01,SKU_1010,Coca Cola 1L Value,Coca Cola,Beverages,59.15,281,16621.15,10
2025-12-02,SKU_1010,Coca Cola 1L Value,Coca Cola,Beverages,58.49,236,13803.64,0
2025-12-03,SKU_1010,Coca Cola 1L Value,Coca Cola,Beverages,56.99,233,13278.67,0
2025-12-04,SKU_1010,Coca Cola 1L Value,Coca Cola,Beverages,58.85,231,13594.35,0
2025-12-05,SKU_1010,Coca Cola 1L Value,Coca Cola,Beverages,58.72,259,15208.48,0
2025-12-06,SKU_1010,Coca Cola 1L Value,Coca Cola,Beverages,61.77,232,14330.64,0
2025-12-07,SKU_1010,Coca Cola 1L Value,Coca Cola,Beverages,56.75,259,14698.25,0
2025-12-08,SKU_1010,Coca Cola 1L Value,Coca Cola,Beverages,62.13,241,14973.33,0
2025-12-09,SKU_1010,Coca Cola 1L Value,Coca Cola,Beverages,54.73,272,14886.56,10
2025-12-10,SKU_1010,Coca Cola 1L Value,Coca Cola,Beverages,57.15,258,14744.7,10
2025-12-11,SKU_1010,Coca Cola 1L Value,Coca Cola,Beverages,60.13,249,14972.37,10
2025-12-12,SKU_1010,Coca Cola 1L Value,Coca Cola,Beverages,57.15,251,14344.65,0
2025-12-13,SKU_1010,Coca Cola 1L Value,Coca Cola,Beverages,60.89,248,15100.72,0
2025-12-14,SKU_1010,Coca Cola 1L Value,Coca Cola,Beverages,56.04,292,16363.68,10
2025-12-15,SKU_1010,Coca Cola 1L Value,Coca Cola,Beverages,62.05,250,15512.5,10
2025-12-16,SKU_1010,Coca Cola 1L Value,Coca Cola,Beverages,60.13,225,13529.25,0
2025-12-17,SKU_1010,Coca Cola 1L Value,Coca Cola,Beverages,61.23,271,16593.33,10
2025-12-18,SKU_1010,Coca Cola 1L Value,Coca Cola,Beverages,60.84,250,15210.0,0
2025-12-19,SKU_1010,Coca Cola 1L Value,Coca Cola,Beverages,56.25,259,14568.75,5
2025-12-20,SKU_1010,Coca Cola 1L Value,Coca Cola,Beverages,58.06,286,16605.16,5
2025-12-21,SKU_1010,Coca Cola 1L Value,Coca Cola,Beverages,55.83,271,15129.93,5
2025-12-22,SKU_1010,Coca Cola 1L Value,Coca Cola,Beverages,58.16,248,14423.68,0
2025-12-23,SKU_1010,Coca Cola 1L Value,Coca Cola,Beverages,56.13,259,14537.67,0
2025-12-24,SKU_1010,Coca Cola 1L Value,Coca Cola,Beverages,59.57,253,15071.21,0
2025-12-25,SKU_1010,Coca Cola 1L Value,Coca Cola,Beverages,61.35,258,15828.3,10
2025-12-26,SKU_1010,Coca Cola 1L Value,Coca Cola,Beverages,55.24,238,13147.12,0
2025-12-27,SKU_1010,Coca Cola 1L Value,Coca Cola,Beverages,58.13,254,14765.02,5
2025-12-28,SKU_1010,Coca Cola 1L Value,Coca Cola,Beverages,60.14,256,15395.84,0
2025-12-29,SKU_1010,Coca Cola 1L Value,Coca Cola,Beverages,59.24,234,13862.16,0
2025-12-30,SKU_1010,Coca Cola 1L Value,Coca Cola,Beverages,55.54,247,13718.38,0
2025-12-31,SKU_1010,Coca Cola 1L Value,Coca Cola,Beverages,55.71,251,13983.21,0
2026-01-01,SKU_1010,Coca Cola 1L Value,Coca Cola,Beverages,55.79,250,13947.5,0
2026-01-02,SKU_1010,Coca Cola 1L Value,Coca Cola,Beverages,60.65,246,14919.9,0
2026-01-03,SKU_1010,Coca Cola 1L Value,Coca Cola,Beverages,58.78,257,15106.46,0
2026-01-04,SKU_1010,Coca Cola 1L Value,Coca Cola,Beverages,56.23,283,15913.09,10
2026-01-05,SKU_1010,Coca Cola 1L Value,Coca Cola,Beverages,58.05,234,13583.7,0
2026-01-06,SKU_1010,Coca Cola 1L Value,Coca Cola,Beverages,58.31,270,15743.7,10
2026-01-07,SKU_1010,Coca Cola 1L Value,Coca Cola,Beverages,56.72,263,14917.36,0
2026-01-08,SKU_1010,Coca Cola 1L Value,Coca Cola,Beverages,60.9,245,14920.5,0
2026-01-09,SKU_1010,Coca Cola 1L Value,Coca Cola,Beverages,55.49,261,14482.89,5
2026-01-10,SKU_1010,Coca Cola 1L Value,Coca Cola,Beverages,54.73,264,14448.72,0
2026-01-11,SKU_1010,Coca Cola 1L Value,Coca Cola,Beverages,57.92,258,14943.36,0
2026-01-12,SKU_1010,Coca Cola 1L Value,Coca Cola,Beverages,56.41,299,16866.59,5
2026-01-13,SKU_1010,Coca Cola 1L Value,Coca Cola,Beverages,61.34,248,15212.32,0
2026-01-14,SKU_1010,Coca Cola 1L Value,Coca Cola,Beverages,58.4,236,13782.4,0
2026-01-15,SKU_1010,Coca Cola 1L Value,Coca Cola,Beverages,55.48,263,14591.24,0
2026-01-16,SKU_1010,Coca Cola 1L Value,Coca Cola,Beverages,55.29,251,13877.79,0
2026-01-17,SKU_1010,Coca Cola 1L Value,Coca Cola,Beverages,61.63,245,15099.35,0
2026-01-18,SKU_1010,Coca Cola 1L Value,Coca Cola,Beverages,59.25,275,16293.75,10
2026-01-19,SKU_1010,Coca Cola 1L Value,Coca Cola,Beverages,59.21,251,14861.71,0
2026-01-20,SKU_1010,Coca Cola 1L Value,Coca Cola,Beverages,61.41,283,17379.03,10
2026-01-21,SKU_1010,Coca Cola 1L Value,Coca Cola,Beverages,56.87,239,13591.93,0
2026-01-22,SKU_1010,Coca Cola 1L Value,Coca Cola,Beverages,61.58,238,14656.04,0
2026-01-23,SKU_1010,Coca Cola 1L Value,Coca Cola,Beverages,60.79,253,15379.87,0
2026-01-24,SKU_1010,Coca Cola 1L Value,Coca Cola,Beverages,60.63,251,15218.13,0
2026-01-25,SKU_1010,Coca Cola 1L Value,Coca Cola,Beverages,60.54,226,13682.04,0
2026-01-26,SKU_1010,Coca Cola 1L Value,Coca Cola,Beverages,57.64,274,15793.36,5
2026-01-27,SKU_1010,Coca Cola 1L Value,Coca Cola,Beverages,55.22,241,13308.02,0
2026-01-28,SKU_1010,Coca Cola 1L Value,Coca Cola,Beverages,55.8,258,14396.4,0
2026-01-29,SKU_1010,Coca Cola 1L Value,Coca Cola,Beverages,56.08,262,14692.96,0
2026-01-30,SKU_1010,Coca Cola 1L Value,Coca Cola,Beverages,58.42,267,15598.14,5
2026-01-31,SKU_1010,Coca Cola 1L Value,Coca Cola,Beverages,60.66,240,14558.4,0
2026-02-01,SKU_1010,Coca Cola 1L Value,Coca Cola,Beverages,57.59,290,16701.1,10
2026-02-02,SKU_1010,Coca Cola 1L Value,Coca Cola,Beverages,58.41,253,14777.73,0
2026-02-03,SKU_1010,Coca Cola 1L Value,Coca Cola,Beverages,57.6,278,16012.8,5
2026-02-04,SKU_1010,Coca Cola 1L Value,Coca Cola,Beverages,59.05,246,14526.3,0
2026-02-05,SKU_1010,Coca Cola 1L Value,Coca Cola,Beverages,59.98,242,14515.16,0
2026-02-06,SKU_1010,Coca Cola 1L Value,Coca Cola,Beverages,56.24,244,13722.56,0
2026-02-07,SKU_1010,Coca Cola 1L Value,Coca Cola,Beverages,58.9,245,14430.5,0
2026-02-08,SKU_1010,Coca Cola 1L Value,Coca Cola,Beverages,55.17,258,14233.86,0
2026-02-09,SKU_1010,Coca Cola 1L Value,Coca Cola,Beverages,56.93,307,17477.51,10
2026-02-10,SKU_1010,Coca Cola 1L Value,Coca Cola,Beverages,61.56,243,14959.08,0
2026-02-11,SKU_1010,Coca Cola 1L Value,Coca Cola,Beverages,55.14,261,14391.54,0
2026-02-12,SKU_1010,Coca Cola 1L Value,Coca Cola,Beverages,57.55,259,14905.45,5
2026-02-13,SKU_1010,Coca Cola 1L Value,Coca Cola,Beverages,55.12,264,14551.68,10
2026-02-14,SKU_1010,Coca Cola 1L Value,Coca Cola,Beverages,58.29,229,13348.41,0
2026-02-15,SKU_1010,Coca Cola 1L Value,Coca Cola,Beverages,54.95,245,13462.75,0
2026-02-16,SKU_1010,Coca Cola 1L Value,Coca Cola,Beverages,56.55,272,15381.6,5
2026-02-17,SKU_1010,Coca Cola 1L Value,Coca Cola,Beverages,60.45,255,15414.75,0
2026-02-18,SKU_1010,Coca Cola 1L Value,Coca Cola,Beverages,60.32,227,13692.64,0
2026-02-19,SKU_1010,Coca Cola 1L Value,Coca Cola,Beverages,58.24,281,16365.44,5
2026-02-20,SKU_1010,Coca Cola 1L Value,Coca Cola,Beverages,59.55,254,15125.7,0
2026-02-21,SKU_1010,Coca Cola 1L Value,Coca Cola,Beverages,55.89,242,13525.38,0
2026-02-22,SKU_1010,Coca Cola 1L Value,Coca Cola,Beverages,59.24,246,14573.04,0
2026-02-23,SKU_1010,Coca Cola 1L Value,Coca Cola,Beverages,54.8,295,16166.0,5
2026-02-24,SKU_1010,Coca Cola 1L Value,Coca Cola,Beverages,60.05,275,16513.75,10
2026-02-25,SKU_1010,Coca Cola 1L Value,Coca Cola,Beverages,57.01,238,13568.38,0
2026-02-26,SKU_1010,Coca Cola 1L Value,Coca Cola,Beverages,56.76,288,16346.88,5
2026-02-27,SKU_1010,Coca Cola 1L Value,Coca Cola,Beverages,55.66,273,15195.18,10
2026-02-28,SKU_1010,Coca Cola 1L Value,Coca Cola,Beverages,56.36,284,16006.24,10
2026-03-01,SKU_1010,Coca Cola 1L Value,Coca Cola,Beverages,61.02,247,15071.94,5
2026-03-02,SKU_1010,Coca Cola 1L Value,Coca Cola,Beverages,57.07,275,15694.25,5
2026-03-03,SKU_1010,Coca Cola 1L Value,Coca Cola,Beverages,55.13,254,14003.02,5
2026-03-04,SKU_1010,Coca Cola 1L Value,Coca Cola,Beverages,56.74,257,14582.18,0
2026-03-05,SKU_1010,Coca Cola 1L Value,Coca Cola,Beverages,59.24,232,13743.68,0
2026-03-06,SKU_1010,Coca Cola 1L Value,Coca Cola,Beverages,56.51,264,14918.64,0
2026-03-07,SKU_1010,Coca Cola 1L Value,Coca Cola,Beverages,55.21,249,13747.29,0
2026-03-08,SKU_1010,Coca Cola 1L Value,Coca Cola,Beverages,56.13,244,13695.72,0
2026-03-09,SKU_1010,Coca Cola 1L Value,Coca Cola,Beverages,56.52,267,15090.84,10
2026-03-10,SKU_1010,Coca Cola 1L Value,Coca Cola,Beverages,55.06,261,14370.66,5
2026-03-11,SKU_1010,Coca Cola 1L Value,Coca Cola,Beverages,55.08,265,14596.2,0
2026-03-12,SKU_1010,Coca Cola 1L Value,Coca Cola,Beverages,54.78,270,14790.6,0
2026-03-13,SKU_1010,Coca Cola 1L Value,Coca Cola,Beverages,61.9,232,14360.8,0
2026-03-14,SKU_1010,Coca Cola 1L Value,Coca Cola,Beverages,60.35,237,14302.95,0
2026-03-15,SKU_1010,Coca Cola 1L Value,Coca Cola,Beverages,59.98,294,17634.12,5
2026-03-16,SKU_1010,Coca Cola 1L Value,Coca Cola,Beverages,60.27,254,15308.58,0
2026-03-17,SKU_1010,Coca Cola 1L Value,Coca Cola,Beverages,54.9,290,15921.0,5
2026-03-18,SKU_1010,Coca Cola 1L Value,Coca Cola,Beverages,61.23,237,14511.51,0
2026-03-19,SKU_1010,Coca Cola 1L Value,Coca Cola,Beverages,55.85,248,13850.8,0
2026-03-20,SKU_1010,Coca Cola 1L Value,Coca Cola,Beverages,61.85,245,15153.25,0
2026-03-21,SKU_1010,Coca Cola 1L Value,Coca Cola,Beverages,60.77,223,13551.71,0
2026-03-22,SKU_1010,Coca Cola 1L Value,Coca Cola,Beverages,62.16,273,16969.68,10
2026-03-23,SKU_1010,Coca Cola 1L Value,Coca Cola,Beverages,58.64,278,16301.92,5
2026-03-24,SKU_1010,Coca Cola 1L Value,Coca Cola,Beverages,55.7,304,16932.8,10
2026-03-25,SKU_1010,Coca Cola 1L Value,Coca Cola,Beverages,61.76,245,15131.2,5
2026-03-26,SKU_1010,Coca Cola 1L Value,Coca Cola,Beverages,56.28,254,14295.12,0
2026-03-27,SKU_1010,Coca Cola 1L Value,Coca Cola,Beverages,61.89,249,15410.61,5
2026-03-28,SKU_1010,Coca Cola 1L Value,Coca Cola,Beverages,60.75,245,14883.75,0
2026-03-29,SKU_1010,Coca Cola 1L Value,Coca Cola,Beverages,58.82,229,13469.78,0
2026-03-30,SKU_1010,Coca Cola 1L Value,Coca Cola,Beverages,58.46,248,14498.08,0
2026-03-31,SKU_1010,Coca Cola 1L Value,Coca Cola,Beverages,61.71,240,14810.4,0
2026-04-01,SKU_1010,Coca Cola 1L Value,Coca Cola,Beverages,59.04,307,18125.28,0
2026-04-02,SKU_1010,Coca Cola 1L Value,Coca Cola,Beverages,56.06,319,17883.14,0
2026-04-03,SKU_1010,Coca Cola 1L Value,Coca Cola,Beverages,62.1,332,20617.2,5
2026-04-04,SKU_1010,Coca Cola 1L Value,Coca Cola,Beverages,61.64,334,20587.76,10
2026-04-05,SKU_1010,Coca Cola 1L Value,Coca Cola,Beverages,55.02,334,18376.68,5
2026-04-06,SKU_1010,Coca Cola 1L Value,Coca Cola,Beverages,61.14,308,18831.12,0
2026-04-07,SKU_1010,Coca Cola 1L Value,Coca Cola,Beverages,58.02,352,20423.04,10
2026-04-08,SKU_1010,Coca Cola 1L Value,Coca Cola,Beverages,57.07,321,18319.47,5
2026-04-09,SKU_1010,Coca Cola 1L Value,Coca Cola,Beverages,58.09,289,16788.01,0
2026-04-10,SKU_1010,Coca Cola 1L Value,Coca Cola,Beverages,59.37,296,17573.52,0
2026-04-11,SKU_1010,Coca Cola 1L Value,Coca Cola,Beverages,59.96,313,18767.48,0
2026-04-12,SKU_1010,Coca Cola 1L Value,Coca Cola,Beverages,61.11,308,18821.88,0
2026-04-13,SKU_1010,Coca Cola 1L Value,Coca Cola,Beverages,58.99,315,18581.85,0
2026-04-14,SKU_1010,Coca Cola 1L Value,Coca Cola,Beverages,57.63,309,17807.67,0
2026-04-15,SKU_1010,Coca Cola 1L Value,Coca Cola,Beverages,57.33,349,20008.17,10
2026-04-16,SKU_1010,Coca Cola 1L Value,Coca Cola,Beverages,60.85,287,17463.95,0
2026-04-17,SKU_1010,Coca Cola 1L Value,Coca Cola,Beverages,60.2,329,19805.8,5
2026-04-18,SKU_1010,Coca Cola 1L Value,Coca Cola,Beverages,57.96,306,17735.76,0
2026-04-19,SKU_1010,Coca Cola 1L Value,Coca Cola,Beverages,57.1,310,17701.0,5
2026-04-20,SKU_1010,Coca Cola 1L Value,Coca Cola,Beverages,59.98,290,17394.2,0
2026-04-21,SKU_1010,Coca Cola 1L Value,Coca Cola,Beverages,58.12,327,19005.24,5
2026-04-22,SKU_1010,Coca Cola 1L Value,Coca Cola,Beverages,59.51,313,18626.63,0
2026-04-23,SKU_1010,Coca Cola 1L Value,Coca Cola,Beverages,62.12,311,19319.32,0
2026-04-24,SKU_1010,Coca Cola 1L Value,Coca Cola,Beverages,61.73,344,21235.12,5
2026-04-25,SKU_1010,Coca Cola 1L Value,Coca Cola,Beverages,56.32,318,17909.76,0
2026-04-26,SKU_1010,Coca Cola 1L Value,Coca Cola,Beverages,61.85,291,17998.35,0
2026-04-27,SKU_1010,Coca Cola 1L Value,Coca Cola,Beverages,56.61,317,17945.37,0
2026-04-28,SKU_1010,Coca Cola 1L Value,Coca Cola,Beverages,55.24,328,18118.72,0
2026-04-29,SKU_1010,Coca Cola 1L Value,Coca Cola,Beverages,61.26,311,19051.86,5
2026-04-30,SKU_1010,Coca Cola 1L Value,Coca Cola,Beverages,56.32,310,17459.2,0
2026-05-01,SKU_1010,Coca Cola 1L Value,Coca Cola,Beverages,60.94,339,20658.66,5
2026-05-02,SKU_1010,Coca Cola 1L Value,Coca Cola,Beverages,61.93,292,18083.56,0
2026-05-03,SKU_1010,Coca Cola 1L Value,Coca Cola,Beverages,57.34,343,19667.62,5
2026-05-04,SKU_1010,Coca Cola 1L Value,Coca Cola,Beverages,59.88,331,19820.28,5
2026-05-05,SKU_1010,Coca Cola 1L Value,Coca Cola,Beverages,61.55,283,17418.65,0
2026-05-06,SKU_1010,Coca Cola 1L Value,Coca Cola,Beverages,58.92,298,17558.16,0
2026-05-07,SKU_1010,Coca Cola 1L Value,Coca Cola,Beverages,55.3,326,18027.8,10
2026-05-08,SKU_1010,Coca Cola 1L Value,Coca Cola,Beverages,57.14,291,16627.74,0
2026-05-09,SKU_1010,Coca Cola 1L Value,Coca Cola,Beverages,54.83,299,16394.17,0
2026-05-10,SKU_1010,Coca Cola 1L Value,Coca Cola,Beverages,58.46,341,19934.86,5
2026-05-11,SKU_1010,Coca Cola 1L Value,Coca Cola,Beverages,58.62,341,19989.42,5
2026-05-12,SKU_1010,Coca Cola 1L Value,Coca Cola,Beverages,60.95,335,20418.25,5
2026-05-13,SKU_1010,Coca Cola 1L Value,Coca Cola,Beverages,61.98,290,17974.2,0
2026-05-14,SKU_1010,Coca Cola 1L Value,Coca Cola,Beverages,60.3,360,21708.0,10
2026-05-15,SKU_1010,Coca Cola 1L Value,Coca Cola,Beverages,55.96,304,17011.84,0
2026-05-16,SKU_1010,Coca Cola 1L Value,Coca Cola,Beverages,56.29,353,19870.37,10
2026-05-17,SKU_1010,Coca Cola 1L Value,Coca Cola,Beverages,54.83,335,18368.05,0
2026-05-18,SKU_1010,Coca Cola 1L Value,Coca Cola,Beverages,56.98,325,18518.5,0
