customer_data/sales_history.csv
date,product_id,product_name,brand,category,selling_price,units_sold,revenue,promotion_discount_pct
2025-11-20,SKU_1011,Coca Cola 1L Family,Coca Cola,Beverages,74.95,288,21585.6,5
2025-11-21,SKU_1011,Coca Cola 1L Family,Coca Cola,Beverages,72.24,322,23261.28,10
2025-11-22,SKU_1011,Coca Cola 1L Family,Coca Cola,Beverages,73.3,279,20450.7,0
2025-11-23,SKU_1011,Coca Cola 1L Family,Coca Cola,Beverages,77.07,269,20731.83,0
2025-11-24,SKU_1011,Coca Cola 1L Family,Coca Cola,Beverages,70.06,301,21088.06,10
2025-11-25,SKU_1011,Coca Cola 1L Family,Coca Cola,Beverages,71.97,301,21662.97,5
2025-11-26,SKU_1011,Coca Cola 1L Family,Coca Cola,Beverages,71.05,296,21030.8,0
2025-11-27,SKU_1011,Coca Cola 1L Family,Coca Cola,Beverages,77.72,264,20518.08,0
2025-11-28,SKU_1011,Coca Cola 1L Family,Coca Cola,Beverages,69.24,301,20841.24,5
2025-11-29,SKU_1011,Coca Cola 1L Family,Coca Cola,Beverages,73.05,304,22207.2,10
2025-11-30,SKU_1011,Coca Cola 1L Family,Coca Cola,Beverages,74.33,287,21332.71,0
2025-12-01,SKU_1011,Coca Cola 1L Family,Coca Cola,Beverages,74.65,228,17020.2,0
2025-12-02,SKU_1011,Coca Cola 1L Family,Coca Cola,Beverages,70.49,269,18961.81,5
2025-12-03,SKU_1011,Coca Cola 1L Family,Coca Cola,Beverages,70.23,239,16784.97,0
2025-12-04,SKU_1011,Coca Cola 1L Family,Coca Cola,Beverages,71.68,283,20285.44,5
2025-12-05,SKU_1011,Coca Cola 1L Family,Coca Cola,Beverages,76.9,249,19148.1,5
2025-12-06,SKU_1011,Coca Cola 1L Family,Coca Cola,Beverages,77.19,269,20764.11,10
2025-12-07,SKU_1011,Coca Cola 1L Family,Coca Cola,Beverages,70.9,235,16661.5,0
2025-12-08,SKU_1011,Coca Cola 1L Family,Coca Cola,Beverages,76.25,253,19291.25,5
2025-12-09,SKU_1011,Coca Cola 1L Family,Coca Cola,Beverages,70.66,256,18088.96,5
2025-12-10,SKU_1011,Coca Cola 1L Family,Coca Cola,Beverages,68.55,245,16794.75,0
2025-12-11,SKU_1011,Coca Cola 1L Family,Coca Cola,Beverages,76.27,250,19067.5,10
2025-12-12,SKU_1011,Coca Cola 1L Family,Coca Cola,Beverages,71.54,282,20174.28,5
2025-12-13,SKU_1011,Coca Cola 1L Family,Coca Cola,Beverages,73.6,268,19724.8,10
2025-12-14,SKU_1011,Coca Cola 1L Family,Coca Cola,Beverages,72.08,264,19029.12,10
2025-12-15,SKU_1011,Coca Cola 1L Family,Coca Cola,Beverages,69.61,262,18237.82,0
2025-12-16,SKU_1011,Coca Cola 1L Family,Coca Cola,Beverages,72.17,245,17681.65,0
2025-12-17,SKU_1011,Coca Cola 1L Family,Coca Cola,Beverages,72.49,255,18484.95,0
2025-12-18,SKU_1011,Coca Cola 1L Family,Coca Cola,Beverages,73.12,268,19596.16,5
2025-12-19,SKU_1011,Coca Cola 1L Family,Coca Cola,Beverages,75.53,252,19033.56,10
2025-12-20,SKU_1011,Coca Cola 1L Family,Coca Cola,Beverages,77.28,222,17156.16,0
2025-12-21,SKU_1011,Coca Cola 1L Family,Coca Cola,Beverages,68.64,253,17365.92,10
2025-12-22,SKU_1011,Coca Cola 1L Family,Coca Cola,Beverages,68.66,270,18538.2,0
2025-12-23,SKU_1011,Coca Cola 1L Family,Coca Cola,Beverages,73.75,232,17110.0,0
2025-12-24,SKU_1011,Coca Cola 1L Family,Coca Cola,Beverages,77.6,233,18080.8,0
2025-12-25,SKU_1011,Coca Cola 1L Family,Coca Cola,Beverages,70.15,249,17467.35,0
2025-12-26,SKU_1011,Coca Cola 1L Family,Coca Cola,Beverages,71.18,244,17367.92,0
2025-12-27,SKU_1011,Coca Cola 1L Family,Coca Cola,Beverages,75.2,290,21808.0,5
2025-12-28,SKU_1011,Coca Cola 1L Family,Coca Cola,Beverages,70.84,233,16505.72,0
2025-12-29,SKU_1011,Coca Cola 1L Family,Coca Cola,Beverages,77.15,280,21602.0,10
2025-12-30,SKU_1011,Coca Cola 1L Family,Coca Cola,Beverages,69.37,284,19701.08,10
2025-12-31,SKU_1011,Coca Cola 1L Family,Coca Cola,Beverages,69.4,255,17697.0,0
2026-01-01,SKU_1011,Coca Cola 1L Family,Coca Cola,Beverages,69.27,269,18633.63,0
2026-01-02,SKU_1011,Coca Cola 1L Family,Coca Cola,Beverages,76.94,223,17157.62,0
2026-01-03,SKU_1011,Coca Cola 1L Family,Coca Cola,Beverages,73.0,243,17739.0,0
2026-01-04,SKU_1011,Coca Cola 1L Family,Coca Cola,Beverages,72.95,236,17216.2,0
2026-01-05,SKU_1011,Coca Cola 1L Family,Coca Cola,Beverages,74.83,248,18557.84,0
2026-01-06,SKU_1011,Coca Cola 1L Family,Coca Cola,Beverages,74.33,256,19028.48,0
2026-01-07,SKU_1011,Coca Cola 1L Family,Coca Cola,Beverages,70.08,242,16959.36,0
2026-01-08,SKU_1011,Coca Cola 1L Family,Coca Cola,Beverages,74.57,245,18269.65,0
2026-01-09,SKU_1011,Coca Cola 1L Family,Coca Cola,Beverages,69.5,243,16888.5,0
2026-01-10,SKU_1011,Coca Cola 1L Family,Coca Cola,Beverages,72.93,258,18815.94,10
2026-01-11,SKU_1011,Coca Cola 1L Family,Coca Cola,Beverages,69.88,252,17609.76,0
2026-01-12,SKU_1011,Coca Cola 1L Family,Coca Cola,Beverages,70.21,265,18605.65,0
2026-01-13,SKU_1011,Coca Cola 1L Family,Coca Cola,Beverages,73.25,247,18092.75,0
2026-01-14,SKU_1011,Coca Cola 1L Family,Coca Cola,Beverages,76.51,234,17903.34,0
2026-01-15,SKU_1011,Coca Cola 1L Family,Coca Cola,Beverages,68.68,240,16483.2,0
2026-01-16,SKU_1011,Coca Cola 1L Family,Coca Cola,Beverages,75.21,225,16922.25,0
2026-01-17,SKU_1011,Coca Cola 1L Family,Coca Cola,Beverages,70.96,240,17030.4,0
2026-01-18,SKU_1011,Coca Cola 1L Family,Coca Cola,Beverages,71.66,239,17126.74,0
2026-01-19,SKU_1011,Coca Cola 1L Family,Coca Cola,Beverages,72.77,286,20812.22,5
2026-01-20,SKU_1011,Coca Cola 1L Family,Coca Cola,Beverages,77.26,231,17847.06,0
2026-01-21,SKU_1011,Coca Cola 1L Family,Coca Cola,Beverages,70.02,254,17785.08,0
2026-01-22,SKU_1011,Coca Cola 1L Family,Coca Cola,Beverages,77.4,245,18963.0,10
2026-01-23,SKU_1011,Coca Cola 1L Family,Coca Cola,Beverages,69.95,290,20285.5,5
2026-01-24,SKU_1011,Coca Cola 1L Family,Coca Cola,Beverages,76.66,243,18628.38,0
2026-01-25,SKU_1011,Coca Cola 1L Family,Coca Cola,Beverages,76.04,246,18705.84,10
2026-01-26,SKU_1011,Coca Cola 1L Family,Coca Cola,Beverages,72.42,253,18322.26,0
2026-01-27,SKU_1011,Coca Cola 1L Family,Coca Cola,Beverages,76.8,250,19200.0,5
2026-01-28,SKU_1011,Coca Cola 1L Family,Coca Cola,Beverages,76.73,219,16803.87,0
2026-01-29,SKU_1011,Coca Cola 1L Family,Coca Cola,Beverages,73.89,265,19580.85,10
2026-01-30,SKU_1011,Coca Cola 1L Family,Coca Cola,Beverages,72.13,246,17743.98,0
2026-01-31,SKU_1011,Coca Cola 1L Family,Coca Cola,Beverages,72.42,235,17018.7,0
2026-02-01,SKU_1011,Coca Cola 1L Family,Coca Cola,Beverages,69.08,271,18720.68,0
2026-02-02,SKU_1011,Coca Cola 1L Family,Coca Cola,Beverages,69.76,264,18416.64,0
2026-02-03,SKU_1011,Coca Cola 1L Family,Coca Cola,Beverages,71.38,253,18059.14,0
2026-02-04,SKU_1011,Coca Cola 1L Family,Coca Cola,Beverages,70.4,250,17600.0,0
2026-02-05,SKU_1011,Coca Cola 1L Family,Coca Cola,Beverages,76.81,252,19356.12,5
2026-02-06,SKU_1011,Coca Cola 1L Family,Coca Cola,Beverages,74.03,247,18285.41,0
2026-02-07,SKU_1011,Coca Cola 1L Family,Coca Cola,Beverages,73.65,243,17896.95,0
2026-02-08,SKU_1011,Coca Cola 1L Family,Coca Cola,Beverages,73.77,249,18368.73,5
2026-02-09,SKU_1011,Coca Cola 1L Family,Coca Cola,Beverages,76.01,239,18166.39,0
2026-02-10,SKU_1011,Coca Cola 1L Family,Coca Cola,Beverages,75.91,247,18749.77,0
2026-02-11,SKU_1011,Coca Cola 1L Family,Coca Cola,Beverages,72.34,245,17723.3,0
2026-02-12,SKU_1011,Coca Cola 1L Family,Coca Cola,Beverages,74.03,227,16804.81,0
2026-02-13,SKU_1011,Coca Cola 1L Family,Coca Cola,Beverages,73.8,264,19483.2,10
2026-02-14,SKU_1011,Coca Cola 1L Family,Coca Cola,Beverages,76.93,239,18386.27,5
2026-02-15,SKU_1011,Coca Cola 1L Family,Coca Cola,Beverages,76.78,224,17198.72,0
2026-02-16,SKU_1011,Coca Cola 1L Family,Coca Cola,Beverages,71.56,250,17890.0,5
2026-02-17,SKU_1011,Coca Cola 1L Family,Coca Cola,Beverages,76.17,232,17671.44,0
2026-02-18,SKU_1011,Coca Cola 1L Family,Coca Cola,Beverages,70.97,272,19303.84,5
2026-02-19,SKU_1011,Coca Cola 1L Family,Coca Cola,Beverages,73.61,256,18844.16,10
2026-02-20,SKU_1011,Coca Cola 1L Family,Coca Cola,Beverages,72.08,264,19029.12,5
2026-02-21,SKU_1011,Coca Cola 1L Family,Coca Cola,Beverages,76.34,245,18703.3,0
2026-02-22,SKU_1011,Coca Cola 1L Family,Coca Cola,Beverages,76.29,245,18691.05,0
2026-02-23,SKU_1011,Coca Cola 1L Family,Coca Cola,Beverages,68.67,266,18266.22,0
2026-02-24,SKU_1011,Coca Cola 1L Family,Coca Cola,Beverages,69.7,264,18400.8,5
2026-02-25,SKU_1011,Coca Cola 1L Family,Coca Cola,Beverages,69.99,249,17427.51,0
2026-02-26,SKU_1011,Coca Cola 1L Family,Coca Cola,Beverages,76.04,252,19162.08,0
2026-02-27,SKU_1011,Coca Cola 1L Family,Coca Cola,Beverages,77.14,239,18436.46,0
2026-02-28,SKU_1011,Coca Cola 1L Family,Coca Cola,Beverages,76.67,223,17097.41,0
2026-03-01,SKU_1011,Coca Cola 1L Family,Coca Cola,Beverages,77.27,224,17308.48,0
2026-03-02,SKU_1011,Coca Cola 1L Family,Coca Cola,Beverages,74.84,258,19308.72,5
2026-03-03,SKU_1011,Coca Cola 1L Family,Coca Cola,Beverages,74.94,279,20908.26,10
2026-03-04,SKU_1011,Coca Cola 1L Family,Coca Cola,Beverages,69.52,253,17588.56,0
2026-03-05,SKU_1011,Coca Cola 1L Family,Coca Cola,Beverages,75.45,270,20371.5,5
2026-03-06,SKU_1011,Coca Cola 1L Family,Coca Cola,Beverages,72.58,252,18290.16,10
2026-03-07,SKU_1011,Coca Cola 1L Family,Coca Cola,Beverages,73.81,247,18231.07,0
2026-03-08,SKU_1011,Coca Cola 1L Family,Coca Cola,Beverages,71.41,259,18495.19,0
2026-03-09,SKU_1011,Coca Cola 1L Family,Coca Cola,Beverages,69.26,251,17384.26,0
2026-03-10,SKU_1011,Coca Cola 1L Family,Coca Cola,Beverages,71.7,257,18426.9,0
2026-03-11,SKU_1011,Coca Cola 1L Family,Coca Cola,Beverages,74.57,254,18940.78,0
2026-03-12,SKU_1011,Coca Cola 1L Family,Coca Cola,Beverages,74.9,244,18275.6,5
2026-03-13,SKU_1011,Coca Cola 1L Family,Coca Cola,Beverages,70.39,293,20624.27,5
2026-03-14,SKU_1011,Coca Cola 1L Family,Coca Cola,Beverages,72.0,240,17280.0,0
2026-03-15,SKU_1011,Coca Cola 1L Family,Coca Cola,Beverages,70.35,291,20471.85,10
2026-03-16,SKU_1011,Coca Cola 1L Family,Coca Cola,Beverages,76.44,236,18039.84,0
2026-03-17,SKU_1011,Coca Cola 1L Family,Coca Cola,Beverages,75.03,258,19357.74,10
2026-03-18,SKU_1011,Coca Cola 1L Family,Coca Cola,Beverages,76.96,246,18932.16,0
2026-03-19,SKU_1011,Coca Cola 1L Family,Coca Cola,Beverages,72.01,272,19586.72,10
2026-03-20,SKU_1011,Coca Cola 1L Family,Coca Cola,Beverages,70.3,265,18629.5,0
2026-03-21,SKU_1011,Coca Cola 1L Family,Coca Cola,Beverages,71.0,250,17750.0,0
2026-03-22,SKU_1011,Coca Cola 1L Family,Coca Cola,Beverages,77.31,222,17162.82,0
2026-03-23,SKU_1011,Coca Cola 1L Family,Coca Cola,Beverages,69.78,261,18212.58,0
2026-03-24,SKU_1011,Coca Cola 1L Family,Coca Cola,Beverages,70.65,261,18439.65,0
2026-03-25,SKU_1011,Coca Cola 1L Family,Coca Cola,Beverages,70.9,270,19143.0,10
2026-03-26,SKU_1011,Coca Cola 1L Family,Coca Cola,Beverages,71.69,273,19571.37,10
2026-03-27,SKU_1011,Coca Cola 1L Family,Coca Cola,Beverages,71.72,292,20942.24,5
2026-03-28,SKU_1011,Coca Cola 1L Family,Coca Cola,Beverages,72.43,259,18759.37,5
2026-03-29,SKU_1011,Coca Cola 1L Family,Coca Cola,Beverages,71.86,303,21773.58,5
2026-03-30,SKU_1011,Coca Cola 1L Family,Coca Cola,Beverages,77.09,225,17345.25,0
2026-03-31,SKU_1011,Coca Cola 1L Family,Coca Cola,Beverages,72.17,268,19341.56,10
2026-04-01,SKU_1011,Coca Cola 1L Family,Coca Cola,Beverages,73.02,293,21394.86,0
2026-04-02,SKU_1011,Coca Cola 1L Family,Coca Cola,Beverages,74.45,315,23451.75,0
2026-04-03,SKU_1011,Coca Cola 1L Family,Coca Cola,Beverages,69.48,346,24040.08,10
2026-04-04,SKU_1011,Coca Cola 1L Family,Coca Cola,Beverages,70.63,298,21047.74,0
2026-04-05,SKU_1011,Coca Cola 1L Family,Coca Cola,Beverages,70.52,336,23694.72,5
2026-04-06,SKU_1011,Coca Cola 1L Family,Coca Cola,Beverages,72.08,313,22561.04,0
2026-04-07,SKU_1011,Coca Cola 1L Family,Coca Cola,Beverages,73.03,289,21105.67,0
2026-04-08,SKU_1011,Coca Cola 1L Family,Coca Cola,Beverages,71.65,348,24934.2,10
2026-04-09,SKU_1011,Coca Cola 1L Family,Coca Cola,Beverages,75.27,359,27021.93,10
2026-04-10,SKU_1011,Coca Cola 1L Family,Coca Cola,Beverages,74.96,299,22413.04,0
2026-04-11,SKU_1011,Coca Cola 1L Family,Coca Cola,Beverages,76.38,312,23830.56,0
2026-04-12,SKU_1011,Coca Cola 1L Family,Coca Cola,Beverages,71.35,307,21904.45,0
2026-04-13,SKU_1011,Coca Cola 1L Family,Coca Cola,Beverages,71.51,331,23669.81,0
2026-04-14,SKU_1011,Coca Cola 1L Family,Coca Cola,Beverages,74.63,307,22911.41,0
2026-04-15,SKU_1011,Coca Cola 1L Family,Coca Cola,Beverages,70.06,320,22419.2,0
2026-04-16,SKU_1011,Coca Cola 1L Family,Coca Cola,Beverages,70.0,302,21140.0,0
2026-04-17,SKU_1011,Coca Cola 1L Family,Coca Cola,Beverages,73.96,327,24184.92,10
2026-04-18,SKU_1011,Coca Cola 1L Family,Coca Cola,Beverages,72.97,303,22109.91,0
2026-04-19,SKU_1011,Coca Cola 1L Family,Coca Cola,Beverages,68.82,302,20783.64,0
2026-04-20,SKU_1011,Coca Cola 1L Family,Coca Cola,Beverages,76.22,276,21036.72,0
2026-04-21,SKU_1011,Coca Cola 1L Family,Coca Cola,Beverages,75.47,298,22490.06,0
2026-04-22,SKU_1011,Coca Cola 1L Family,Coca Cola,Beverages,71.25,341,24296.25,5
2026-04-23,SKU_1011,Coca Cola 1L Family,Coca Cola,Beverages,75.28,303,22809.84,0
2026-04-24,SKU_1011,Coca Cola 1L Family,Coca Cola,Beverages,74.61,329,24546.69,5
2026-04-25,SKU_1011,Coca Cola 1L Family,Coca Cola,Beverages,76.15,280,21322.0,0
2026-04-26,SKU_1011,Coca Cola 1L Family,Coca Cola,Beverages,76.74,329,25247.46,10
2026-04-27,SKU_1011,Coca Cola 1L Family,Coca Cola,Beverages,69.46,305,21185.3,0
2026-04-28,SKU_1011,Coca Cola 1L Family,Coca Cola,Beverages,69.78,330,23027.4,0
2026-04-29,SKU_1011,Coca Cola 1L Family,Coca Cola,Beverages,74.57,327,24384.39,5
2026-04-30,SKU_1011,Coca Cola 1L Family,Coca Cola,Beverages,70.69,339,23963.91,5
2026-05-01,SKU_1011,Coca Cola 1L Family,Coca Cola,Beverages,70.33,356,25037.48,5
2026-05-02,SKU_1011,Coca Cola 1L Family,Coca Cola,Beverages,69.41,350,24293.5,10
2026-05-03,SKU_1011,Coca Cola 1L Family,Coca Cola,Beverages,76.94,304,23389.76,10
2026-05-04,SKU_1011,Coca Cola 1L Family,Coca Cola,Beverages,70.88,326,23106.88,0
2026-05-05,SKU_1011,Coca Cola 1L Family,Coca Cola,Beverages,72.06,307,22122.42,0
2026-05-06,SKU_1011,Coca Cola 1L Family,Coca Cola,Beverages,71.3,340,24242.0,10
2026-05-07,SKU_1011,Coca Cola 1L Family,Coca Cola,Beverages,71.61,350,25063.5,5
2026-05-08,SKU_1011,Coca Cola 1L Family,Coca Cola,Beverages,72.66,319,23178.54,0
2026-05-09,SKU_1011,Coca Cola 1L Family,Coca Cola,Beverages,71.1,349,24813.9,5
2026-05-10,SKU_1011,Coca Cola 1L Family,Coca Cola,Beverages,74.82,287,21473.34,0
2026-05-11,SKU_1011,Coca Cola 1L Family,Coca Cola,Beverages,73.3,349,25581.7,10
2026-05-12,SKU_1011,Coca Cola 1L Family,Coca Cola,Beverages,69.92,329,23003.68,0
2026-05-13,SKU_1011,Coca Cola 1L Family,Coca Cola,Beverages,75.89,284,21552.76,0
2026-05-14,SKU_1011,Coca Cola 1L Family,Coca Cola,Beverages,70.43,304,21410.72,0
2026-05-15,SKU_1011,Coca Cola 1L Family,Coca Cola,Beverages,68.9,325,22392.5,5
2026-05-16,SKU_1011,Coca Cola 1L Family,Coca Cola,Beverages,74.58,298,22224.84,0
2026-05-17,SKU_1011,Coca Cola 1L Family,Coca Cola,Beverages,69.69,351,24461.19,10
2026-05-18,SKU_1011,Coca Cola 1L Family,Coca Cola,Beverages,77.37,301,23288.37,0
