customer_data/sales_history.csv
date,product_id,product_name,brand,category,selling_price,units_sold,revenue,promotion_discount_pct
2025-11-20,SKU_1012,Coca Cola 2L Mini,Coca Cola,Beverages,69.34,283,19623.22,0
2025-11-21,SKU_1012,Coca Cola 2L Mini,Coca Cola,Beverages,66.91,287,19203.17,0
2025-11-22,SKU_1012,Coca Cola 2L Mini,Coca Cola,Beverages,65.07,282,18349.74,0
2025-11-23,SKU_1012,Coca Cola 2L Mini,Coca Cola,Beverages,65.33,328,21428.24,5
2025-11-24,SKU_1012,Coca Cola 2L Mini,Coca Cola,Beverages,66.63,282,18789.66,0
2025-11-25,SKU_1012,Coca Cola 2L Mini,Coca Cola,Beverages,71.13,287,20414.31,0
2025-11-26,SKU_1012,Coca Cola 2L Mini,Coca Cola,Beverages,68.05,284,19326.2,0
2025-11-27,SKU_1012,Coca Cola 2L Mini,Coca Cola,Beverages,70.13,262,18374.06,0
2025-11-28,SKU_1012,Coca Cola 2L Mini,Coca Cola,Beverages,65.34,294,19209.96,0
2025-11-29,SKU_1012,Coca Cola 2L Mini,Coca Cola,Beverages,65.78,322,21181.16,10
2025-11-30,SKU_1012,Coca Cola 2L Mini,Coca Cola,Beverages,68.61,325,22298.25,5
2025-12-01,SKU_1012,Coca Cola 2L Mini,Coca Cola,Beverages,70.75,223,15777.25,0
2025-12-02,SKU_1012,Coca Cola 2L Mini,Coca Cola,Beverages,67.73,274,18558.02,10
2025-12-03,SKU_1012,Coca Cola 2L Mini,Coca Cola,Beverages,69.1,252,17413.2,0
2025-12-04,SKU_1012,Coca Cola 2L Mini,Coca Cola,Beverages,66.87,263,17586.81,5
2025-12-05,SKU_1012,Coca Cola 2L Mini,Coca Cola,Beverages,63.41,281,17818.21,5
2025-12-06,SKU_1012,Coca Cola 2L Mini,Coca Cola,Beverages,69.71,231,16103.01,0
2025-12-07,SKU_1012,Coca Cola 2L Mini,Coca Cola,Beverages,69.98,242,16935.16,0
2025-12-08,SKU_1012,Coca Cola 2L Mini,Coca Cola,Beverages,64.28,304,19541.12,10
2025-12-09,SKU_1012,Coca Cola 2L Mini,Coca Cola,Beverages,65.71,266,17478.86,5
2025-12-10,SKU_1012,Coca Cola 2L Mini,Coca Cola,Beverages,66.66,266,17731.56,10
2025-12-11,SKU_1012,Coca Cola 2L Mini,Coca Cola,Beverages,70.43,230,16198.9,0
2025-12-12,SKU_1012,Coca Cola 2L Mini,Coca Cola,Beverages,70.35,222,15617.7,0
2025-12-13,SKU_1012,Coca Cola 2L Mini,Coca Cola,Beverages,68.31,263,17965.53,10
2025-12-14,SKU_1012,Coca Cola 2L Mini,Coca Cola,Beverages,69.15,243,16803.45,0
2025-12-15,SKU_1012,Coca Cola 2L Mini,Coca Cola,Beverages,69.58,252,17534.16,0
2025-12-16,SKU_1012,Coca Cola 2L Mini,Coca Cola,Beverages,69.24,290,20079.6,10
2025-12-17,SKU_1012,Coca Cola 2L Mini,Coca Cola,Beverages,71.54,246,17598.84,0
2025-12-18,SKU_1012,Coca Cola 2L Mini,Coca Cola,Beverages,65.78,258,16971.24,0
2025-12-19,SKU_1012,Coca Cola 2L Mini,Coca Cola,Beverages,70.14,243,17044.02,0
2025-12-20,SKU_1012,Coca Cola 2L Mini,Coca Cola,Beverages,64.17,284,18224.28,10
2025-12-21,SKU_1012,Coca Cola 2L Mini,Coca Cola,Beverages,64.22,264,16954.08,0
2025-12-22,SKU_1012,Coca Cola 2L Mini,Coca Cola,Beverages,64.07,284,18195.88,10
2025-12-23,SKU_1012,Coca Cola 2L Mini,Coca Cola,Beverages,66.55,248,16504.4,0
2025-12-24,SKU_1012,Coca Cola 2L Mini,Coca Cola,Beverages,66.67,234,15600.78,0
2025-12-25,SKU_1012,Coca Cola 2L Mini,Coca Cola,Beverages,70.45,269,18951.05,10
2025-12-26,SKU_1012,Coca Cola 2L Mini,Coca Cola,Beverages,66.97,244,16340.68,0
2025-12-27,SKU_1012,Coca Cola 2L Mini,Coca Cola,Beverages,66.91,257,17195.87,0
2025-12-28,SKU_1012,Coca Cola 2L Mini,Coca Cola,Beverages,64.4,255,16422.0,0
2025-12-29,SKU_1012,Coca Cola 2L Mini,Coca Cola,Beverages,64.65,266,17196.9,10
2025-12-30,SKU_1012,Coca Cola 2L Mini,Coca Cola,Beverages,67.29,261,17562.69,0
2025-12-31,SKU_1012,Coca Cola 2L Mini,Coca Cola,Beverages,71.47,222,15866.34,0
2026-01-01,SKU_1012,Coca Cola 2L Mini,Coca Cola,Beverages,66.56,244,16240.64,0
2026-01-02,SKU_1012,Coca Cola 2L Mini,Coca Cola,Beverages,67.19,230,15453.7,0
2026-01-03,SKU_1012,Coca Cola 2L Mini,Coca Cola,Beverages,63.42,288,18264.96,10
2026-01-04,SKU_1012,Coca Cola 2L Mini,Coca Cola,Beverages,63.27,297,18791.19,10
2026-01-05,SKU_1012,Coca Cola 2L Mini,Coca Cola,Beverages,63.54,249,15821.46,0
2026-01-06,SKU_1012,Coca Cola 2L Mini,Coca Cola,Beverages,67.22,257,17275.54,0
2026-01-07,SKU_1012,Coca Cola 2L Mini,Coca Cola,Beverages,63.25,287,18152.75,10
2026-01-08,SKU_1012,Coca Cola 2L Mini,Coca Cola,Beverages,70.62,278,19632.36,10
2026-01-09,SKU_1012,Coca Cola 2L Mini,Coca Cola,Beverages,67.61,254,17172.94,0
2026-01-10,SKU_1012,Coca Cola 2L Mini,Coca Cola,Beverages,66.22,258,17084.76,0
2026-01-11,SKU_1012,Coca Cola 2L Mini,Coca Cola,Beverages,67.15,229,15377.35,0
2026-01-12,SKU_1012,Coca Cola 2L Mini,Coca Cola,Beverages,65.58,265,17378.7,0
2026-01-13,SKU_1012,Coca Cola 2L Mini,Coca Cola,Beverages,71.16,271,19284.36,5
2026-01-14,SKU_1012,Coca Cola 2L Mini,Coca Cola,Beverages,71.5,227,16230.5,0
2026-01-15,SKU_1012,Coca Cola 2L Mini,Coca Cola,Beverages,68.15,274,18673.1,10
2026-01-16,SKU_1012,Coca Cola 2L Mini,Coca Cola,Beverages,64.29,268,17229.72,10
2026-01-17,SKU_1012,Coca Cola 2L Mini,Coca Cola,Beverages,68.23,254,17330.42,0
2026-01-18,SKU_1012,Coca Cola 2L Mini,Coca Cola,Beverages,63.56,243,15445.08,0
2026-01-19,SKU_1012,Coca Cola 2L Mini,Coca Cola,Beverages,65.18,303,19749.54,5
2026-01-20,SKU_1012,Coca Cola 2L Mini,Coca Cola,Beverages,69.05,242,16710.1,0
2026-01-21,SKU_1012,Coca Cola 2L Mini,Coca Cola,Beverages,71.66,219,15693.54,0
2026-01-22,SKU_1012,Coca Cola 2L Mini,Coca Cola,Beverages,64.09,282,18073.38,5
2026-01-23,SKU_1012,Coca Cola 2L Mini,Coca Cola,Beverages,71.59,216,15463.44,0
2026-01-24,SKU_1012,Coca Cola 2L Mini,Coca Cola,Beverages,68.46,242,16567.32,0
2026-01-25,SKU_1012,Coca Cola 2L Mini,Coca Cola,Beverages,66.99,239,16010.61,0
2026-01-26,SKU_1012,Coca Cola 2L Mini,Coca Cola,Beverages,71.16,264,18786.24,5
2026-01-27,SKU_1012,Coca Cola 2L Mini,Coca Cola,Beverages,64.33,264,16983.12,10
2026-01-28,SKU_1012,Coca Cola 2L Mini,Coca Cola,Beverages,64.87,244,15828.28,0
2026-01-29,SKU_1012,Coca Cola 2L Mini,Coca Cola,Beverages,65.12,301,19601.12,5
2026-01-30,SKU_1012,Coca Cola 2L Mini,Coca Cola,Beverages,67.74,228,15444.72,0
2026-01-31,SKU_1012,Coca Cola 2L Mini,Coca Cola,Beverages,68.21,255,17393.55,0
2026-02-01,SKU_1012,Coca Cola 2L Mini,Coca Cola,Beverages,64.93,264,17141.52,0
2026-02-02,SKU_1012,Coca Cola 2L Mini,Coca Cola,Beverages,66.28,296,19618.88,10
2026-02-03,SKU_1012,Coca Cola 2L Mini,Coca Cola,Beverages,63.8,284,18119.2,10
2026-02-04,SKU_1012,Coca Cola 2L Mini,Coca Cola,Beverages,64.82,295,19121.9,5
2026-02-05,SKU_1012,Coca Cola 2L Mini,Coca Cola,Beverages,66.22,277,18342.94,10
2026-02-06,SKU_1012,Coca Cola 2L Mini,Coca Cola,Beverages,64.37,269,17315.53,5
2026-02-07,SKU_1012,Coca Cola 2L Mini,Coca Cola,Beverages,66.43,239,15876.77,0
2026-02-08,SKU_1012,Coca Cola 2L Mini,Coca Cola,Beverages,64.27,263,16903.01,0
2026-02-09,SKU_1012,Coca Cola 2L Mini,Coca Cola,Beverages,64.19,265,17010.35,10
2026-02-10,SKU_1012,Coca Cola 2L Mini,Coca Cola,Beverages,66.04,250,16510.0,0
2026-02-11,SKU_1012,Coca Cola 2L Mini,Coca Cola,Beverages,71.15,253,18000.95,0
2026-02-12,SKU_1012,Coca Cola 2L Mini,Coca Cola,Beverages,63.76,267,17023.92,0
2026-02-13,SKU_1012,Coca Cola 2L Mini,Coca Cola,Beverages,63.82,299,19082.18,10
2026-02-14,SKU_1012,Coca Cola 2L Mini,Coca Cola,Beverages,68.46,241,16498.86,10
2026-02-15,SKU_1012,Coca Cola 2L Mini,Coca Cola,Beverages,67.89,283,19212.87,10
2026-02-16,SKU_1012,Coca Cola 2L Mini,Coca Cola,Beverages,71.27,234,16677.18,0
2026-02-17,SKU_1012,Coca Cola 2L Mini,Coca Cola,Beverages,63.45,241,15291.45,0
2026-02-18,SKU_1012,Coca Cola 2L Mini,Coca Cola,Beverages,66.07,235,15526.45,0
2026-02-19,SKU_1012,Coca Cola 2L Mini,Coca Cola,Beverages,64.94,266,17274.04,0
2026-02-20,SKU_1012,Coca Cola 2L Mini,Coca Cola,Beverages,71.16,239,17007.24,0
2026-02-21,SKU_1012,Coca Cola 2L Mini,Coca Cola,Beverages,65.21,305,19889.05,10
2026-02-22,SKU_1012,Coca Cola 2L Mini,Coca Cola,Beverages,68.45,253,17317.85,0
2026-02-23,SKU_1012,Coca Cola 2L Mini,Coca Cola,Beverages,66.16,283,18723.28,5
2026-02-24,SKU_1012,Coca Cola 2L Mini,Coca Cola,Beverages,69.57,266,18505.62,10
2026-02-25,SKU_1012,Coca Cola 2L Mini,Coca Cola,Beverages,71.36,234,16698.24,0
2026-02-26,SKU_1012,Coca Cola 2L Mini,Coca Cola,Beverages,64.07,247,15825.29,0
2026-02-27,SKU_1012,Coca Cola 2L Mini,Coca Cola,Beverages,68.8,240,16512.0,0
2026-02-28,SKU_1012,Coca Cola 2L Mini,Coca Cola,Beverages,69.93,245,17132.85,0
2026-03-01,SKU_1012,Coca Cola 2L Mini,Coca Cola,Beverages,63.36,255,16156.8,0
2026-03-02,SKU_1012,Coca Cola 2L Mini,Coca Cola,Beverages,67.79,256,17354.24,0
2026-03-03,SKU_1012,Coca Cola 2L Mini,Coca Cola,Beverages,67.95,278,18890.1,5
2026-03-04,SKU_1012,Coca Cola 2L Mini,Coca Cola,Beverages,64.26,273,17542.98,10
2026-03-05,SKU_1012,Coca Cola 2L Mini,Coca Cola,Beverages,64.17,299,19186.83,10
2026-03-06,SKU_1012,Coca Cola 2L Mini,Coca Cola,Beverages,66.35,295,19573.25,5
2026-03-07,SKU_1012,Coca Cola 2L Mini,Coca Cola,Beverages,63.68,272,17320.96,10
2026-03-08,SKU_1012,Coca Cola 2L Mini,Coca Cola,Beverages,65.14,272,17718.08,10
2026-03-09,SKU_1012,Coca Cola 2L Mini,Coca Cola,Beverages,63.57,256,16273.92,0
2026-03-10,SKU_1012,Coca Cola 2L Mini,Coca Cola,Beverages,70.2,228,16005.6,0
2026-03-11,SKU_1012,Coca Cola 2L Mini,Coca Cola,Beverages,66.97,243,16273.71,0
2026-03-12,SKU_1012,Coca Cola 2L Mini,Coca Cola,Beverages,66.2,247,16351.4,0
2026-03-13,SKU_1012,Coca Cola 2L Mini,Coca Cola,Beverages,71.8,271,19457.8,5
2026-03-14,SKU_1012,Coca Cola 2L Mini,Coca Cola,Beverages,68.86,255,17559.3,0
2026-03-15,SKU_1012,Coca Cola 2L Mini,Coca Cola,Beverages,65.34,290,18948.6,5
2026-03-16,SKU_1012,Coca Cola 2L Mini,Coca Cola,Beverages,69.53,247,17173.91,0
2026-03-17,SKU_1012,Coca Cola 2L Mini,Coca Cola,Beverages,67.01,247,16551.47,0
2026-03-18,SKU_1012,Coca Cola 2L Mini,Coca Cola,Beverages,69.92,244,17060.48,0
2026-03-19,SKU_1012,Coca Cola 2L Mini,Coca Cola,Beverages,67.73,258,17474.34,10
2026-03-20,SKU_1012,Coca Cola 2L Mini,Coca Cola,Beverages,64.08,279,17878.32,5
2026-03-21,SKU_1012,Coca Cola 2L Mini,Coca Cola,Beverages,71.39,231,16491.09,0
2026-03-22,SKU_1012,Coca Cola 2L Mini,Coca Cola,Beverages,64.93,268,17401.24,10
2026-03-23,SKU_1012,Coca Cola 2L Mini,Coca Cola,Beverages,65.81,234,15399.54,0
2026-03-24,SKU_1012,Coca Cola 2L Mini,Coca Cola,Beverages,66.39,236,15668.04,0
2026-03-25,SKU_1012,Coca Cola 2L Mini,Coca Cola,Beverages,63.49,278,17650.22,5
2026-03-26,SKU_1012,Coca Cola 2L Mini,Coca Cola,Beverages,69.78,251,17514.78,0
2026-03-27,SKU_1012,Coca Cola 2L Mini,Coca Cola,Beverages,67.49,240,16197.6,0
2026-03-28,SKU_1012,Coca Cola 2L Mini,Coca Cola,Beverages,68.26,242,16518.92,0
2026-03-29,SKU_1012,Coca Cola 2L Mini,Coca Cola,Beverages,63.69,272,17323.68,5
2026-03-30,SKU_1012,Coca Cola 2L Mini,Coca Cola,Beverages,63.34,271,17165.14,5
2026-03-31,SKU_1012,Coca Cola 2L Mini,Coca Cola,Beverages,65.12,272,17712.64,5
2026-04-01,SKU_1012,Coca Cola 2L Mini,Coca Cola,Beverages,63.63,342,21761.46,10
2026-04-02,SKU_1012,Coca Cola 2L Mini,Coca Cola,Beverages,66.18,348,23030.64,10
2026-04-03,SKU_1012,Coca Cola 2L Mini,Coca Cola,Beverages,70.9,272,19284.8,0
2026-04-04,SKU_1012,Coca Cola 2L Mini,Coca Cola,Beverages,70.18,278,19510.04,0
2026-04-05,SKU_1012,Coca Cola 2L Mini,Coca Cola,Beverages,66.12,339,22414.68,5
2026-04-06,SKU_1012,Coca Cola 2L Mini,Coca Cola,Beverages,66.87,288,19258.56,0
2026-04-07,SKU_1012,Coca Cola 2L Mini,Coca Cola,Beverages,70.15,281,19712.15,0
2026-04-08,SKU_1012,Coca Cola 2L Mini,Coca Cola,Beverages,70.6,312,22027.2,5
2026-04-09,SKU_1012,Coca Cola 2L Mini,Coca Cola,Beverages,68.13,337,22959.81,10
2026-04-10,SKU_1012,Coca Cola 2L Mini,Coca Cola,Beverages,64.58,317,20471.86,0
2026-04-11,SKU_1012,Coca Cola 2L Mini,Coca Cola,Beverages,64.32,314,20196.48,0
2026-04-12,SKU_1012,Coca Cola 2L Mini,Coca Cola,Beverages,63.91,328,20962.48,10
2026-04-13,SKU_1012,Coca Cola 2L Mini,Coca Cola,Beverages,66.09,350,23131.5,10
2026-04-14,SKU_1012,Coca Cola 2L Mini,Coca Cola,Beverages,66.3,316,20950.8,10
2026-04-15,SKU_1012,Coca Cola 2L Mini,Coca Cola,Beverages,64.25,299,19210.75,0
2026-04-16,SKU_1012,Coca Cola 2L Mini,Coca Cola,Beverages,70.4,326,22950.4,5
2026-04-17,SKU_1012,Coca Cola 2L Mini,Coca Cola,Beverages,63.32,300,18996.0,0
2026-04-18,SKU_1012,Coca Cola 2L Mini,Coca Cola,Beverages,71.53,305,21816.65,10
2026-04-19,SKU_1012,Coca Cola 2L Mini,Coca Cola,Beverages,66.71,309,20613.39,0
2026-04-20,SKU_1012,Coca Cola 2L Mini,Coca Cola,Beverages,65.56,327,21438.12,0
2026-04-21,SKU_1012,Coca Cola 2L Mini,Coca Cola,Beverages,71.42,293,20926.06,0
2026-04-22,SKU_1012,Coca Cola 2L Mini,Coca Cola,Beverages,69.8,325,22685.0,5
2026-04-23,SKU_1012,Coca Cola 2L Mini,Coca Cola,Beverages,65.14,368,23971.52,10
2026-04-24,SKU_1012,Coca Cola 2L Mini,Coca Cola,Beverages,63.6,301,19143.6,0
2026-04-25,SKU_1012,Coca Cola 2L Mini,Coca Cola,Beverages,64.77,335,21697.95,5
2026-04-26,SKU_1012,Coca Cola 2L Mini,Coca Cola,Beverages,65.92,306,20171.52,0
2026-04-27,SKU_1012,Coca Cola 2L Mini,Coca Cola,Beverages,63.7,316,20129.2,0
2026-04-28,SKU_1012,Coca Cola 2L Mini,Coca Cola,Beverages,71.61,295,21124.95,0
2026-04-29,SKU_1012,Coca Cola 2L Mini,Coca Cola,Beverages,67.85,323,21915.55,0
2026-04-30,SKU_1012,Coca Cola 2L Mini,Coca Cola,Beverages,66.2,333,22044.6,5
2026-05-01,SKU_1012,Coca Cola 2L Mini,Coca Cola,Beverages,67.59,310,20952.9,0
2026-05-02,SKU_1012,Coca Cola 2L Mini,Coca Cola,Beverages,68.11,308,20977.88,5
2026-05-03,SKU_1012,Coca Cola 2L Mini,Coca Cola,Beverages,68.72,313,21509.36,0
2026-05-04,SKU_1012,Coca Cola 2L Mini,Coca Cola,Beverages,63.39,339,21489.21,0
2026-05-05,SKU_1012,Coca Cola 2L Mini,Coca Cola,Beverages,66.07,324,21406.68,0
2026-05-06,SKU_1012,Coca Cola 2L Mini,Coca Cola,Beverages,67.24,296,19903.04,10
2026-05-07,SKU_1012,Coca Cola 2L Mini,Coca Cola,Beverages,64.56,318,20530.08,0
2026-05-08,SKU_1012,Coca Cola 2L Mini,Coca Cola,Beverages,71.06,298,21175.88,10
2026-05-09,SKU_1012,Coca Cola 2L Mini,Coca Cola,Beverages,70.16,326,22872.16,10
2026-05-10,SKU_1012,Coca Cola 2L Mini,Coca Cola,Beverages,68.2,286,19505.2,0
2026-05-11,SKU_1012,Coca Cola 2L Mini,Coca Cola,Beverages,66.45,314,20865.3,0
2026-05-12,SKU_1012,Coca Cola 2L Mini,Coca Cola,Beverages,66.47,317,21070.99,0
2026-05-13,SKU_1012,Coca Cola 2L Mini,Coca Cola,Beverages,71.43,273,19500.39,0
2026-05-14,SKU_1012,Coca Cola 2L Mini,Coca Cola,Beverages,68.06,334,22732.04,10
2026-05-15,SKU_1012,Coca Cola 2L Mini,Coca Cola,Beverages,66.79,346,23109.34,10
2026-05-16,SKU_1012,Coca Cola 2L Mini,Coca Cola,Beverages,63.62,340,21630.8,10
2026-05-17,SKU_1012,Coca Cola 2L Mini,Coca Cola,Beverages,66.99,312,20900.88,10
2026-05-18,SKU_1012,Coca Cola 2L Mini,Coca Cola,Beverages,71.05,293,20817.65,0
