customer_data/sales_history.csv
date,product_id,product_name,brand,category,selling_price,units_sold,revenue,promotion_discount_pct
2025-11-20,SKU_1013,Coca Cola 2L Regular,Coca Cola,Beverages,93.1,299,27836.9,0
2025-11-21,SKU_1013,Coca Cola 2L Regular,Coca Cola,Beverages,98.81,280,27666.8,5
2025-11-22,SKU_1013,Coca Cola 2L Regular,Coca Cola,Beverages,91.23,279,25453.17,0
2025-11-23,SKU_1013,Coca Cola 2L Regular,Coca Cola,Beverages,101.55,277,28129.35,10
2025-11-24,SKU_1013,Coca Cola 2L Regular,Coca Cola,Beverages,95.79,342,32760.18,10
2025-11-25,SKU_1013,Coca Cola 2L Regular,Coca Cola,Beverages,100.46,298,29937.08,10
2025-11-26,SKU_1013,Coca Cola 2L Regular,Coca Cola,Beverages,99.84,313,31249.92,10
2025-11-27,SKU_1013,Coca Cola 2L Regular,Coca Cola,Beverages,91.96,286,26300.56,0
2025-11-28,SKU_1013,Coca Cola 2L Regular,Coca Cola,Beverages,94.47,316,29852.52,5
2025-11-29,SKU_1013,Coca Cola 2L Regular,Coca Cola,Beverages,96.49,294,28368.06,5
2025-11-30,SKU_1013,Coca Cola 2L Regular,Coca Cola,Beverages,101.14,275,27813.5,0
2025-12-01,SKU_1013,Coca Cola 2L Regular,Coca Cola,Beverages,101.07,249,25166.43,0
2025-12-02,SKU_1013,Coca Cola 2L Regular,Coca Cola,Beverages,95.42,287,27385.54,5
2025-12-03,SKU_1013,Coca Cola 2L Regular,Coca Cola,Beverages,91.5,282,25803.0,5
2025-12-04,SKU_1013,Coca Cola 2L Regular,Coca Cola,Beverages,98.77,241,23803.57,0
2025-12-05,SKU_1013,Coca Cola 2L Regular,Coca Cola,Beverages,96.61,271,26181.31,5
2025-12-06,SKU_1013,Coca Cola 2L Regular,Coca Cola,Beverages,95.47,280,26731.6,10
2025-12-07,SKU_1013,Coca Cola 2L Regular,Coca Cola,Beverages,99.04,226,22383.04,0
2025-12-08,SKU_1013,Coca Cola 2L Regular,Coca Cola,Beverages,97.55,241,23509.55,0
2025-12-09,SKU_1013,Coca Cola 2L Regular,Coca Cola,Beverages,91.16,289,26345.24,5
2025-12-10,SKU_1013,Coca Cola 2L Regular,Coca Cola,Beverages,95.3,250,23825.0,5
2025-12-11,SKU_1013,Coca Cola 2L Regular,Coca Cola,Beverages,99.61,232,23109.52,0
2025-12-12,SKU_1013,Coca Cola 2L Regular,Coca Cola,Beverages,99.19,243,24103.17,10
2025-12-13,SKU_1013,Coca Cola 2L Regular,Coca Cola,Beverages,92.13,275,25335.75,10
2025-12-14,SKU_1013,Coca Cola 2L Regular,Coca Cola,Beverages,98.57,241,23755.37,0
2025-12-15,SKU_1013,Coca Cola 2L Regular,Coca Cola,Beverages,95.67,249,23821.83,10
2025-12-16,SKU_1013,Coca Cola 2L Regular,Coca Cola,Beverages,101.92,222,22626.24,0
2025-12-17,SKU_1013,Coca Cola 2L Regular,Coca Cola,Beverages,96.34,289,27842.26,10
2025-12-18,SKU_1013,Coca Cola 2L Regular,Coca Cola,Beverages,96.74,259,25055.66,5
2025-12-19,SKU_1013,Coca Cola 2L Regular,Coca Cola,Beverages,94.24,256,24125.44,0
2025-12-20,SKU_1013,Coca Cola 2L Regular,Coca Cola,Beverages,102.03,240,24487.2,0
2025-12-21,SKU_1013,Coca Cola 2L Regular,Coca Cola,Beverages,95.57,280,26759.6,10
2025-12-22,SKU_1013,Coca Cola 2L Regular,Coca Cola,Beverages,91.48,261,23876.28,0
2025-12-23,SKU_1013,Coca Cola 2L Regular,Coca Cola,Beverages,93.8,247,23168.6,0
2025-12-24,SKU_1013,Coca Cola 2L Regular,Coca Cola,Beverages,101.18,239,24182.02,0
2025-12-25,SKU_1013,Coca Cola 2L Regular,Coca Cola,Beverages,102.46,218,22336.28,0
2025-12-26,SKU_1013,Coca Cola 2L Regular,Coca Cola,Beverages,98.48,235,23142.8,0
2025-12-27,SKU_1013,Coca Cola 2L Regular,Coca Cola,Beverages,97.07,251,24364.57,0
2025-12-28,SKU_1013,Coca Cola 2L Regular,Coca Cola,Beverages,90.59,289,26180.51,10
2025-12-29,SKU_1013,Coca Cola 2L Regular,Coca Cola,Beverages,100.12,248,24829.76,0
2025-12-30,SKU_1013,Coca Cola 2L Regular,Coca Cola,Beverages,94.81,285,27020.85,10
2025-12-31,SKU_1013,Coca Cola 2L Regular,Coca Cola,Beverages,99.29,270,26808.3,5
2026-01-01,SKU_1013,Coca Cola 2L Regular,Coca Cola,Beverages,101.59,241,24483.19,0
2026-01-02,SKU_1013,Coca Cola 2L Regular,Coca Cola,Beverages,95.74,243,23264.82,0
2026-01-03,SKU_1013,Coca Cola 2L Regular,Coca Cola,Beverages,91.32,248,22647.36,0
2026-01-04,SKU_1013,Coca Cola 2L Regular,Coca Cola,Beverages,99.29,241,23928.89,0
2026-01-05,SKU_1013,Coca Cola 2L Regular,Coca Cola,Beverages,100.17,228,22838.76,0
2026-01-06,SKU_1013,Coca Cola 2L Regular,Coca Cola,Beverages,99.23,263,26097.49,10
2026-01-07,SKU_1013,Coca Cola 2L Regular,Coca Cola,Beverages,93.66,294,27536.04,10
2026-01-08,SKU_1013,Coca Cola 2L Regular,Coca Cola,Beverages,99.85,239,23864.15,0
2026-01-09,SKU_1013,Coca Cola 2L Regular,Coca Cola,Beverages,101.27,232,23494.64,0
2026-01-10,SKU_1013,Coca Cola 2L Regular,Coca Cola,Beverages,101.76,216,21980.16,0
2026-01-11,SKU_1013,Coca Cola 2L Regular,Coca Cola,Beverages,92.6,251,23242.6,0
2026-01-12,SKU_1013,Coca Cola 2L Regular,Coca Cola,Beverages,101.97,216,22025.52,0
2026-01-13,SKU_1013,Coca Cola 2L Regular,Coca Cola,Beverages,91.94,267,24547.98,0
2026-01-14,SKU_1013,Coca Cola 2L Regular,Coca Cola,Beverages,98.57,235,23163.95,0
2026-01-15,SKU_1013,Coca Cola 2L Regular,Coca Cola,Beverages,96.23,253,24346.19,5
2026-01-16,SKU_1013,Coca Cola 2L Regular,Coca Cola,Beverages,91.88,239,21959.32,0
2026-01-17,SKU_1013,Coca Cola 2L Regular,Coca Cola,Beverages,101.99,229,23355.71,0
2026-01-18,SKU_1013,Coca Cola 2L Regular,Coca Cola,Beverages,90.29,293,26454.97,10
2026-01-19,SKU_1013,Coca Cola 2L Regular,Coca Cola,Beverages,92.83,281,26085.23,5
2026-01-20,SKU_1013,Coca Cola 2L Regular,Coca Cola,Beverages,93.5,255,23842.5,10
2026-01-21,SKU_1013,Coca Cola 2L Regular,Coca Cola,Beverages,98.13,237,23256.81,0
2026-01-22,SKU_1013,Coca Cola 2L Regular,Coca Cola,Beverages,101.09,223,22543.07,0
2026-01-23,SKU_1013,Coca Cola 2L Regular,Coca Cola,Beverages,98.5,278,27383.0,5
2026-01-24,SKU_1013,Coca Cola 2L Regular,Coca Cola,Beverages,94.66,251,23759.66,0
2026-01-25,SKU_1013,Coca Cola 2L Regular,Coca Cola,Beverages,92.95,250,23237.5,0
2026-01-26,SKU_1013,Coca Cola 2L Regular,Coca Cola,Beverages,95.43,237,22616.91,0
2026-01-27,SKU_1013,Coca Cola 2L Regular,Coca Cola,Beverages,98.43,304,29922.72,5
2026-01-28,SKU_1013,Coca Cola 2L Regular,Coca Cola,Beverages,94.19,283,26655.77,5
2026-01-29,SKU_1013,Coca Cola 2L Regular,Coca Cola,Beverages,91.83,296,27181.68,5
2026-01-30,SKU_1013,Coca Cola 2L Regular,Coca Cola,Beverages,95.34,235,22404.9,0
2026-01-31,SKU_1013,Coca Cola 2L Regular,Coca Cola,Beverages,93.56,262,24512.72,5
2026-02-01,SKU_1013,Coca Cola 2L Regular,Coca Cola,Beverages,97.19,227,22062.13,0
2026-02-02,SKU_1013,Coca Cola 2L Regular,Coca Cola,Beverages,95.33,271,25834.43,5
2026-02-03,SKU_1013,Coca Cola 2L Regular,Coca Cola,Beverages,93.47,305,28508.35,5
2026-02-04,SKU_1013,Coca Cola 2L Regular,Coca Cola,Beverages,92.95,249,23144.55,0
2026-02-05,SKU_1013,Coca Cola 2L Regular,Coca Cola,Beverages,94.06,273,25678.38,10
2026-02-06,SKU_1013,Coca Cola 2L Regular,Coca Cola,Beverages,92.31,236,21785.16,0
2026-02-07,SKU_1013,Coca Cola 2L Regular,Coca Cola,Beverages,101.96,225,22941.0,0
2026-02-08,SKU_1013,Coca Cola 2L Regular,Coca Cola,Beverages,91.85,244,22411.4,0
2026-02-09,SKU_1013,Coca Cola 2L Regular,Coca Cola,Beverages,100.16,222,22235.52,0
2026-02-10,SKU_1013,Coca Cola 2L Regular,Coca Cola,Beverages,101.52,249,25278.48,10
2026-02-11,SKU_1013,Coca Cola 2L Regular,Coca Cola,Beverages,98.34,237,23306.58,0
2026-02-12,SKU_1013,Coca Cola 2L Regular,Coca Cola,Beverages,96.86,258,24989.88,10
2026-02-13,SKU_1013,Coca Cola 2L Regular,Coca Cola,Beverages,100.87,248,25015.76,0
2026-02-14,SKU_1013,Coca Cola 2L Regular,Coca Cola,Beverages,101.5,221,22431.5,0
2026-02-15,SKU_1013,Coca Cola 2L Regular,Coca Cola,Beverages,97.08,258,25046.64,0
2026-02-16,SKU_1013,Coca Cola 2L Regular,Coca Cola,Beverages,90.7,262,23763.4,10
2026-02-17,SKU_1013,Coca Cola 2L Regular,Coca Cola,Beverages,96.44,256,24688.64,0
2026-02-18,SKU_1013,Coca Cola 2L Regular,Coca Cola,Beverages,92.19,257,23692.83,0
2026-02-19,SKU_1013,Coca Cola 2L Regular,Coca Cola,Beverages,98.05,249,24414.45,0
2026-02-20,SKU_1013,Coca Cola 2L Regular,Coca Cola,Beverages,93.61,302,28270.22,5
2026-02-21,SKU_1013,Coca Cola 2L Regular,Coca Cola,Beverages,95.2,239,22752.8,0
2026-02-22,SKU_1013,Coca Cola 2L Regular,Coca Cola,Beverages,100.9,290,29261.0,10
2026-02-23,SKU_1013,Coca Cola 2L Regular,Coca Cola,Beverages,98.94,232,22954.08,0
2026-02-24,SKU_1013,Coca Cola 2L Regular,Coca Cola,Beverages,90.43,300,27129.0,10
2026-02-25,SKU_1013,Coca Cola 2L Regular,Coca Cola,Beverages,92.13,268,24690.84,5
2026-02-26,SKU_1013,Coca Cola 2L Regular,Coca Cola,Beverages,100.52,231,23220.12,0
2026-02-27,SKU_1013,Coca Cola 2L Regular,Coca Cola,Beverages,95.5,234,22347.0,0
2026-02-28,SKU_1013,Coca Cola 2L Regular,Coca Cola,Beverages,93.63,252,23594.76,0
2026-03-01,SKU_1013,Coca Cola 2L Regular,Coca Cola,Beverages,102.22,250,25555.0,5
2026-03-02,SKU_1013,Coca Cola 2L Regular,Coca Cola,Beverages,95.55,285,27231.75,5
2026-03-03,SKU_1013,Coca Cola 2L Regular,Coca Cola,Beverages,93.69,291,27263.79,10
2026-03-04,SKU_1013,Coca Cola 2L Regular,Coca Cola,Beverages,93.27,285,26581.95,5
2026-03-05,SKU_1013,Coca Cola 2L Regular,Coca Cola,Beverages,95.11,275,26155.25,10
2026-03-06,SKU_1013,Coca Cola 2L Regular,Coca Cola,Beverages,91.59,246,22531.14,0
2026-03-07,SKU_1013,Coca Cola 2L Regular,Coca Cola,Beverages,95.16,236,22457.76,0
2026-03-08,SKU_1013,Coca Cola 2L Regular,Coca Cola,Beverages,96.14,231,22208.34,0
2026-03-09,SKU_1013,Coca Cola 2L Regular,Coca Cola,Beverages,94.36,243,22929.48,0
2026-03-10,SKU_1013,Coca Cola 2L Regular,Coca Cola,Beverages,91.43,277,25326.11,5
2026-03-11,SKU_1013,Coca Cola 2L Regular,Coca Cola,Beverages,93.34,308,28748.72,10
2026-03-12,SKU_1013,Coca Cola 2L Regular,Coca Cola,Beverages,96.1,285,27388.5,10
2026-03-13,SKU_1013,Coca Cola 2L Regular,Coca Cola,Beverages,93.12,247,23000.64,0
2026-03-14,SKU_1013,Coca Cola 2L Regular,Coca Cola,Beverages,95.34,249,23739.66,0
2026-03-15,SKU_1013,Coca Cola 2L Regular,Coca Cola,Beverages,90.7,271,24579.7,10
2026-03-16,SKU_1013,Coca Cola 2L Regular,Coca Cola,Beverages,101.01,232,23434.32,0
2026-03-17,SKU_1013,Coca Cola 2L Regular,Coca Cola,Beverages,99.57,265,26386.05,10
2026-03-18,SKU_1013,Coca Cola 2L Regular,Coca Cola,Beverages,94.12,249,23435.88,0
2026-03-19,SKU_1013,Coca Cola 2L Regular,Coca Cola,Beverages,95.95,282,27057.9,10
2026-03-20,SKU_1013,Coca Cola 2L Regular,Coca Cola,Beverages,99.39,249,24748.11,0
2026-03-21,SKU_1013,Coca Cola 2L Regular,Coca Cola,Beverages,95.51,259,24737.09,0
2026-03-22,SKU_1013,Coca Cola 2L Regular,Coca Cola,Beverages,99.6,241,24003.6,0
2026-03-23,SKU_1013,Coca Cola 2L Regular,Coca Cola,Beverages,92.3,255,23536.5,0
2026-03-24,SKU_1013,Coca Cola 2L Regular,Coca Cola,Beverages,90.73,262,23771.26,0
2026-03-25,SKU_1013,Coca Cola 2L Regular,Coca Cola,Beverages,97.98,230,22535.4,0
2026-03-26,SKU_1013,Coca Cola 2L Regular,Coca Cola,Beverages,99.5,243,24178.5,5
2026-03-27,SKU_1013,Coca Cola 2L Regular,Coca Cola,Beverages,93.91,234,21974.94,0
2026-03-28,SKU_1013,Coca Cola 2L Regular,Coca Cola,Beverages,99.14,233,23099.62,0
2026-03-29,SKU_1013,Coca Cola 2L Regular,Coca Cola,Beverages,96.7,243,23498.1,0
2026-03-30,SKU_1013,Coca Cola 2L Regular,Coca Cola,Beverages,97.21,234,22747.14,0
2026-03-31,SKU_1013,Coca Cola 2L Regular,Coca Cola,Beverages,96.71,306,29593.26,10
2026-04-01,SKU_1013,Coca Cola 2L Regular,Coca Cola,Beverages,99.07,312,30909.84,0
2026-04-02,SKU_1013,Coca Cola 2L Regular,Coca Cola,Beverages,96.08,315,30265.2,0
2026-04-03,SKU_1013,Coca Cola 2L Regular,Coca Cola,Beverages,101.7,286,29086.2,0
2026-04-04,SKU_1013,Coca Cola 2L Regular,Coca Cola,Beverages,92.28,346,31928.88,5
2026-04-05,SKU_1013,Coca Cola 2L Regular,Coca Cola,Beverages,94.17,308,29004.36,5
2026-04-06,SKU_1013,Coca Cola 2L Regular,Coca Cola,Beverages,102.52,304,31166.08,0
2026-04-07,SKU_1013,Coca Cola 2L Regular,Coca Cola,Beverages,92.71,320,29667.2,5
2026-04-08,SKU_1013,Coca Cola 2L Regular,Coca Cola,Beverages,91.42,351,32088.42,10
2026-04-09,SKU_1013,Coca Cola 2L Regular,Coca Cola,Beverages,91.07,313,28504.91,0
2026-04-10,SKU_1013,Coca Cola 2L Regular,Coca Cola,Beverages,94.51,325,30715.75,0
2026-04-11,SKU_1013,Coca Cola 2L Regular,Coca Cola,Beverages,93.64,366,34272.24,5
2026-04-12,SKU_1013,Coca Cola 2L Regular,Coca Cola,Beverages,99.26,325,32259.5,5
2026-04-13,SKU_1013,Coca Cola 2L Regular,Coca Cola,Beverages,93.4,312,29140.8,0
2026-04-14,SKU_1013,Coca Cola 2L Regular,Coca Cola,Beverages,91.21,339,30920.19,0
2026-04-15,SKU_1013,Coca Cola 2L Regular,Coca Cola,Beverages,93.71,312,29237.52,0
2026-04-16,SKU_1013,Coca Cola 2L Regular,Coca Cola,Beverages,91.81,359,32959.79,5
2026-04-17,SKU_1013,Coca Cola 2L Regular,Coca Cola,Beverages,97.36,323,31447.28,10
2026-04-18,SKU_1013,Coca Cola 2L Regular,Coca Cola,Beverages,102.19,312,31883.28,10
2026-04-19,SKU_1013,Coca Cola 2L Regular,Coca Cola,Beverages,101.48,284,28820.32,0
2026-04-20,SKU_1013,Coca Cola 2L Regular,Coca Cola,Beverages,99.92,277,27677.84,0
2026-04-21,SKU_1013,Coca Cola 2L Regular,Coca Cola,Beverages,101.73,296,30112.08,0
2026-04-22,SKU_1013,Coca Cola 2L Regular,Coca Cola,Beverages,92.29,315,29071.35,0
2026-04-23,SKU_1013,Coca Cola 2L Regular,Coca Cola,Beverages,91.21,324,29552.04,0
2026-04-24,SKU_1013,Coca Cola 2L Regular,Coca Cola,Beverages,96.57,326,31481.82,5
2026-04-25,SKU_1013,Coca Cola 2L Regular,Coca Cola,Beverages,93.99,316,29700.84,0
2026-04-26,SKU_1013,Coca Cola 2L Regular,Coca Cola,Beverages,97.17,355,34495.35,5
2026-04-27,SKU_1013,Coca Cola 2L Regular,Coca Cola,Beverages,96.11,350,33638.5,10
2026-04-28,SKU_1013,Coca Cola 2L Regular,Coca Cola,Beverages,96.8,298,28846.4,0
2026-04-29,SKU_1013,Coca Cola 2L Regular,Coca Cola,Beverages,102.05,292,29798.6,0
2026-04-30,SKU_1013,Coca Cola 2L Regular,Coca Cola,Beverages,99.04,332,32881.28,10
2026-05-01,SKU_1013,Coca Cola 2L Regular,Coca Cola,Beverages,96.3,307,29564.1,0
2026-05-02,SKU_1013,Coca Cola 2L Regular,Coca Cola,Beverages,97.14,321,31181.94,0
2026-05-03,SKU_1013,Coca Cola 2L Regular,Coca Cola,Beverages,92.45,342,31617.9,5
2026-05-04,SKU_1013,Coca Cola 2L Regular,Coca Cola,Beverages,98.52,280,27585.6,0
2026-05-05,SKU_1013,Coca Cola 2L Regular,Coca Cola,Beverages,97.87,311,30437.57,0
2026-05-06,SKU_1013,Coca Cola 2L Regular,Coca Cola,Beverages,94.97,307,29155.79,0
2026-05-07,SKU_1013,Coca Cola 2L Regular,Coca Cola,Beverages,92.67,330,30581.1,0
2026-05-08,SKU_1013,Coca Cola 2L Regular,Coca Cola,Beverages,90.32,339,30618.48,0
2026-05-09,SKU_1013,Coca Cola 2L Regular,Coca Cola,Beverages,101.5,307,31160.5,10
2026-05-10,SKU_1013,Coca Cola 2L Regular,Coca Cola,Beverages,90.41,337,30468.17,0
2026-05-11,SKU_1013,Coca Cola 2L Regular,Coca Cola,Beverages,98.17,297,29156.49,0
2026-05-12,SKU_1013,Coca Cola 2L Regular,Coca Cola,Beverages,93.64,353,33054.92,10
2026-05-13,SKU_1013,Coca Cola 2L Regular,Coca Cola,Beverages,90.63,364,32989.32,5
2026-05-14,SKU_1013,Coca Cola 2L Regular,Coca Cola,Beverages,98.06,355,34811.3,5
2026-05-15,SKU_1013,Coca Cola 2L Regular,Coca Cola,Beverages,101.06,268,27084.08,0
2026-05-16,SKU_1013,Coca Cola 2L Regular,Coca Cola,Beverages,90.72,317,28758.24,0
2026-05-17,SKU_1013,Coca Cola 2L Regular,Coca Cola,Beverages,98.96,307,30380.72,0
2026-05-18,SKU_1013,Coca Cola 2L Regular,Coca Cola,Beverages,91.27,332,30301.64,0
