customer_data/sales_history.csv
date,product_id,product_name,brand,category,selling_price,units_sold,revenue,promotion_discount_pct
2025-11-20,SKU_1014,Coca Cola 2L Value,Coca Cola,Beverages,109.13,307,33502.91,0
2025-11-21,SKU_1014,Coca Cola 2L Value,Coca Cola,Beverages,112.96,274,30951.04,0
2025-11-22,SKU_1014,Coca Cola 2L Value,Coca Cola,Beverages,122.87,292,35878.04,10
2025-11-23,SKU_1014,Coca Cola 2L Value,Coca Cola,Beverages,108.55,298,32347.9,0
2025-11-24,SKU_1014,Coca Cola 2L Value,Coca Cola,Beverages,121.6,316,38425.6,10
2025-11-25,SKU_1014,Coca Cola 2L Value,Coca Cola,Beverages,122.29,277,33874.33,5
2025-11-26,SKU_1014,Coca Cola 2L Value,Coca Cola,Beverages,120.71,252,30418.92,0
2025-11-27,SKU_1014,Coca Cola 2L Value,Coca Cola,Beverages,111.16,312,34681.92,0
2025-11-28,SKU_1014,Coca Cola 2L Value,Coca Cola,Beverages,119.1,267,31799.7,5
2025-11-29,SKU_1014,Coca Cola 2L Value,Coca Cola,Beverages,112.38,335,37647.3,10
2025-11-30,SKU_1014,Coca Cola 2L Value,Coca Cola,Beverages,110.86,302,33479.72,0
2025-12-01,SKU_1014,Coca Cola 2L Value,Coca Cola,Beverages,112.91,261,29469.51,0
2025-12-02,SKU_1014,Coca Cola 2L Value,Coca Cola,Beverages,113.36,242,27433.12,0
2025-12-03,SKU_1014,Coca Cola 2L Value,Coca Cola,Beverages,116.69,225,26255.25,0
2025-12-04,SKU_1014,Coca Cola 2L Value,Coca Cola,Beverages,121.9,238,29012.2,0
2025-12-05,SKU_1014,Coca Cola 2L Value,Coca Cola,Beverages,111.05,267,29650.35,0
2025-12-06,SKU_1014,Coca Cola 2L Value,Coca Cola,Beverages,119.66,237,28359.42,0
2025-12-07,SKU_1014,Coca Cola 2L Value,Coca Cola,Beverages,117.75,226,26611.5,0
2025-12-08,SKU_1014,Coca Cola 2L Value,Coca Cola,Beverages,112.86,258,29117.88,0
2025-12-09,SKU_1014,Coca Cola 2L Value,Coca Cola,Beverages,119.38,239,28531.82,0
2025-12-10,SKU_1014,Coca Cola 2L Value,Coca Cola,Beverages,109.09,267,29127.03,0
2025-12-11,SKU_1014,Coca Cola 2L Value,Coca Cola,Beverages,112.43,280,31480.4,5
2025-12-12,SKU_1014,Coca Cola 2L Value,Coca Cola,Beverages,120.68,244,29445.92,0
2025-12-13,SKU_1014,Coca Cola 2L Value,Coca Cola,Beverages,110.92,278,30835.76,5
2025-12-14,SKU_1014,Coca Cola 2L Value,Coca Cola,Beverages,109.67,242,26540.14,0
2025-12-15,SKU_1014,Coca Cola 2L Value,Coca Cola,Beverages,113.47,289,32792.83,5
2025-12-16,SKU_1014,Coca Cola 2L Value,Coca Cola,Beverages,117.65,222,26118.3,0
2025-12-17,SKU_1014,Coca Cola 2L Value,Coca Cola,Beverages,122.37,222,27166.14,0
2025-12-18,SKU_1014,Coca Cola 2L Value,Coca Cola,Beverages,116.27,262,30462.74,5
2025-12-19,SKU_1014,Coca Cola 2L Value,Coca Cola,Beverages,117.87,223,26285.01,0
2025-12-20,SKU_1014,Coca Cola 2L Value,Coca Cola,Beverages,111.37,279,31072.23,10
2025-12-21,SKU_1014,Coca Cola 2L Value,Coca Cola,Beverages,120.6,215,25929.0,0
2025-12-22,SKU_1014,Coca Cola 2L Value,Coca Cola,Beverages,115.91,253,29325.23,0
2025-12-23,SKU_1014,Coca Cola 2L Value,Coca Cola,Beverages,115.23,260,29959.8,0
2025-12-24,SKU_1014,Coca Cola 2L Value,Coca Cola,Beverages,115.96,243,28178.28,5
2025-12-25,SKU_1014,Coca Cola 2L Value,Coca Cola,Beverages,115.22,285,32837.7,10
2025-12-26,SKU_1014,Coca Cola 2L Value,Coca Cola,Beverages,118.06,235,27744.1,0
2025-12-27,SKU_1014,Coca Cola 2L Value,Coca Cola,Beverages,118.69,228,27061.32,0
2025-12-28,SKU_1014,Coca Cola 2L Value,Coca Cola,Beverages,110.65,241,26666.65,0
2025-12-29,SKU_1014,Coca Cola 2L Value,Coca Cola,Beverages,117.9,240,28296.0,0
2025-12-30,SKU_1014,Coca Cola 2L Value,Coca Cola,Beverages,112.84,260,29338.4,0
2025-12-31,SKU_1014,Coca Cola 2L Value,Coca Cola,Beverages,119.45,268,32012.6,10
2026-01-01,SKU_1014,Coca Cola 2L Value,Coca Cola,Beverages,117.1,251,29392.1,5
2026-01-02,SKU_1014,Coca Cola 2L Value,Coca Cola,Beverages,120.66,220,26545.2,0
2026-01-03,SKU_1014,Coca Cola 2L Value,Coca Cola,Beverages,117.21,257,30122.97,5
2026-01-04,SKU_1014,Coca Cola 2L Value,Coca Cola,Beverages,108.89,256,27875.84,0
2026-01-05,SKU_1014,Coca Cola 2L Value,Coca Cola,Beverages,119.61,235,28108.35,10
2026-01-06,SKU_1014,Coca Cola 2L Value,Coca Cola,Beverages,114.54,262,30009.48,10
2026-01-07,SKU_1014,Coca Cola 2L Value,Coca Cola,Beverages,117.09,250,29272.5,0
2026-01-08,SKU_1014,Coca Cola 2L Value,Coca Cola,Beverages,121.97,253,30858.41,10
2026-01-09,SKU_1014,Coca Cola 2L Value,Coca Cola,Beverages,122.4,222,27172.8,0
2026-01-10,SKU_1014,Coca Cola 2L Value,Coca Cola,Beverages,110.22,269,29649.18,0
2026-01-11,SKU_1014,Coca Cola 2L Value,Coca Cola,Beverages,122.68,222,27234.96,0
2026-01-12,SKU_1014,Coca Cola 2L Value,Coca Cola,Beverages,120.18,231,27761.58,0
2026-01-13,SKU_1014,Coca Cola 2L Value,Coca Cola,Beverages,115.13,235,27055.55,0
2026-01-14,SKU_1014,Coca Cola 2L Value,Coca Cola,Beverages,121.39,235,28526.65,0
2026-01-15,SKU_1014,Coca Cola 2L Value,Coca Cola,Beverages,111.04,287,31868.48,5
2026-01-16,SKU_1014,Coca Cola 2L Value,Coca Cola,Beverages,119.03,283,33685.49,10
2026-01-17,SKU_1014,Coca Cola 2L Value,Coca Cola,Beverages,119.79,233,27911.07,0
2026-01-18,SKU_1014,Coca Cola 2L Value,Coca Cola,Beverages,113.41,290,32888.9,5
2026-01-19,SKU_1014,Coca Cola 2L Value,Coca Cola,Beverages,111.45,279,31094.55,5
2026-01-20,SKU_1014,Coca Cola 2L Value,Coca Cola,Beverages,115.17,257,29598.69,0
2026-01-21,SKU_1014,Coca Cola 2L Value,Coca Cola,Beverages,114.04,246,28053.84,0
2026-01-22,SKU_1014,Coca Cola 2L Value,Coca Cola,Beverages,114.23,245,27986.35,0
2026-01-23,SKU_1014,Coca Cola 2L Value,Coca Cola,Beverages,120.45,264,31798.8,5
2026-01-24,SKU_1014,Coca Cola 2L Value,Coca Cola,Beverages,114.14,286,32644.04,5
2026-01-25,SKU_1014,Coca Cola 2L Value,Coca Cola,Beverages,119.27,220,26239.4,0
2026-01-26,SKU_1014,Coca Cola 2L Value,Coca Cola,Beverages,121.42,237,28776.54,0
2026-01-27,SKU_1014,Coca Cola 2L Value,Coca Cola,Beverages,113.77,239,27191.03,0
2026-01-28,SKU_1014,Coca Cola 2L Value,Coca Cola,Beverages,117.35,244,28633.4,0
2026-01-29,SKU_1014,Coca Cola 2L Value,Coca Cola,Beverages,117.87,250,29467.5,0
2026-01-30,SKU_1014,Coca Cola 2L Value,Coca Cola,Beverages,108.96,268,29201.28,0
2026-01-31,SKU_1014,Coca Cola 2L Value,Coca Cola,Beverages,113.33,266,30145.78,5
2026-02-01,SKU_1014,Coca Cola 2L Value,Coca Cola,Beverages,112.52,264,29705.28,5
2026-02-02,SKU_1014,Coca Cola 2L Value,Coca Cola,Beverages,112.17,241,27032.97,0
2026-02-03,SKU_1014,Coca Cola 2L Value,Coca Cola,Beverages,110.72,266,29451.52,0
2026-02-04,SKU_1014,Coca Cola 2L Value,Coca Cola,Beverages,115.19,238,27415.22,0
2026-02-05,SKU_1014,Coca Cola 2L Value,Coca Cola,Beverages,118.02,237,27970.74,0
2026-02-06,SKU_1014,Coca Cola 2L Value,Coca Cola,Beverages,110.68,270,29883.6,10
2026-02-07,SKU_1014,Coca Cola 2L Value,Coca Cola,Beverages,118.47,253,29972.91,5
2026-02-08,SKU_1014,Coca Cola 2L Value,Coca Cola,Beverages,119.73,238,28495.74,0
2026-02-09,SKU_1014,Coca Cola 2L Value,Coca Cola,Beverages,119.3,251,29944.3,5
2026-02-10,SKU_1014,Coca Cola 2L Value,Coca Cola,Beverages,113.83,256,29140.48,0
2026-02-11,SKU_1014,Coca Cola 2L Value,Coca Cola,Beverages,120.81,218,26336.58,0
2026-02-12,SKU_1014,Coca Cola 2L Value,Coca Cola,Beverages,119.94,248,29745.12,10
2026-02-13,SKU_1014,Coca Cola 2L Value,Coca Cola,Beverages,113.98,248,28267.04,0
2026-02-14,SKU_1014,Coca Cola 2L Value,Coca Cola,Beverages,108.4,268,29051.2,10
2026-02-15,SKU_1014,Coca Cola 2L Value,Coca Cola,Beverages,111.23,273,30365.79,5
2026-02-16,SKU_1014,Coca Cola 2L Value,Coca Cola,Beverages,109.02,265,28890.3,0
2026-02-17,SKU_1014,Coca Cola 2L Value,Coca Cola,Beverages,121.16,216,26170.56,0
2026-02-18,SKU_1014,Coca Cola 2L Value,Coca Cola,Beverages,121.48,236,28669.28,0
2026-02-19,SKU_1014,Coca Cola 2L Value,Coca Cola,Beverages,114.61,229,26245.69,0
2026-02-20,SKU_1014,Coca Cola 2L Value,Coca Cola,Beverages,116.34,234,27223.56,0
2026-02-21,SKU_1014,Coca Cola 2L Value,Coca Cola,Beverages,114.48,253,28963.44,0
2026-02-22,SKU_1014,Coca Cola 2L Value,Coca Cola,Beverages,117.73,232,27313.36,0
2026-02-23,SKU_1014,Coca Cola 2L Value,Coca Cola,Beverages,119.15,240,28596.0,5
2026-02-24,SKU_1014,Coca Cola 2L Value,Coca Cola,Beverages,110.9,251,27835.9,0
2026-02-25,SKU_1014,Coca Cola 2L Value,Coca Cola,Beverages,119.07,267,31791.69,5
2026-02-26,SKU_1014,Coca Cola 2L Value,Coca Cola,Beverages,112.37,284,31913.08,10
2026-02-27,SKU_1014,Coca Cola 2L Value,Coca Cola,Beverages,121.92,247,30114.24,10
2026-02-28,SKU_1014,Coca Cola 2L Value,Coca Cola,Beverages,115.09,255,29347.95,0
2026-03-01,SKU_1014,Coca Cola 2L Value,Coca Cola,Beverages,108.87,275,29939.25,0
2026-03-02,SKU_1014,Coca Cola 2L Value,Coca Cola,Beverages,113.96,245,27920.2,0
2026-03-03,SKU_1014,Coca Cola 2L Value,Coca Cola,Beverages,113.31,262,29687.22,0
2026-03-04,SKU_1014,Coca Cola 2L Value,Coca Cola,Beverages,114.56,242,27723.52,0
2026-03-05,SKU_1014,Coca Cola 2L Value,Coca Cola,Beverages,118.99,246,29271.54,0
2026-03-06,SKU_1014,Coca Cola 2L Value,Coca Cola,Beverages,120.7,218,26312.6,0
2026-03-07,SKU_1014,Coca Cola 2L Value,Coca Cola,Beverages,120.06,236,28334.16,0
2026-03-08,SKU_1014,Coca Cola 2L Value,Coca Cola,Beverages,117.42,238,27945.96,0
2026-03-09,SKU_1014,Coca Cola 2L Value,Coca Cola,Beverages,118.59,263,31189.17,10
2026-03-10,SKU_1014,Coca Cola 2L Value,Coca Cola,Beverages,111.49,260,28987.4,0
2026-03-11,SKU_1014,Coca Cola 2L Value,Coca Cola,Beverages,119.37,237,28290.69,0
2026-03-12,SKU_1014,Coca Cola 2L Value,Coca Cola,Beverages,115.73,269,31131.37,5
2026-03-13,SKU_1014,Coca Cola 2L Value,Coca Cola,Beverages,110.99,242,26859.58,0
2026-03-14,SKU_1014,Coca Cola 2L Value,Coca Cola,Beverages,114.33,289,33041.37,5
2026-03-15,SKU_1014,Coca Cola 2L Value,Coca Cola,Beverages,110.22,301,33176.22,10
2026-03-16,SKU_1014,Coca Cola 2L Value,Coca Cola,Beverages,122.76,241,29585.16,0
2026-03-17,SKU_1014,Coca Cola 2L Value,Coca Cola,Beverages,111.63,263,29358.69,0
2026-03-18,SKU_1014,Coca Cola 2L Value,Coca Cola,Beverages,109.24,316,34519.84,10
2026-03-19,SKU_1014,Coca Cola 2L Value,Coca Cola,Beverages,115.13,274,31545.62,10
2026-03-20,SKU_1014,Coca Cola 2L Value,Coca Cola,Beverages,116.32,245,28498.4,10
2026-03-21,SKU_1014,Coca Cola 2L Value,Coca Cola,Beverages,113.38,250,28345.0,5
2026-03-22,SKU_1014,Coca Cola 2L Value,Coca Cola,Beverages,115.15,252,29017.8,0
2026-03-23,SKU_1014,Coca Cola 2L Value,Coca Cola,Beverages,116.19,268,31138.92,5
2026-03-24,SKU_1014,Coca Cola 2L Value,Coca Cola,Beverages,114.27,274,31309.98,10
2026-03-25,SKU_1014,Coca Cola 2L Value,Coca Cola,Beverages,109.46,254,27802.84,0
2026-03-26,SKU_1014,Coca Cola 2L Value,Coca Cola,Beverages,109.53,301,32968.53,10
2026-03-27,SKU_1014,Coca Cola 2L Value,Coca Cola,Beverages,112.81,286,32263.66,5
2026-03-28,SKU_1014,Coca Cola 2L Value,Coca Cola,Beverages,115.23,259,29844.57,10
2026-03-29,SKU_1014,Coca Cola 2L Value,Coca Cola,Beverages,117.55,274,32208.7,5
2026-03-30,SKU_1014,Coca Cola 2L Value,Coca Cola,Beverages,108.65,290,31508.5,10
2026-03-31,SKU_1014,Coca Cola 2L Value,Coca Cola,Beverages,115.57,255,29470.35,10
2026-04-01,SKU_1014,Coca Cola 2L Value,Coca Cola,Beverages,113.91,304,34628.64,0
2026-04-02,SKU_1014,Coca Cola 2L Value,Coca Cola,Beverages,109.74,300,32922.0,0
2026-04-03,SKU_1014,Coca Cola 2L Value,Coca Cola,Beverages,116.76,312,36429.12,0
2026-04-04,SKU_1014,Coca Cola 2L Value,Coca Cola,Beverages,119.67,311,37217.37,5
2026-04-05,SKU_1014,Coca Cola 2L Value,Coca Cola,Beverages,114.35,365,41737.75,5
2026-04-06,SKU_1014,Coca Cola 2L Value,Coca Cola,Beverages,117.18,314,36794.52,0
2026-04-07,SKU_1014,Coca Cola 2L Value,Coca Cola,Beverages,117.64,285,33527.4,0
2026-04-08,SKU_1014,Coca Cola 2L Value,Coca Cola,Beverages,115.74,310,35879.4,0
2026-04-09,SKU_1014,Coca Cola 2L Value,Coca Cola,Beverages,121.03,307,37156.21,5
2026-04-10,SKU_1014,Coca Cola 2L Value,Coca Cola,Beverages,120.54,304,36644.16,0
2026-04-11,SKU_1014,Coca Cola 2L Value,Coca Cola,Beverages,114.23,297,33926.31,0
2026-04-12,SKU_1014,Coca Cola 2L Value,Coca Cola,Beverages,119.61,296,35404.56,0
2026-04-13,SKU_1014,Coca Cola 2L Value,Coca Cola,Beverages,113.98,340,38753.2,5
2026-04-14,SKU_1014,Coca Cola 2L Value,Coca Cola,Beverages,111.1,306,33996.6,0
2026-04-15,SKU_1014,Coca Cola 2L Value,Coca Cola,Beverages,110.35,306,33767.1,0
2026-04-16,SKU_1014,Coca Cola 2L Value,Coca Cola,Beverages,117.19,303,35508.57,0
2026-04-17,SKU_1014,Coca Cola 2L Value,Coca Cola,Beverages,113.12,356,40270.72,10
2026-04-18,SKU_1014,Coca Cola 2L Value,Coca Cola,Beverages,115.29,298,34356.42,0
2026-04-19,SKU_1014,Coca Cola 2L Value,Coca Cola,Beverages,108.64,365,39653.6,5
2026-04-20,SKU_1014,Coca Cola 2L Value,Coca Cola,Beverages,115.88,300,34764.0,0
2026-04-21,SKU_1014,Coca Cola 2L Value,Coca Cola,Beverages,115.08,314,36135.12,0
2026-04-22,SKU_1014,Coca Cola 2L Value,Coca Cola,Beverages,110.9,309,34268.1,0
2026-04-23,SKU_1014,Coca Cola 2L Value,Coca Cola,Beverages,113.08,328,37090.24,0
2026-04-24,SKU_1014,Coca Cola 2L Value,Coca Cola,Beverages,111.37,308,34301.96,0
2026-04-25,SKU_1014,Coca Cola 2L Value,Coca Cola,Beverages,118.43,291,34463.13,0
2026-04-26,SKU_1014,Coca Cola 2L Value,Coca Cola,Beverages,120.11,299,35912.89,10
2026-04-27,SKU_1014,Coca Cola 2L Value,Coca Cola,Beverages,109.95,306,33644.7,0
2026-04-28,SKU_1014,Coca Cola 2L Value,Coca Cola,Beverages,121.22,281,34062.82,0
2026-04-29,SKU_1014,Coca Cola 2L Value,Coca Cola,Beverages,115.15,294,33854.1,0
2026-04-30,SKU_1014,Coca Cola 2L Value,Coca Cola,Beverages,119.39,347,41428.33,5
2026-05-01,SKU_1014,Coca Cola 2L Value,Coca Cola,Beverages,116.0,296,34336.0,5
2026-05-02,SKU_1014,Coca Cola 2L Value,Coca Cola,Beverages,119.9,294,35250.6,10
2026-05-03,SKU_1014,Coca Cola 2L Value,Coca Cola,Beverages,118.91,321,38170.11,10
2026-05-04,SKU_1014,Coca Cola 2L Value,Coca Cola,Beverages,108.65,304,33029.6,0
2026-05-05,SKU_1014,Coca Cola 2L Value,Coca Cola,Beverages,112.64,297,33454.08,0
2026-05-06,SKU_1014,Coca Cola 2L Value,Coca Cola,Beverages,113.69,339,38540.91,10
2026-05-07,SKU_1014,Coca Cola 2L Value,Coca Cola,Beverages,117.93,297,35025.21,0
2026-05-08,SKU_1014,Coca Cola 2L Value,Coca Cola,Beverages,109.84,359,39432.56,10
2026-05-09,SKU_1014,Coca Cola 2L Value,Coca Cola,Beverages,120.03,288,34568.64,0
2026-05-10,SKU_1014,Coca Cola 2L Value,Coca Cola,Beverages,114.42,311,35584.62,0
2026-05-11,SKU_1014,Coca Cola 2L Value,Coca Cola,Beverages,120.09,274,32904.66,0
2026-05-12,SKU_1014,Coca Cola 2L Value,Coca Cola,Beverages,113.19,353,39956.07,5
2026-05-13,SKU_1014,Coca Cola 2L Value,Coca Cola,Beverages,118.81,309,36712.29,0
2026-05-14,SKU_1014,Coca Cola 2L Value,Coca Cola,Beverages,113.38,311,35261.18,0
2026-05-15,SKU_1014,Coca Cola 2L Value,Coca Cola,Beverages,119.97,314,37670.58,10
2026-05-16,SKU_1014,Coca Cola 2L Value,Coca Cola,Beverages,117.11,290,33961.9,0
2026-05-17,SKU_1014,Coca Cola 2L Value,Coca Cola,Beverages,116.03,316,36665.48,0
2026-05-18,SKU_1014,Coca Cola 2L Value,Coca Cola,Beverages,116.65,310,36161.5,0
