customer_data/sales_history.csv
date,product_id,product_name,brand,category,selling_price,units_sold,revenue,promotion_discount_pct
2025-11-20,SKU_1015,Coca Cola 2L Family,Coca Cola,Beverages,152.88,262,40054.56,0
2025-11-21,SKU_1015,Coca Cola 2L Family,Coca Cola,Beverages,144.18,297,42821.46,0
2025-11-22,SKU_1015,Coca Cola 2L Family,Coca Cola,Beverages,138.24,284,39260.16,0
2025-11-23,SKU_1015,Coca Cola 2L Family,Coca Cola,Beverages,138.09,295,40736.55,5
2025-11-24,SKU_1015,Coca Cola 2L Family,Coca Cola,Beverages,147.17,284,41796.28,0
2025-11-25,SKU_1015,Coca Cola 2L Family,Coca Cola,Beverages,146.18,287,41953.66,0
2025-11-26,SKU_1015,Coca Cola 2L Family,Coca Cola,Beverages,140.18,300,42054.0,10
2025-11-27,SKU_1015,Coca Cola 2L Family,Coca Cola,Beverages,144.21,269,38792.49,0
2025-11-28,SKU_1015,Coca Cola 2L Family,Coca Cola,Beverages,147.3,273,40212.9,10
2025-11-29,SKU_1015,Coca Cola 2L Family,Coca Cola,Beverages,145.07,302,43811.14,5
2025-11-30,SKU_1015,Coca Cola 2L Family,Coca Cola,Beverages,138.51,307,42522.57,0
2025-12-01,SKU_1015,Coca Cola 2L Family,Coca Cola,Beverages,144.34,244,35218.96,0
2025-12-02,SKU_1015,Coca Cola 2L Family,Coca Cola,Beverages,141.72,244,34579.68,0
2025-12-03,SKU_1015,Coca Cola 2L Family,Coca Cola,Beverages,138.16,254,35092.64,0
2025-12-04,SKU_1015,Coca Cola 2L Family,Coca Cola,Beverages,147.42,249,36707.58,5
2025-12-05,SKU_1015,Coca Cola 2L Family,Coca Cola,Beverages,152.28,252,38374.56,10
2025-12-06,SKU_1015,Coca Cola 2L Family,Coca Cola,Beverages,139.61,258,36019.38,0
2025-12-07,SKU_1015,Coca Cola 2L Family,Coca Cola,Beverages,142.76,262,37403.12,0
2025-12-08,SKU_1015,Coca Cola 2L Family,Coca Cola,Beverages,144.77,297,42996.69,10
2025-12-09,SKU_1015,Coca Cola 2L Family,Coca Cola,Beverages,149.11,212,31611.32,0
2025-12-10,SKU_1015,Coca Cola 2L Family,Coca Cola,Beverages,143.65,257,36918.05,0
2025-12-11,SKU_1015,Coca Cola 2L Family,Coca Cola,Beverages,140.12,264,36991.68,0
2025-12-12,SKU_1015,Coca Cola 2L Family,Coca Cola,Beverages,139.6,265,36994.0,0
2025-12-13,SKU_1015,Coca Cola 2L Family,Coca Cola,Beverages,136.12,283,38521.96,10
2025-12-14,SKU_1015,Coca Cola 2L Family,Coca Cola,Beverages,137.07,254,34815.78,0
2025-12-15,SKU_1015,Coca Cola 2L Family,Coca Cola,Beverages,152.16,222,33779.52,0
2025-12-16,SKU_1015,Coca Cola 2L Family,Coca Cola,Beverages,136.5,281,38356.5,10
2025-12-17,SKU_1015,Coca Cola 2L Family,Coca Cola,Beverages,146.14,271,39603.94,10
2025-12-18,SKU_1015,Coca Cola 2L Family,Coca Cola,Beverages,149.85,223,33416.55,0
2025-12-19,SKU_1015,Coca Cola 2L Family,Coca Cola,Beverages,139.01,253,35169.53,0
2025-12-20,SKU_1015,Coca Cola 2L Family,Coca Cola,Beverages,144.19,271,39075.49,10
2025-12-21,SKU_1015,Coca Cola 2L Family,Coca Cola,Beverages,146.46,238,34857.48,0
2025-12-22,SKU_1015,Coca Cola 2L Family,Coca Cola,Beverages,146.15,221,32299.15,0
2025-12-23,SKU_1015,Coca Cola 2L Family,Coca Cola,Beverages,148.71,246,36582.66,0
2025-12-24,SKU_1015,Coca Cola 2L Family,Coca Cola,Beverages,146.29,262,38327.98,5
2025-12-25,SKU_1015,Coca Cola 2L Family,Coca Cola,Beverages,140.04,263,36830.52,0
2025-12-26,SKU_1015,Coca Cola 2L Family,Coca Cola,Beverages,144.5,289,41760.5,10
2025-12-27,SKU_1015,Coca Cola 2L Family,Coca Cola,Beverages,144.9,240,34776.0,0
2025-12-28,SKU_1015,Coca Cola 2L Family,Coca Cola,Beverages,140.27,269,37732.63,0
2025-12-29,SKU_1015,Coca Cola 2L Family,Coca Cola,Beverages,140.47,238,33431.86,0
2025-12-30,SKU_1015,Coca Cola 2L Family,Coca Cola,Beverages,146.97,234,34390.98,0
2025-12-31,SKU_1015,Coca Cola 2L Family,Coca Cola,Beverages,144.41,261,37691.01,10
2026-01-01,SKU_1015,Coca Cola 2L Family,Coca Cola,Beverages,144.56,267,38597.52,5
2026-01-02,SKU_1015,Coca Cola 2L Family,Coca Cola,Beverages,141.02,261,36806.22,5
2026-01-03,SKU_1015,Coca Cola 2L Family,Coca Cola,Beverages,147.19,239,35178.41,0
2026-01-04,SKU_1015,Coca Cola 2L Family,Coca Cola,Beverages,138.96,263,36546.48,0
2026-01-05,SKU_1015,Coca Cola 2L Family,Coca Cola,Beverages,139.32,258,35944.56,0
2026-01-06,SKU_1015,Coca Cola 2L Family,Coca Cola,Beverages,149.57,219,32755.83,0
2026-01-07,SKU_1015,Coca Cola 2L Family,Coca Cola,Beverages,152.56,236,36004.16,0
2026-01-08,SKU_1015,Coca Cola 2L Family,Coca Cola,Beverages,141.37,294,41562.78,5
2026-01-09,SKU_1015,Coca Cola 2L Family,Coca Cola,Beverages,138.56,250,34640.0,0
2026-01-10,SKU_1015,Coca Cola 2L Family,Coca Cola,Beverages,141.41,290,41008.9,5
2026-01-11,SKU_1015,Coca Cola 2L Family,Coca Cola,Beverages,146.4,230,33672.0,0
2026-01-12,SKU_1015,Coca Cola 2L Family,Coca Cola,Beverages,139.61,248,34623.28,0
2026-01-13,SKU_1015,Coca Cola 2L Family,Coca Cola,Beverages,142.24,261,37124.64,0
2026-01-14,SKU_1015,Coca Cola 2L Family,Coca Cola,Beverages,150.74,222,33464.28,0
2026-01-15,SKU_1015,Coca Cola 2L Family,Coca Cola,Beverages,143.25,255,36528.75,5
2026-01-16,SKU_1015,Coca Cola 2L Family,Coca Cola,Beverages,149.5,267,39916.5,5
2026-01-17,SKU_1015,Coca Cola 2L Family,Coca Cola,Beverages,147.34,283,41697.22,5
2026-01-18,SKU_1015,Coca Cola 2L Family,Coca Cola,Beverages,140.45,238,33427.1,0
2026-01-19,SKU_1015,Coca Cola 2L Family,Coca Cola,Beverages,139.24,244,33974.56,0
2026-01-20,SKU_1015,Coca Cola 2L Family,Coca Cola,Beverages,150.8,254,38303.2,5
2026-01-21,SKU_1015,Coca Cola 2L Family,Coca Cola,Beverages,142.46,252,35899.92,0
2026-01-22,SKU_1015,Coca Cola 2L Family,Coca Cola,Beverages,150.15,266,39939.9,5
2026-01-23,SKU_1015,Coca Cola 2L Family,Coca Cola,Beverages,140.45,239,33567.55,0
2026-01-24,SKU_1015,Coca Cola 2L Family,Coca Cola,Beverages,141.4,295,41713.0,10
2026-01-25,SKU_1015,Coca Cola 2L Family,Coca Cola,Beverages,153.01,250,38252.5,5
2026-01-26,SKU_1015,Coca Cola 2L Family,Coca Cola,Beverages,153.15,209,32008.35,0
2026-01-27,SKU_1015,Coca Cola 2L Family,Coca Cola,Beverages,140.56,264,37107.84,5
2026-01-28,SKU_1015,Coca Cola 2L Family,Coca Cola,Beverages,137.25,267,36645.75,0
2026-01-29,SKU_1015,Coca Cola 2L Family,Coca Cola,Beverages,145.34,226,32846.84,0
2026-01-30,SKU_1015,Coca Cola 2L Family,Coca Cola,Beverages,137.43,249,34220.07,0
2026-01-31,SKU_1015,Coca Cola 2L Family,Coca Cola,Beverages,141.39,302,42699.78,5
2026-02-01,SKU_1015,Coca Cola 2L Family,Coca Cola,Beverages,138.19,254,35100.26,0
2026-02-02,SKU_1015,Coca Cola 2L Family,Coca Cola,Beverages,146.01,258,37670.58,5
2026-02-03,SKU_1015,Coca Cola 2L Family,Coca Cola,Beverages,141.45,248,35079.6,0
2026-02-04,SKU_1015,Coca Cola 2L Family,Coca Cola,Beverages,145.69,223,32488.87,0
2026-02-05,SKU_1015,Coca Cola 2L Family,Coca Cola,Beverages,137.98,248,34219.04,0
2026-02-06,SKU_1015,Coca Cola 2L Family,Coca Cola,Beverages,153.11,258,39502.38,5
2026-02-07,SKU_1015,Coca Cola 2L Family,Coca Cola,Beverages,151.76,238,36118.88,5
2026-02-08,SKU_1015,Coca Cola 2L Family,Coca Cola,Beverages,143.91,229,32955.39,0
2026-02-09,SKU_1015,Coca Cola 2L Family,Coca Cola,Beverages,140.11,266,37269.26,0
2026-02-10,SKU_1015,Coca Cola 2L Family,Coca Cola,Beverages,137.97,303,41804.91,5
2026-02-11,SKU_1015,Coca Cola 2L Family,Coca Cola,Beverages,150.31,244,36675.64,10
2026-02-12,SKU_1015,Coca Cola 2L Family,Coca Cola,Beverages,152.29,232,35331.28,0
2026-02-13,SKU_1015,Coca Cola 2L Family,Coca Cola,Beverages,145.85,267,38941.95,10
2026-02-14,SKU_1015,Coca Cola 2L Family,Coca Cola,Beverages,150.16,260,39041.6,5
2026-02-15,SKU_1015,Coca Cola 2L Family,Coca Cola,Beverages,146.02,228,33292.56,0
2026-02-16,SKU_1015,Coca Cola 2L Family,Coca Cola,Beverages,145.85,250,36462.5,0
2026-02-17,SKU_1015,Coca Cola 2L Family,Coca Cola,Beverages,145.23,254,36888.42,0
2026-02-18,SKU_1015,Coca Cola 2L Family,Coca Cola,Beverages,146.01,245,35772.45,0
2026-02-19,SKU_1015,Coca Cola 2L Family,Coca Cola,Beverages,149.3,284,42401.2,5
2026-02-20,SKU_1015,Coca Cola 2L Family,Coca Cola,Beverages,140.5,254,35687.0,0
2026-02-21,SKU_1015,Coca Cola 2L Family,Coca Cola,Beverages,147.42,253,37297.26,10
2026-02-22,SKU_1015,Coca Cola 2L Family,Coca Cola,Beverages,143.79,283,40692.57,5
2026-02-23,SKU_1015,Coca Cola 2L Family,Coca Cola,Beverages,135.77,268,36386.36,0
2026-02-24,SKU_1015,Coca Cola 2L Family,Coca Cola,Beverages,146.93,223,32765.39,0
2026-02-25,SKU_1015,Coca Cola 2L Family,Coca Cola,Beverages,139.55,258,36003.9,0
2026-02-26,SKU_1015,Coca Cola 2L Family,Coca Cola,Beverages,151.22,238,35990.36,0
2026-02-27,SKU_1015,Coca Cola 2L Family,Coca Cola,Beverages,145.24,230,33405.2,0
2026-02-28,SKU_1015,Coca Cola 2L Family,Coca Cola,Beverages,149.64,237,35464.68,0
2026-03-01,SKU_1015,Coca Cola 2L Family,Coca Cola,Beverages,151.92,248,37676.16,10
2026-03-02,SKU_1015,Coca Cola 2L Family,Coca Cola,Beverages,138.87,269,37356.03,0
2026-03-03,SKU_1015,Coca Cola 2L Family,Coca Cola,Beverages,138.74,316,43841.84,10
2026-03-04,SKU_1015,Coca Cola 2L Family,Coca Cola,Beverages,151.02,246,37150.92,10
2026-03-05,SKU_1015,Coca Cola 2L Family,Coca Cola,Beverages,153.06,237,36275.22,0
2026-03-06,SKU_1015,Coca Cola 2L Family,Coca Cola,Beverages,152.57,226,34480.82,0
2026-03-07,SKU_1015,Coca Cola 2L Family,Coca Cola,Beverages,140.99,240,33837.6,0
2026-03-08,SKU_1015,Coca Cola 2L Family,Coca Cola,Beverages,139.69,256,35760.64,0
2026-03-09,SKU_1015,Coca Cola 2L Family,Coca Cola,Beverages,135.88,291,39541.08,5
2026-03-10,SKU_1015,Coca Cola 2L Family,Coca Cola,Beverages,150.83,260,39215.8,5
2026-03-11,SKU_1015,Coca Cola 2L Family,Coca Cola,Beverages,149.16,244,36395.04,5
2026-03-12,SKU_1015,Coca Cola 2L Family,Coca Cola,Beverages,143.65,250,35912.5,0
2026-03-13,SKU_1015,Coca Cola 2L Family,Coca Cola,Beverages,149.66,217,32476.22,0
2026-03-14,SKU_1015,Coca Cola 2L Family,Coca Cola,Beverages,137.1,297,40718.7,10
2026-03-15,SKU_1015,Coca Cola 2L Family,Coca Cola,Beverages,144.94,251,36379.94,0
2026-03-16,SKU_1015,Coca Cola 2L Family,Coca Cola,Beverages,137.6,282,38803.2,10
2026-03-17,SKU_1015,Coca Cola 2L Family,Coca Cola,Beverages,149.26,217,32389.42,0
2026-03-18,SKU_1015,Coca Cola 2L Family,Coca Cola,Beverages,139.27,259,36070.93,10
2026-03-19,SKU_1015,Coca Cola 2L Family,Coca Cola,Beverages,144.23,249,35913.27,5
2026-03-20,SKU_1015,Coca Cola 2L Family,Coca Cola,Beverages,135.51,331,44853.81,5
2026-03-21,SKU_1015,Coca Cola 2L Family,Coca Cola,Beverages,151.26,219,33125.94,0
2026-03-22,SKU_1015,Coca Cola 2L Family,Coca Cola,Beverages,150.87,230,34700.1,0
2026-03-23,SKU_1015,Coca Cola 2L Family,Coca Cola,Beverages,139.62,287,40070.94,5
2026-03-24,SKU_1015,Coca Cola 2L Family,Coca Cola,Beverages,144.11,236,34009.96,0
2026-03-25,SKU_1015,Coca Cola 2L Family,Coca Cola,Beverages,148.89,237,35286.93,0
2026-03-26,SKU_1015,Coca Cola 2L Family,Coca Cola,Beverages,137.98,276,38082.48,10
2026-03-27,SKU_1015,Coca Cola 2L Family,Coca Cola,Beverages,137.75,279,38432.25,5
2026-03-28,SKU_1015,Coca Cola 2L Family,Coca Cola,Beverages,136.1,262,35658.2,0
2026-03-29,SKU_1015,Coca Cola 2L Family,Coca Cola,Beverages,151.42,208,31495.36,0
2026-03-30,SKU_1015,Coca Cola 2L Family,Coca Cola,Beverages,146.82,250,36705.0,5
2026-03-31,SKU_1015,Coca Cola 2L Family,Coca Cola,Beverages,138.61,262,36315.82,0
2026-04-01,SKU_1015,Coca Cola 2L Family,Coca Cola,Beverages,149.12,269,40113.28,0
2026-04-02,SKU_1015,Coca Cola 2L Family,Coca Cola,Beverages,142.14,302,42926.28,0
2026-04-03,SKU_1015,Coca Cola 2L Family,Coca Cola,Beverages,135.93,354,48119.22,5
2026-04-04,SKU_1015,Coca Cola 2L Family,Coca Cola,Beverages,142.29,350,49801.5,10
2026-04-05,SKU_1015,Coca Cola 2L Family,Coca Cola,Beverages,135.9,344,46749.6,0
2026-04-06,SKU_1015,Coca Cola 2L Family,Coca Cola,Beverages,151.84,271,41148.64,0
2026-04-07,SKU_1015,Coca Cola 2L Family,Coca Cola,Beverages,152.3,336,51172.8,5
2026-04-08,SKU_1015,Coca Cola 2L Family,Coca Cola,Beverages,146.46,291,42619.86,0
2026-04-09,SKU_1015,Coca Cola 2L Family,Coca Cola,Beverages,137.23,319,43776.37,0
2026-04-10,SKU_1015,Coca Cola 2L Family,Coca Cola,Beverages,137.08,343,47018.44,0
2026-04-11,SKU_1015,Coca Cola 2L Family,Coca Cola,Beverages,153.32,335,51362.2,5
2026-04-12,SKU_1015,Coca Cola 2L Family,Coca Cola,Beverages,152.01,339,51531.39,10
2026-04-13,SKU_1015,Coca Cola 2L Family,Coca Cola,Beverages,147.17,342,50332.14,5
2026-04-14,SKU_1015,Coca Cola 2L Family,Coca Cola,Beverages,152.1,303,46086.3,10
2026-04-15,SKU_1015,Coca Cola 2L Family,Coca Cola,Beverages,153.1,282,43174.2,0
2026-04-16,SKU_1015,Coca Cola 2L Family,Coca Cola,Beverages,144.23,310,44711.3,10
2026-04-17,SKU_1015,Coca Cola 2L Family,Coca Cola,Beverages,137.71,327,45031.17,0
2026-04-18,SKU_1015,Coca Cola 2L Family,Coca Cola,Beverages,139.55,309,43120.95,0
2026-04-19,SKU_1015,Coca Cola 2L Family,Coca Cola,Beverages,148.66,314,46679.24,10
2026-04-20,SKU_1015,Coca Cola 2L Family,Coca Cola,Beverages,140.0,304,42560.0,0
2026-04-21,SKU_1015,Coca Cola 2L Family,Coca Cola,Beverages,141.46,328,46398.88,10
2026-04-22,SKU_1015,Coca Cola 2L Family,Coca Cola,Beverages,144.95,315,45659.25,0
2026-04-23,SKU_1015,Coca Cola 2L Family,Coca Cola,Beverages,149.45,299,44685.55,5
2026-04-24,SKU_1015,Coca Cola 2L Family,Coca Cola,Beverages,147.62,292,43105.04,0
2026-04-25,SKU_1015,Coca Cola 2L Family,Coca Cola,Beverages,149.23,273,40739.79,0
2026-04-26,SKU_1015,Coca Cola 2L Family,Coca Cola,Beverages,150.09,260,39023.4,0
2026-04-27,SKU_1015,Coca Cola 2L Family,Coca Cola,Beverages,138.02,299,41267.98,0
2026-04-28,SKU_1015,Coca Cola 2L Family,Coca Cola,Beverages,138.37,334,46215.58,10
2026-04-29,SKU_1015,Coca Cola 2L Family,Coca Cola,Beverages,144.34,345,49797.3,10
2026-04-30,SKU_1015,Coca Cola 2L Family,Coca Cola,Beverages,143.75,317,45568.75,10
2026-05-01,SKU_1015,Coca Cola 2L Family,Coca Cola,Beverages,145.49,320,46556.8,0
2026-05-02,SKU_1015,Coca Cola 2L Family,Coca Cola,Beverages,147.52,296,43665.92,0
2026-05-03,SKU_1015,Coca Cola 2L Family,Coca Cola,Beverages,141.62,310,43902.2,0
2026-05-04,SKU_1015,Coca Cola 2L Family,Coca Cola,Beverages,141.69,342,48457.98,10
2026-05-05,SKU_1015,Coca Cola 2L Family,Coca Cola,Beverages,147.66,291,42969.06,0
2026-05-06,SKU_1015,Coca Cola 2L Family,Coca Cola,Beverages,149.51,300,44853.0,0
2026-05-07,SKU_1015,Coca Cola 2L Family,Coca Cola,Beverages,143.28,314,44989.92,10
2026-05-08,SKU_1015,Coca Cola 2L Family,Coca Cola,Beverages,137.13,324,44430.12,0
2026-05-09,SKU_1015,Coca Cola 2L Family,Coca Cola,Beverages,137.6,343,47196.8,0
2026-05-10,SKU_1015,Coca Cola 2L Family,Coca Cola,Beverages,151.55,333,50466.15,5
2026-05-11,SKU_1015,Coca Cola 2L Family,Coca Cola,Beverages,153.61,316,48540.76,10
2026-05-12,SKU_1015,Coca Cola 2L Family,Coca Cola,Beverages,142.74,323,46105.02,10
2026-05-13,SKU_1015,Coca Cola 2L Family,Coca Cola,Beverages,138.0,337,46506.0,0
2026-05-14,SKU_1015,Coca Cola 2L Family,Coca Cola,Beverages,139.06,353,49088.18,10
2026-05-15,SKU_1015,Coca Cola 2L Family,Coca Cola,Beverages,149.82,314,47043.48,10
2026-05-16,SKU_1015,Coca Cola 2L Family,Coca Cola,Beverages,136.25,334,45507.5,10
2026-05-17,SKU_1015,Coca Cola 2L Family,Coca Cola,Beverages,148.23,288,42690.24,0
2026-05-18,SKU_1015,Coca Cola 2L Family,Coca Cola,Beverages,142.31,296,42123.76,0
