customer_data/sales_history.csv
date,product_id,product_name,brand,category,selling_price,units_sold,revenue,promotion_discount_pct
2025-11-20,SKU_1016,Coke Zero 300ml Mini,Coca Cola,Beverages,28.91,275,7950.25,0
2025-11-21,SKU_1016,Coke Zero 300ml Mini,Coca Cola,Beverages,29.67,291,8633.97,0
2025-11-22,SKU_1016,Coke Zero 300ml Mini,Coca Cola,Beverages,28.57,311,8885.27,5
2025-11-23,SKU_1016,Coke Zero 300ml Mini,Coca Cola,Beverages,27.34,290,7928.6,5
2025-11-24,SKU_1016,Coke Zero 300ml Mini,Coca Cola,Beverages,28.02,308,8630.16,5
2025-11-25,SKU_1016,Coke Zero 300ml Mini,Coca Cola,Beverages,28.33,300,8499.0,0
2025-11-26,SKU_1016,Coke Zero 300ml Mini,Coca Cola,Beverages,26.6,323,8591.8,10
2025-11-27,SKU_1016,Coke Zero 300ml Mini,Coca Cola,Beverages,27.73,313,8679.49,10
2025-11-28,SKU_1016,Coke Zero 300ml Mini,Coca Cola,Beverages,30.09,308,9267.72,5
2025-11-29,SKU_1016,Coke Zero 300ml Mini,Coca Cola,Beverages,27.12,300,8136.0,0
2025-11-30,SKU_1016,Coke Zero 300ml Mini,Coca Cola,Beverages,28.02,301,8434.02,5
2025-12-01,SKU_1016,Coke Zero 300ml Mini,Coca Cola,Beverages,28.75,252,7245.0,0
2025-12-02,SKU_1016,Coke Zero 300ml Mini,Coca Cola,Beverages,26.86,260,6983.6,0
2025-12-03,SKU_1016,Coke Zero 300ml Mini,Coca Cola,Beverages,27.11,300,8133.0,10
2025-12-04,SKU_1016,Coke Zero 300ml Mini,Coca Cola,Beverages,29.05,234,6797.7,0
2025-12-05,SKU_1016,Coke Zero 300ml Mini,Coca Cola,Beverages,29.05,256,7436.8,0
2025-12-06,SKU_1016,Coke Zero 300ml Mini,Coca Cola,Beverages,28.92,260,7519.2,10
2025-12-07,SKU_1016,Coke Zero 300ml Mini,Coca Cola,Beverages,29.41,236,6940.76,0
2025-12-08,SKU_1016,Coke Zero 300ml Mini,Coca Cola,Beverages,29.0,243,7047.0,0
2025-12-09,SKU_1016,Coke Zero 300ml Mini,Coca Cola,Beverages,28.57,230,6571.1,0
2025-12-10,SKU_1016,Coke Zero 300ml Mini,Coca Cola,Beverages,26.86,238,6392.68,0
2025-12-11,SKU_1016,Coke Zero 300ml Mini,Coca Cola,Beverages,29.79,249,7417.71,0
2025-12-12,SKU_1016,Coke Zero 300ml Mini,Coca Cola,Beverages,27.99,231,6465.69,0
2025-12-13,SKU_1016,Coke Zero 300ml Mini,Coca Cola,Beverages,28.88,243,7017.84,0
2025-12-14,SKU_1016,Coke Zero 300ml Mini,Coca Cola,Beverages,29.79,281,8370.99,5
2025-12-15,SKU_1016,Coke Zero 300ml Mini,Coca Cola,Beverages,27.66,233,6444.78,0
2025-12-16,SKU_1016,Coke Zero 300ml Mini,Coca Cola,Beverages,30.23,300,9069.0,10
2025-12-17,SKU_1016,Coke Zero 300ml Mini,Coca Cola,Beverages,27.92,277,7733.84,5
2025-12-18,SKU_1016,Coke Zero 300ml Mini,Coca Cola,Beverages,29.15,238,6937.7,0
2025-12-19,SKU_1016,Coke Zero 300ml Mini,Coca Cola,Beverages,28.92,238,6882.96,0
2025-12-20,SKU_1016,Coke Zero 300ml Mini,Coca Cola,Beverages,29.67,233,6913.11,0
2025-12-21,SKU_1016,Coke Zero 300ml Mini,Coca Cola,Beverages,28.93,229,6624.97,0
2025-12-22,SKU_1016,Coke Zero 300ml Mini,Coca Cola,Beverages,30.18,250,7545.0,0
2025-12-23,SKU_1016,Coke Zero 300ml Mini,Coca Cola,Beverages,29.2,289,8438.8,10
2025-12-24,SKU_1016,Coke Zero 300ml Mini,Coca Cola,Beverages,27.41,239,6550.99,0
2025-12-25,SKU_1016,Coke Zero 300ml Mini,Coca Cola,Beverages,26.98,286,7716.28,5
2025-12-26,SKU_1016,Coke Zero 300ml Mini,Coca Cola,Beverages,28.81,283,8153.23,10
2025-12-27,SKU_1016,Coke Zero 300ml Mini,Coca Cola,Beverages,29.77,253,7531.81,0
2025-12-28,SKU_1016,Coke Zero 300ml Mini,Coca Cola,Beverages,28.79,243,6995.97,0
2025-12-29,SKU_1016,Coke Zero 300ml Mini,Coca Cola,Beverages,28.7,239,6859.3,0
2025-12-30,SKU_1016,Coke Zero 300ml Mini,Coca Cola,Beverages,27.91,267,7451.97,10
2025-12-31,SKU_1016,Coke Zero 300ml Mini,Coca Cola,Beverages,29.57,249,7362.93,0
2026-01-01,SKU_1016,Coke Zero 300ml Mini,Coca Cola,Beverages,27.86,291,8107.26,5
2026-01-02,SKU_1016,Coke Zero 300ml Mini,Coca Cola,Beverages,29.74,273,8119.02,5
2026-01-03,SKU_1016,Coke Zero 300ml Mini,Coca Cola,Beverages,29.53,272,8032.16,5
2026-01-04,SKU_1016,Coke Zero 300ml Mini,Coca Cola,Beverages,29.91,256,7656.96,0
2026-01-05,SKU_1016,Coke Zero 300ml Mini,Coca Cola,Beverages,26.69,261,6966.09,0
2026-01-06,SKU_1016,Coke Zero 300ml Mini,Coca Cola,Beverages,27.66,264,7302.24,0
2026-01-07,SKU_1016,Coke Zero 300ml Mini,Coca Cola,Beverages,29.25,251,7341.75,0
2026-01-08,SKU_1016,Coke Zero 300ml Mini,Coca Cola,Beverages,27.91,244,6810.04,0
2026-01-09,SKU_1016,Coke Zero 300ml Mini,Coca Cola,Beverages,30.14,285,8589.9,5
2026-01-10,SKU_1016,Coke Zero 300ml Mini,Coca Cola,Beverages,26.77,255,6826.35,0
2026-01-11,SKU_1016,Coke Zero 300ml Mini,Coca Cola,Beverages,29.4,267,7849.8,10
2026-01-12,SKU_1016,Coke Zero 300ml Mini,Coca Cola,Beverages,29.74,282,8386.68,5
2026-01-13,SKU_1016,Coke Zero 300ml Mini,Coca Cola,Beverages,27.87,297,8277.39,5
2026-01-14,SKU_1016,Coke Zero 300ml Mini,Coca Cola,Beverages,26.92,274,7376.08,10
2026-01-15,SKU_1016,Coke Zero 300ml Mini,Coca Cola,Beverages,29.53,251,7412.03,0
2026-01-16,SKU_1016,Coke Zero 300ml Mini,Coca Cola,Beverages,29.62,247,7316.14,0
2026-01-17,SKU_1016,Coke Zero 300ml Mini,Coca Cola,Beverages,28.93,296,8563.28,5
2026-01-18,SKU_1016,Coke Zero 300ml Mini,Coca Cola,Beverages,27.28,233,6356.24,0
2026-01-19,SKU_1016,Coke Zero 300ml Mini,Coca Cola,Beverages,29.72,235,6984.2,0
2026-01-20,SKU_1016,Coke Zero 300ml Mini,Coca Cola,Beverages,29.53,245,7234.85,0
2026-01-21,SKU_1016,Coke Zero 300ml Mini,Coca Cola,Beverages,30.09,235,7071.15,0
2026-01-22,SKU_1016,Coke Zero 300ml Mini,Coca Cola,Beverages,27.29,293,7995.97,10
2026-01-23,SKU_1016,Coke Zero 300ml Mini,Coca Cola,Beverages,28.94,285,8247.9,10
2026-01-24,SKU_1016,Coke Zero 300ml Mini,Coca Cola,Beverages,27.25,235,6403.75,0
2026-01-25,SKU_1016,Coke Zero 300ml Mini,Coca Cola,Beverages,27.32,293,8004.76,10
2026-01-26,SKU_1016,Coke Zero 300ml Mini,Coca Cola,Beverages,29.79,243,7238.97,0
2026-01-27,SKU_1016,Coke Zero 300ml Mini,Coca Cola,Beverages,27.13,244,6619.72,0
2026-01-28,SKU_1016,Coke Zero 300ml Mini,Coca Cola,Beverages,28.04,261,7318.44,0
2026-01-29,SKU_1016,Coke Zero 300ml Mini,Coca Cola,Beverages,29.68,252,7479.36,0
2026-01-30,SKU_1016,Coke Zero 300ml Mini,Coca Cola,Beverages,28.83,251,7236.33,0
2026-01-31,SKU_1016,Coke Zero 300ml Mini,Coca Cola,Beverages,30.24,249,7529.76,0
2026-02-01,SKU_1016,Coke Zero 300ml Mini,Coca Cola,Beverages,27.5,246,6765.0,0
2026-02-02,SKU_1016,Coke Zero 300ml Mini,Coca Cola,Beverages,26.7,264,7048.8,0
2026-02-03,SKU_1016,Coke Zero 300ml Mini,Coca Cola,Beverages,27.49,254,6982.46,0
2026-02-04,SKU_1016,Coke Zero 300ml Mini,Coca Cola,Beverages,27.13,256,6945.28,0
2026-02-05,SKU_1016,Coke Zero 300ml Mini,Coca Cola,Beverages,29.72,282,8381.04,5
2026-02-06,SKU_1016,Coke Zero 300ml Mini,Coca Cola,Beverages,28.63,238,6813.94,0
2026-02-07,SKU_1016,Coke Zero 300ml Mini,Coca Cola,Beverages,28.1,282,7924.2,10
2026-02-08,SKU_1016,Coke Zero 300ml Mini,Coca Cola,Beverages,28.88,270,7797.6,5
2026-02-09,SKU_1016,Coke Zero 300ml Mini,Coca Cola,Beverages,27.55,243,6694.65,0
2026-02-10,SKU_1016,Coke Zero 300ml Mini,Coca Cola,Beverages,29.52,239,7055.28,0
2026-02-11,SKU_1016,Coke Zero 300ml Mini,Coca Cola,Beverages,27.93,263,7345.59,0
2026-02-12,SKU_1016,Coke Zero 300ml Mini,Coca Cola,Beverages,27.77,259,7192.43,0
2026-02-13,SKU_1016,Coke Zero 300ml Mini,Coca Cola,Beverages,27.77,254,7053.58,0
2026-02-14,SKU_1016,Coke Zero 300ml Mini,Coca Cola,Beverages,29.5,250,7375.0,0
2026-02-15,SKU_1016,Coke Zero 300ml Mini,Coca Cola,Beverages,30.17,279,8417.43,10
2026-02-16,SKU_1016,Coke Zero 300ml Mini,Coca Cola,Beverages,28.33,281,7960.73,10
2026-02-17,SKU_1016,Coke Zero 300ml Mini,Coca Cola,Beverages,29.22,283,8269.26,10
2026-02-18,SKU_1016,Coke Zero 300ml Mini,Coca Cola,Beverages,30.19,278,8392.82,10
2026-02-19,SKU_1016,Coke Zero 300ml Mini,Coca Cola,Beverages,26.79,269,7206.51,5
2026-02-20,SKU_1016,Coke Zero 300ml Mini,Coca Cola,Beverages,28.19,256,7216.64,0
2026-02-21,SKU_1016,Coke Zero 300ml Mini,Coca Cola,Beverages,26.68,258,6883.44,0
2026-02-22,SKU_1016,Coke Zero 300ml Mini,Coca Cola,Beverages,29.86,238,7106.68,0
2026-02-23,SKU_1016,Coke Zero 300ml Mini,Coca Cola,Beverages,26.83,234,6278.22,0
2026-02-24,SKU_1016,Coke Zero 300ml Mini,Coca Cola,Beverages,28.67,256,7339.52,0
2026-02-25,SKU_1016,Coke Zero 300ml Mini,Coca Cola,Beverages,29.2,228,6657.6,0
2026-02-26,SKU_1016,Coke Zero 300ml Mini,Coca Cola,Beverages,30.19,272,8211.68,5
2026-02-27,SKU_1016,Coke Zero 300ml Mini,Coca Cola,Beverages,28.56,261,7454.16,0
2026-02-28,SKU_1016,Coke Zero 300ml Mini,Coca Cola,Beverages,27.45,291,7987.95,10
2026-03-01,SKU_1016,Coke Zero 300ml Mini,Coca Cola,Beverages,28.08,259,7272.72,10
2026-03-02,SKU_1016,Coke Zero 300ml Mini,Coca Cola,Beverages,29.74,247,7345.78,0
2026-03-03,SKU_1016,Coke Zero 300ml Mini,Coca Cola,Beverages,29.19,254,7414.26,0
2026-03-04,SKU_1016,Coke Zero 300ml Mini,Coca Cola,Beverages,29.42,246,7237.32,0
2026-03-05,SKU_1016,Coke Zero 300ml Mini,Coca Cola,Beverages,28.53,261,7446.33,0
2026-03-06,SKU_1016,Coke Zero 300ml Mini,Coca Cola,Beverages,27.51,234,6437.34,0
2026-03-07,SKU_1016,Coke Zero 300ml Mini,Coca Cola,Beverages,29.64,281,8328.84,5
2026-03-08,SKU_1016,Coke Zero 300ml Mini,Coca Cola,Beverages,27.03,288,7784.64,5
2026-03-09,SKU_1016,Coke Zero 300ml Mini,Coca Cola,Beverages,29.15,282,8220.3,5
2026-03-10,SKU_1016,Coke Zero 300ml Mini,Coca Cola,Beverages,29.13,235,6845.55,0
2026-03-11,SKU_1016,Coke Zero 300ml Mini,Coca Cola,Beverages,27.27,259,7062.93,0
2026-03-12,SKU_1016,Coke Zero 300ml Mini,Coca Cola,Beverages,29.17,258,7525.86,5
2026-03-13,SKU_1016,Coke Zero 300ml Mini,Coca Cola,Beverages,27.27,245,6681.15,0
2026-03-14,SKU_1016,Coke Zero 300ml Mini,Coca Cola,Beverages,27.88,235,6551.8,0
2026-03-15,SKU_1016,Coke Zero 300ml Mini,Coca Cola,Beverages,27.84,281,7823.04,10
2026-03-16,SKU_1016,Coke Zero 300ml Mini,Coca Cola,Beverages,26.67,251,6694.17,10
2026-03-17,SKU_1016,Coke Zero 300ml Mini,Coca Cola,Beverages,29.09,239,6952.51,0
2026-03-18,SKU_1016,Coke Zero 300ml Mini,Coca Cola,Beverages,30.11,235,7075.85,0
2026-03-19,SKU_1016,Coke Zero 300ml Mini,Coca Cola,Beverages,27.79,293,8142.47,10
2026-03-20,SKU_1016,Coke Zero 300ml Mini,Coca Cola,Beverages,27.96,253,7073.88,0
2026-03-21,SKU_1016,Coke Zero 300ml Mini,Coca Cola,Beverages,27.29,258,7040.82,0
2026-03-22,SKU_1016,Coke Zero 300ml Mini,Coca Cola,Beverages,28.55,237,6766.35,0
2026-03-23,SKU_1016,Coke Zero 300ml Mini,Coca Cola,Beverages,29.77,269,8008.13,10
2026-03-24,SKU_1016,Coke Zero 300ml Mini,Coca Cola,Beverages,28.69,248,7115.12,0
2026-03-25,SKU_1016,Coke Zero 300ml Mini,Coca Cola,Beverages,28.45,268,7624.6,5
2026-03-26,SKU_1016,Coke Zero 300ml Mini,Coca Cola,Beverages,28.86,257,7417.02,0
2026-03-27,SKU_1016,Coke Zero 300ml Mini,Coca Cola,Beverages,29.54,227,6705.58,0
2026-03-28,SKU_1016,Coke Zero 300ml Mini,Coca Cola,Beverages,26.99,285,7692.15,10
2026-03-29,SKU_1016,Coke Zero 300ml Mini,Coca Cola,Beverages,27.21,234,6367.14,0
2026-03-30,SKU_1016,Coke Zero 300ml Mini,Coca Cola,Beverages,28.8,246,7084.8,0
2026-03-31,SKU_1016,Coke Zero 300ml Mini,Coca Cola,Beverages,30.01,273,8192.73,10
2026-04-01,SKU_1016,Coke Zero 300ml Mini,Coca Cola,Beverages,28.02,300,8406.0,0
2026-04-02,SKU_1016,Coke Zero 300ml Mini,Coca Cola,Beverages,29.03,300,8709.0,0
2026-04-03,SKU_1016,Coke Zero 300ml Mini,Coca Cola,Beverages,27.93,333,9300.69,5
2026-04-04,SKU_1016,Coke Zero 300ml Mini,Coca Cola,Beverages,29.49,299,8817.51,0
2026-04-05,SKU_1016,Coke Zero 300ml Mini,Coca Cola,Beverages,29.94,326,9760.44,10
2026-04-06,SKU_1016,Coke Zero 300ml Mini,Coca Cola,Beverages,29.69,301,8936.69,0
2026-04-07,SKU_1016,Coke Zero 300ml Mini,Coca Cola,Beverages,29.92,313,9364.96,10
2026-04-08,SKU_1016,Coke Zero 300ml Mini,Coca Cola,Beverages,28.03,320,8969.6,0
2026-04-09,SKU_1016,Coke Zero 300ml Mini,Coca Cola,Beverages,27.63,301,8316.63,0
2026-04-10,SKU_1016,Coke Zero 300ml Mini,Coca Cola,Beverages,27.67,333,9214.11,5
2026-04-11,SKU_1016,Coke Zero 300ml Mini,Coca Cola,Beverages,27.97,332,9286.04,5
2026-04-12,SKU_1016,Coke Zero 300ml Mini,Coca Cola,Beverages,27.77,323,8969.71,5
2026-04-13,SKU_1016,Coke Zero 300ml Mini,Coca Cola,Beverages,28.41,289,8210.49,0
2026-04-14,SKU_1016,Coke Zero 300ml Mini,Coca Cola,Beverages,29.41,338,9940.58,10
2026-04-15,SKU_1016,Coke Zero 300ml Mini,Coca Cola,Beverages,26.75,332,8881.0,0
2026-04-16,SKU_1016,Coke Zero 300ml Mini,Coca Cola,Beverages,29.85,338,10089.3,10
2026-04-17,SKU_1016,Coke Zero 300ml Mini,Coca Cola,Beverages,27.23,318,8659.14,0
2026-04-18,SKU_1016,Coke Zero 300ml Mini,Coca Cola,Beverages,28.54,313,8933.02,0
2026-04-19,SKU_1016,Coke Zero 300ml Mini,Coca Cola,Beverages,28.0,309,8652.0,10
2026-04-20,SKU_1016,Coke Zero 300ml Mini,Coca Cola,Beverages,29.6,336,9945.6,5
2026-04-21,SKU_1016,Coke Zero 300ml Mini,Coca Cola,Beverages,28.45,342,9729.9,10
2026-04-22,SKU_1016,Coke Zero 300ml Mini,Coca Cola,Beverages,29.08,290,8433.2,0
2026-04-23,SKU_1016,Coke Zero 300ml Mini,Coca Cola,Beverages,26.96,303,8168.88,0
2026-04-24,SKU_1016,Coke Zero 300ml Mini,Coca Cola,Beverages,29.19,297,8669.43,0
2026-04-25,SKU_1016,Coke Zero 300ml Mini,Coca Cola,Beverages,28.4,315,8946.0,10
2026-04-26,SKU_1016,Coke Zero 300ml Mini,Coca Cola,Beverages,26.76,333,8911.08,0
2026-04-27,SKU_1016,Coke Zero 300ml Mini,Coca Cola,Beverages,29.96,287,8598.52,0
2026-04-28,SKU_1016,Coke Zero 300ml Mini,Coca Cola,Beverages,29.0,306,8874.0,0
2026-04-29,SKU_1016,Coke Zero 300ml Mini,Coca Cola,Beverages,30.18,286,8631.48,0
2026-04-30,SKU_1016,Coke Zero 300ml Mini,Coca Cola,Beverages,27.95,329,9195.55,0
2026-05-01,SKU_1016,Coke Zero 300ml Mini,Coca Cola,Beverages,27.17,329,8938.93,10
2026-05-02,SKU_1016,Coke Zero 300ml Mini,Coca Cola,Beverages,27.54,342,9418.68,10
2026-05-03,SKU_1016,Coke Zero 300ml Mini,Coca Cola,Beverages,29.74,312,9278.88,0
2026-05-04,SKU_1016,Coke Zero 300ml Mini,Coca Cola,Beverages,30.02,310,9306.2,0
2026-05-05,SKU_1016,Coke Zero 300ml Mini,Coca Cola,Beverages,28.09,330,9269.7,5
2026-05-06,SKU_1016,Coke Zero 300ml Mini,Coca Cola,Beverages,27.61,324,8945.64,5
2026-05-07,SKU_1016,Coke Zero 300ml Mini,Coca Cola,Beverages,28.78,314,9036.92,5
2026-05-08,SKU_1016,Coke Zero 300ml Mini,Coca Cola,Beverages,29.13,295,8593.35,0
2026-05-09,SKU_1016,Coke Zero 300ml Mini,Coca Cola,Beverages,26.86,299,8031.14,0
2026-05-10,SKU_1016,Coke Zero 300ml Mini,Coca Cola,Beverages,29.88,302,9023.76,0
2026-05-11,SKU_1016,Coke Zero 300ml Mini,Coca Cola,Beverages,28.55,298,8507.9,0
2026-05-12,SKU_1016,Coke Zero 300ml Mini,Coca Cola,Beverages,30.08,314,9445.12,5
2026-05-13,SKU_1016,Coke Zero 300ml Mini,Coca Cola,Beverages,28.55,334,9535.7,10
2026-05-14,SKU_1016,Coke Zero 300ml Mini,Coca Cola,Beverages,26.99,331,8933.69,0
2026-05-15,SKU_1016,Coke Zero 300ml Mini,Coca Cola,Beverages,30.06,324,9739.44,5
2026-05-16,SKU_1016,Coke Zero 300ml Mini,Coca Cola,Beverages,27.06,322,8713.32,5
2026-05-17,SKU_1016,Coke Zero 300ml Mini,Coca Cola,Beverages,27.0,310,8370.0,5
2026-05-18,SKU_1016,Coke Zero 300ml Mini,Coca Cola,Beverages,26.9,332,8930.8,0
