customer_data/sales_history.csv
date,product_id,product_name,brand,category,selling_price,units_sold,revenue,promotion_discount_pct
2025-11-20,SKU_1017,Coke Zero 300ml Regular,Coca Cola,Beverages,39.26,315,12366.9,5
2025-11-21,SKU_1017,Coke Zero 300ml Regular,Coca Cola,Beverages,38.74,272,10537.28,0
2025-11-22,SKU_1017,Coke Zero 300ml Regular,Coca Cola,Beverages,41.45,284,11771.8,0
2025-11-23,SKU_1017,Coke Zero 300ml Regular,Coca Cola,Beverages,42.0,282,11844.0,0
2025-11-24,SKU_1017,Coke Zero 300ml Regular,Coca Cola,Beverages,40.96,286,11714.56,0
2025-11-25,SKU_1017,Coke Zero 300ml Regular,Coca Cola,Beverages,42.47,269,11424.43,0
2025-11-26,SKU_1017,Coke Zero 300ml Regular,Coca Cola,Beverages,39.82,266,10592.12,0
2025-11-27,SKU_1017,Coke Zero 300ml Regular,Coca Cola,Beverages,40.03,301,12049.03,0
2025-11-28,SKU_1017,Coke Zero 300ml Regular,Coca Cola,Beverages,40.63,273,11091.99,0
2025-11-29,SKU_1017,Coke Zero 300ml Regular,Coca Cola,Beverages,39.75,291,11567.25,0
2025-11-30,SKU_1017,Coke Zero 300ml Regular,Coca Cola,Beverages,42.53,287,12206.11,0
2025-12-01,SKU_1017,Coke Zero 300ml Regular,Coca Cola,Beverages,41.13,248,10200.24,0
2025-12-02,SKU_1017,Coke Zero 300ml Regular,Coca Cola,Beverages,38.75,245,9493.75,0
2025-12-03,SKU_1017,Coke Zero 300ml Regular,Coca Cola,Beverages,38.58,272,10493.76,10
2025-12-04,SKU_1017,Coke Zero 300ml Regular,Coca Cola,Beverages,38.09,255,9712.95,0
2025-12-05,SKU_1017,Coke Zero 300ml Regular,Coca Cola,Beverages,39.93,260,10381.8,0
2025-12-06,SKU_1017,Coke Zero 300ml Regular,Coca Cola,Beverages,41.56,259,10764.04,0
2025-12-07,SKU_1017,Coke Zero 300ml Regular,Coca Cola,Beverages,40.93,245,10027.85,10
2025-12-08,SKU_1017,Coke Zero 300ml Regular,Coca Cola,Beverages,42.46,229,9723.34,0
2025-12-09,SKU_1017,Coke Zero 300ml Regular,Coca Cola,Beverages,40.93,306,12524.58,5
2025-12-10,SKU_1017,Coke Zero 300ml Regular,Coca Cola,Beverages,40.97,277,11348.69,10
2025-12-11,SKU_1017,Coke Zero 300ml Regular,Coca Cola,Beverages,40.34,293,11819.62,5
2025-12-12,SKU_1017,Coke Zero 300ml Regular,Coca Cola,Beverages,39.3,267,10493.1,5
2025-12-13,SKU_1017,Coke Zero 300ml Regular,Coca Cola,Beverages,42.78,288,12320.64,10
2025-12-14,SKU_1017,Coke Zero 300ml Regular,Coca Cola,Beverages,39.87,254,10126.98,0
2025-12-15,SKU_1017,Coke Zero 300ml Regular,Coca Cola,Beverages,43.01,245,10537.45,0
2025-12-16,SKU_1017,Coke Zero 300ml Regular,Coca Cola,Beverages,42.59,238,10136.42,0
2025-12-17,SKU_1017,Coke Zero 300ml Regular,Coca Cola,Beverages,40.25,230,9257.5,0
2025-12-18,SKU_1017,Coke Zero 300ml Regular,Coca Cola,Beverages,40.39,290,11713.1,10
2025-12-19,SKU_1017,Coke Zero 300ml Regular,Coca Cola,Beverages,39.18,240,9403.2,0
2025-12-20,SKU_1017,Coke Zero 300ml Regular,Coca Cola,Beverages,39.08,274,10707.92,5
2025-12-21,SKU_1017,Coke Zero 300ml Regular,Coca Cola,Beverages,41.81,286,11957.66,5
2025-12-22,SKU_1017,Coke Zero 300ml Regular,Coca Cola,Beverages,39.89,260,10371.4,5
2025-12-23,SKU_1017,Coke Zero 300ml Regular,Coca Cola,Beverages,41.76,254,10607.04,0
2025-12-24,SKU_1017,Coke Zero 300ml Regular,Coca Cola,Beverages,41.71,254,10594.34,10
2025-12-25,SKU_1017,Coke Zero 300ml Regular,Coca Cola,Beverages,42.68,269,11480.92,5
2025-12-26,SKU_1017,Coke Zero 300ml Regular,Coca Cola,Beverages,41.35,260,10751.0,0
2025-12-27,SKU_1017,Coke Zero 300ml Regular,Coca Cola,Beverages,40.45,252,10193.4,5
2025-12-28,SKU_1017,Coke Zero 300ml Regular,Coca Cola,Beverages,42.7,247,10546.9,10
2025-12-29,SKU_1017,Coke Zero 300ml Regular,Coca Cola,Beverages,38.26,291,11133.66,10
2025-12-30,SKU_1017,Coke Zero 300ml Regular,Coca Cola,Beverages,38.81,261,10129.41,10
2025-12-31,SKU_1017,Coke Zero 300ml Regular,Coca Cola,Beverages,38.94,258,10046.52,0
2026-01-01,SKU_1017,Coke Zero 300ml Regular,Coca Cola,Beverages,40.01,260,10402.6,0
2026-01-02,SKU_1017,Coke Zero 300ml Regular,Coca Cola,Beverages,43.11,236,10173.96,0
2026-01-03,SKU_1017,Coke Zero 300ml Regular,Coca Cola,Beverages,41.33,235,9712.55,0
2026-01-04,SKU_1017,Coke Zero 300ml Regular,Coca Cola,Beverages,38.78,248,9617.44,0
2026-01-05,SKU_1017,Coke Zero 300ml Regular,Coca Cola,Beverages,42.51,272,11562.72,5
2026-01-06,SKU_1017,Coke Zero 300ml Regular,Coca Cola,Beverages,41.17,262,10786.54,10
2026-01-07,SKU_1017,Coke Zero 300ml Regular,Coca Cola,Beverages,41.27,248,10234.96,0
2026-01-08,SKU_1017,Coke Zero 300ml Regular,Coca Cola,Beverages,42.09,247,10396.23,0
2026-01-09,SKU_1017,Coke Zero 300ml Regular,Coca Cola,Beverages,42.78,243,10395.54,0
2026-01-10,SKU_1017,Coke Zero 300ml Regular,Coca Cola,Beverages,42.43,234,9928.62,0
2026-01-11,SKU_1017,Coke Zero 300ml Regular,Coca Cola,Beverages,39.06,256,9999.36,0
2026-01-12,SKU_1017,Coke Zero 300ml Regular,Coca Cola,Beverages,39.6,276,10929.6,10
2026-01-13,SKU_1017,Coke Zero 300ml Regular,Coca Cola,Beverages,39.64,266,10544.24,5
2026-01-14,SKU_1017,Coke Zero 300ml Regular,Coca Cola,Beverages,39.76,260,10337.6,0
2026-01-15,SKU_1017,Coke Zero 300ml Regular,Coca Cola,Beverages,38.53,259,9979.27,0
2026-01-16,SKU_1017,Coke Zero 300ml Regular,Coca Cola,Beverages,38.85,257,9984.45,10
2026-01-17,SKU_1017,Coke Zero 300ml Regular,Coca Cola,Beverages,38.82,276,10714.32,5
2026-01-18,SKU_1017,Coke Zero 300ml Regular,Coca Cola,Beverages,43.11,229,9872.19,0
2026-01-19,SKU_1017,Coke Zero 300ml Regular,Coca Cola,Beverages,43.08,231,9951.48,0
2026-01-20,SKU_1017,Coke Zero 300ml Regular,Coca Cola,Beverages,42.73,234,9998.82,0
2026-01-21,SKU_1017,Coke Zero 300ml Regular,Coca Cola,Beverages,38.71,262,10142.02,5
2026-01-22,SKU_1017,Coke Zero 300ml Regular,Coca Cola,Beverages,38.89,247,9605.83,0
2026-01-23,SKU_1017,Coke Zero 300ml Regular,Coca Cola,Beverages,42.84,247,10581.48,0
2026-01-24,SKU_1017,Coke Zero 300ml Regular,Coca Cola,Beverages,40.33,296,11937.68,5
2026-01-25,SKU_1017,Coke Zero 300ml Regular,Coca Cola,Beverages,41.49,249,10331.01,0
2026-01-26,SKU_1017,Coke Zero 300ml Regular,Coca Cola,Beverages,43.14,224,9663.36,0
2026-01-27,SKU_1017,Coke Zero 300ml Regular,Coca Cola,Beverages,38.92,311,12104.12,5
2026-01-28,SKU_1017,Coke Zero 300ml Regular,Coca Cola,Beverages,38.78,262,10160.36,0
2026-01-29,SKU_1017,Coke Zero 300ml Regular,Coca Cola,Beverages,43.0,251,10793.0,0
2026-01-30,SKU_1017,Coke Zero 300ml Regular,Coca Cola,Beverages,39.84,270,10756.8,5
2026-01-31,SKU_1017,Coke Zero 300ml Regular,Coca Cola,Beverages,41.23,258,10637.34,0
2026-02-01,SKU_1017,Coke Zero 300ml Regular,Coca Cola,Beverages,39.9,269,10733.1,10
2026-02-02,SKU_1017,Coke Zero 300ml Regular,Coca Cola,Beverages,43.11,228,9829.08,0
2026-02-03,SKU_1017,Coke Zero 300ml Regular,Coca Cola,Beverages,40.55,249,10096.95,0
2026-02-04,SKU_1017,Coke Zero 300ml Regular,Coca Cola,Beverages,41.38,251,10386.38,0
2026-02-05,SKU_1017,Coke Zero 300ml Regular,Coca Cola,Beverages,40.33,254,10243.82,0
2026-02-06,SKU_1017,Coke Zero 300ml Regular,Coca Cola,Beverages,39.42,284,11195.28,5
2026-02-07,SKU_1017,Coke Zero 300ml Regular,Coca Cola,Beverages,38.42,236,9067.12,0
2026-02-08,SKU_1017,Coke Zero 300ml Regular,Coca Cola,Beverages,42.53,234,9952.02,0
2026-02-09,SKU_1017,Coke Zero 300ml Regular,Coca Cola,Beverages,41.82,277,11584.14,5
2026-02-10,SKU_1017,Coke Zero 300ml Regular,Coca Cola,Beverages,42.7,243,10376.1,0
2026-02-11,SKU_1017,Coke Zero 300ml Regular,Coca Cola,Beverages,41.62,267,11112.54,5
2026-02-12,SKU_1017,Coke Zero 300ml Regular,Coca Cola,Beverages,39.91,265,10576.15,5
2026-02-13,SKU_1017,Coke Zero 300ml Regular,Coca Cola,Beverages,41.68,240,10003.2,0
2026-02-14,SKU_1017,Coke Zero 300ml Regular,Coca Cola,Beverages,41.74,277,11561.98,5
2026-02-15,SKU_1017,Coke Zero 300ml Regular,Coca Cola,Beverages,39.39,254,10005.06,0
2026-02-16,SKU_1017,Coke Zero 300ml Regular,Coca Cola,Beverages,42.19,293,12361.67,10
2026-02-17,SKU_1017,Coke Zero 300ml Regular,Coca Cola,Beverages,38.59,249,9608.91,0
2026-02-18,SKU_1017,Coke Zero 300ml Regular,Coca Cola,Beverages,39.26,253,9932.78,0
2026-02-19,SKU_1017,Coke Zero 300ml Regular,Coca Cola,Beverages,38.8,242,9389.6,0
2026-02-20,SKU_1017,Coke Zero 300ml Regular,Coca Cola,Beverages,42.49,250,10622.5,0
2026-02-21,SKU_1017,Coke Zero 300ml Regular,Coca Cola,Beverages,41.83,254,10624.82,10
2026-02-22,SKU_1017,Coke Zero 300ml Regular,Coca Cola,Beverages,38.81,281,10905.61,5
2026-02-23,SKU_1017,Coke Zero 300ml Regular,Coca Cola,Beverages,42.54,244,10379.76,0
2026-02-24,SKU_1017,Coke Zero 300ml Regular,Coca Cola,Beverages,41.19,260,10709.4,0
2026-02-25,SKU_1017,Coke Zero 300ml Regular,Coca Cola,Beverages,39.04,235,9174.4,0
2026-02-26,SKU_1017,Coke Zero 300ml Regular,Coca Cola,Beverages,38.96,261,10168.56,0
2026-02-27,SKU_1017,Coke Zero 300ml Regular,Coca Cola,Beverages,38.02,246,9352.92,0
2026-02-28,SKU_1017,Coke Zero 300ml Regular,Coca Cola,Beverages,39.09,270,10554.3,5
2026-03-01,SKU_1017,Coke Zero 300ml Regular,Coca Cola,Beverages,41.25,229,9446.25,0
2026-03-02,SKU_1017,Coke Zero 300ml Regular,Coca Cola,Beverages,41.68,237,9878.16,0
2026-03-03,SKU_1017,Coke Zero 300ml Regular,Coca Cola,Beverages,40.44,287,11606.28,10
2026-03-04,SKU_1017,Coke Zero 300ml Regular,Coca Cola,Beverages,42.48,237,10067.76,10
2026-03-05,SKU_1017,Coke Zero 300ml Regular,Coca Cola,Beverages,38.41,252,9679.32,0
2026-03-06,SKU_1017,Coke Zero 300ml Regular,Coca Cola,Beverages,38.75,264,10230.0,0
2026-03-07,SKU_1017,Coke Zero 300ml Regular,Coca Cola,Beverages,41.64,229,9535.56,0
2026-03-08,SKU_1017,Coke Zero 300ml Regular,Coca Cola,Beverages,38.98,259,10095.82,0
2026-03-09,SKU_1017,Coke Zero 300ml Regular,Coca Cola,Beverages,38.84,268,10409.12,10
2026-03-10,SKU_1017,Coke Zero 300ml Regular,Coca Cola,Beverages,41.13,249,10241.37,0
2026-03-11,SKU_1017,Coke Zero 300ml Regular,Coca Cola,Beverages,39.13,241,9430.33,0
2026-03-12,SKU_1017,Coke Zero 300ml Regular,Coca Cola,Beverages,41.82,231,9660.42,0
2026-03-13,SKU_1017,Coke Zero 300ml Regular,Coca Cola,Beverages,39.46,236,9312.56,0
2026-03-14,SKU_1017,Coke Zero 300ml Regular,Coca Cola,Beverages,38.33,237,9084.21,0
2026-03-15,SKU_1017,Coke Zero 300ml Regular,Coca Cola,Beverages,41.22,233,9604.26,0
2026-03-16,SKU_1017,Coke Zero 300ml Regular,Coca Cola,Beverages,41.5,259,10748.5,5
2026-03-17,SKU_1017,Coke Zero 300ml Regular,Coca Cola,Beverages,43.08,251,10813.08,0
2026-03-18,SKU_1017,Coke Zero 300ml Regular,Coca Cola,Beverages,41.06,253,10388.18,0
2026-03-19,SKU_1017,Coke Zero 300ml Regular,Coca Cola,Beverages,41.63,249,10365.87,0
2026-03-20,SKU_1017,Coke Zero 300ml Regular,Coca Cola,Beverages,40.96,231,9461.76,0
2026-03-21,SKU_1017,Coke Zero 300ml Regular,Coca Cola,Beverages,40.34,262,10569.08,5
2026-03-22,SKU_1017,Coke Zero 300ml Regular,Coca Cola,Beverages,40.6,239,9703.4,0
2026-03-23,SKU_1017,Coke Zero 300ml Regular,Coca Cola,Beverages,40.84,236,9638.24,0
2026-03-24,SKU_1017,Coke Zero 300ml Regular,Coca Cola,Beverages,41.05,246,10098.3,0
2026-03-25,SKU_1017,Coke Zero 300ml Regular,Coca Cola,Beverages,40.13,248,9952.24,0
2026-03-26,SKU_1017,Coke Zero 300ml Regular,Coca Cola,Beverages,42.8,260,11128.0,5
2026-03-27,SKU_1017,Coke Zero 300ml Regular,Coca Cola,Beverages,42.52,236,10034.72,0
2026-03-28,SKU_1017,Coke Zero 300ml Regular,Coca Cola,Beverages,38.74,309,11970.66,5
2026-03-29,SKU_1017,Coke Zero 300ml Regular,Coca Cola,Beverages,38.13,261,9951.93,0
2026-03-30,SKU_1017,Coke Zero 300ml Regular,Coca Cola,Beverages,39.98,241,9635.18,0
2026-03-31,SKU_1017,Coke Zero 300ml Regular,Coca Cola,Beverages,40.08,260,10420.8,0
2026-04-01,SKU_1017,Coke Zero 300ml Regular,Coca Cola,Beverages,38.79,333,12917.07,0
2026-04-02,SKU_1017,Coke Zero 300ml Regular,Coca Cola,Beverages,38.49,306,11777.94,0
2026-04-03,SKU_1017,Coke Zero 300ml Regular,Coca Cola,Beverages,39.41,329,12965.89,5
2026-04-04,SKU_1017,Coke Zero 300ml Regular,Coca Cola,Beverages,38.82,334,12965.88,10
2026-04-05,SKU_1017,Coke Zero 300ml Regular,Coca Cola,Beverages,39.18,357,13987.26,5
2026-04-06,SKU_1017,Coke Zero 300ml Regular,Coca Cola,Beverages,40.26,360,14493.6,5
2026-04-07,SKU_1017,Coke Zero 300ml Regular,Coca Cola,Beverages,38.31,299,11454.69,0
2026-04-08,SKU_1017,Coke Zero 300ml Regular,Coca Cola,Beverages,42.96,315,13532.4,10
2026-04-09,SKU_1017,Coke Zero 300ml Regular,Coca Cola,Beverages,38.74,355,13752.7,5
2026-04-10,SKU_1017,Coke Zero 300ml Regular,Coca Cola,Beverages,39.13,312,12208.56,0
2026-04-11,SKU_1017,Coke Zero 300ml Regular,Coca Cola,Beverages,41.28,292,12053.76,0
2026-04-12,SKU_1017,Coke Zero 300ml Regular,Coca Cola,Beverages,41.56,318,13216.08,0
2026-04-13,SKU_1017,Coke Zero 300ml Regular,Coca Cola,Beverages,41.12,312,12829.44,0
2026-04-14,SKU_1017,Coke Zero 300ml Regular,Coca Cola,Beverages,41.77,316,13199.32,0
2026-04-15,SKU_1017,Coke Zero 300ml Regular,Coca Cola,Beverages,39.92,324,12934.08,0
2026-04-16,SKU_1017,Coke Zero 300ml Regular,Coca Cola,Beverages,38.09,324,12341.16,0
2026-04-17,SKU_1017,Coke Zero 300ml Regular,Coca Cola,Beverages,39.09,309,12078.81,0
2026-04-18,SKU_1017,Coke Zero 300ml Regular,Coca Cola,Beverages,42.73,342,14613.66,5
2026-04-19,SKU_1017,Coke Zero 300ml Regular,Coca Cola,Beverages,39.46,296,11680.16,0
2026-04-20,SKU_1017,Coke Zero 300ml Regular,Coca Cola,Beverages,41.63,310,12905.3,0
2026-04-21,SKU_1017,Coke Zero 300ml Regular,Coca Cola,Beverages,42.06,289,12155.34,0
2026-04-22,SKU_1017,Coke Zero 300ml Regular,Coca Cola,Beverages,41.68,310,12920.8,0
2026-04-23,SKU_1017,Coke Zero 300ml Regular,Coca Cola,Beverages,40.54,296,11999.84,0
2026-04-24,SKU_1017,Coke Zero 300ml Regular,Coca Cola,Beverages,39.63,331,13117.53,5
2026-04-25,SKU_1017,Coke Zero 300ml Regular,Coca Cola,Beverages,38.77,326,12639.02,10
2026-04-26,SKU_1017,Coke Zero 300ml Regular,Coca Cola,Beverages,40.41,287,11597.67,0
2026-04-27,SKU_1017,Coke Zero 300ml Regular,Coca Cola,Beverages,38.35,323,12387.05,0
2026-04-28,SKU_1017,Coke Zero 300ml Regular,Coca Cola,Beverages,42.11,312,13138.32,0
2026-04-29,SKU_1017,Coke Zero 300ml Regular,Coca Cola,Beverages,39.89,329,13123.81,5
2026-04-30,SKU_1017,Coke Zero 300ml Regular,Coca Cola,Beverages,39.16,296,11591.36,0
2026-05-01,SKU_1017,Coke Zero 300ml Regular,Coca Cola,Beverages,42.29,285,12052.65,0
2026-05-02,SKU_1017,Coke Zero 300ml Regular,Coca Cola,Beverages,42.08,302,12708.16,5
2026-05-03,SKU_1017,Coke Zero 300ml Regular,Coca Cola,Beverages,41.14,291,11971.74,0
2026-05-04,SKU_1017,Coke Zero 300ml Regular,Coca Cola,Beverages,42.98,315,13538.7,0
2026-05-05,SKU_1017,Coke Zero 300ml Regular,Coca Cola,Beverages,39.54,299,11822.46,0
2026-05-06,SKU_1017,Coke Zero 300ml Regular,Coca Cola,Beverages,40.72,300,12216.0,0
2026-05-07,SKU_1017,Coke Zero 300ml Regular,Coca Cola,Beverages,42.11,287,12085.57,0
2026-05-08,SKU_1017,Coke Zero 300ml Regular,Coca Cola,Beverages,39.55,299,11825.45,0
2026-05-09,SKU_1017,Coke Zero 300ml Regular,Coca Cola,Beverages,38.13,329,12544.77,5
2026-05-10,SKU_1017,Coke Zero 300ml Regular,Coca Cola,Beverages,39.92,314,12534.88,0
2026-05-11,SKU_1017,Coke Zero 300ml Regular,Coca Cola,Beverages,40.32,298,12015.36,0
2026-05-12,SKU_1017,Coke Zero 300ml Regular,Coca Cola,Beverages,41.09,287,11792.83,0
2026-05-13,SKU_1017,Coke Zero 300ml Regular,Coca Cola,Beverages,42.87,296,12689.52,0
2026-05-14,SKU_1017,Coke Zero 300ml Regular,Coca Cola,Beverages,41.67,293,12209.31,0
2026-05-15,SKU_1017,Coke Zero 300ml Regular,Coca Cola,Beverages,41.05,295,12109.75,0
2026-05-16,SKU_1017,Coke Zero 300ml Regular,Coca Cola,Beverages,38.64,363,14026.32,10
2026-05-17,SKU_1017,Coke Zero 300ml Regular,Coca Cola,Beverages,39.92,345,13772.4,5
2026-05-18,SKU_1017,Coke Zero 300ml Regular,Coca Cola,Beverages,38.13,317,12087.21,0
