customer_data/sales_history.csv
date,product_id,product_name,brand,category,selling_price,units_sold,revenue,promotion_discount_pct
2025-11-20,SKU_1018,Coke Zero 300ml Value,Coca Cola,Beverages,48.07,280,13459.6,0
2025-11-21,SKU_1018,Coke Zero 300ml Value,Coca Cola,Beverages,49.62,290,14389.8,10
2025-11-22,SKU_1018,Coke Zero 300ml Value,Coca Cola,Beverages,51.11,279,14259.69,0
2025-11-23,SKU_1018,Coke Zero 300ml Value,Coca Cola,Beverages,48.7,289,14074.3,0
2025-11-24,SKU_1018,Coke Zero 300ml Value,Coca Cola,Beverages,46.55,296,13778.8,0
2025-11-25,SKU_1018,Coke Zero 300ml Value,Coca Cola,Beverages,46.17,276,12742.92,0
2025-11-26,SKU_1018,Coke Zero 300ml Value,Coca Cola,Beverages,47.71,285,13597.35,0
2025-11-27,SKU_1018,Coke Zero 300ml Value,Coca Cola,Beverages,48.67,305,14844.35,10
2025-11-28,SKU_1018,Coke Zero 300ml Value,Coca Cola,Beverages,49.6,294,14582.4,0
2025-11-29,SKU_1018,Coke Zero 300ml Value,Coca Cola,Beverages,49.02,287,14068.74,0
2025-11-30,SKU_1018,Coke Zero 300ml Value,Coca Cola,Beverages,48.4,285,13794.0,0
2025-12-01,SKU_1018,Coke Zero 300ml Value,Coca Cola,Beverages,47.02,247,11613.94,10
2025-12-02,SKU_1018,Coke Zero 300ml Value,Coca Cola,Beverages,45.93,257,11804.01,0
2025-12-03,SKU_1018,Coke Zero 300ml Value,Coca Cola,Beverages,48.59,234,11370.06,0
2025-12-04,SKU_1018,Coke Zero 300ml Value,Coca Cola,Beverages,51.53,230,11851.9,0
2025-12-05,SKU_1018,Coke Zero 300ml Value,Coca Cola,Beverages,48.72,244,11887.68,5
2025-12-06,SKU_1018,Coke Zero 300ml Value,Coca Cola,Beverages,48.78,252,12292.56,0
2025-12-07,SKU_1018,Coke Zero 300ml Value,Coca Cola,Beverages,49.78,245,12196.1,10
2025-12-08,SKU_1018,Coke Zero 300ml Value,Coca Cola,Beverages,45.85,249,11416.65,0
2025-12-09,SKU_1018,Coke Zero 300ml Value,Coca Cola,Beverages,47.03,263,12368.89,0
2025-12-10,SKU_1018,Coke Zero 300ml Value,Coca Cola,Beverages,49.98,232,11595.36,0
2025-12-11,SKU_1018,Coke Zero 300ml Value,Coca Cola,Beverages,48.78,262,12780.36,5
2025-12-12,SKU_1018,Coke Zero 300ml Value,Coca Cola,Beverages,46.55,268,12475.4,10
2025-12-13,SKU_1018,Coke Zero 300ml Value,Coca Cola,Beverages,47.26,248,11720.48,5
2025-12-14,SKU_1018,Coke Zero 300ml Value,Coca Cola,Beverages,50.81,248,12600.88,0
2025-12-15,SKU_1018,Coke Zero 300ml Value,Coca Cola,Beverages,47.69,233,11111.77,0
2025-12-16,SKU_1018,Coke Zero 300ml Value,Coca Cola,Beverages,48.05,257,12348.85,5
2025-12-17,SKU_1018,Coke Zero 300ml Value,Coca Cola,Beverages,48.38,286,13836.68,10
2025-12-18,SKU_1018,Coke Zero 300ml Value,Coca Cola,Beverages,48.13,251,12080.63,0
2025-12-19,SKU_1018,Coke Zero 300ml Value,Coca Cola,Beverages,48.02,253,12149.06,0
2025-12-20,SKU_1018,Coke Zero 300ml Value,Coca Cola,Beverages,46.85,242,11337.7,0
2025-12-21,SKU_1018,Coke Zero 300ml Value,Coca Cola,Beverages,50.8,261,13258.8,10
2025-12-22,SKU_1018,Coke Zero 300ml Value,Coca Cola,Beverages,47.49,256,12157.44,0
2025-12-23,SKU_1018,Coke Zero 300ml Value,Coca Cola,Beverages,49.14,244,11990.16,0
2025-12-24,SKU_1018,Coke Zero 300ml Value,Coca Cola,Beverages,46.95,260,12207.0,0
2025-12-25,SKU_1018,Coke Zero 300ml Value,Coca Cola,Beverages,46.95,259,12160.05,0
2025-12-26,SKU_1018,Coke Zero 300ml Value,Coca Cola,Beverages,46.89,301,14113.89,5
2025-12-27,SKU_1018,Coke Zero 300ml Value,Coca Cola,Beverages,47.64,286,13625.04,10
2025-12-28,SKU_1018,Coke Zero 300ml Value,Coca Cola,Beverages,46.63,277,12916.51,10
2025-12-29,SKU_1018,Coke Zero 300ml Value,Coca Cola,Beverages,47.38,258,12224.04,0
2025-12-30,SKU_1018,Coke Zero 300ml Value,Coca Cola,Beverages,46.08,249,11473.92,0
2025-12-31,SKU_1018,Coke Zero 300ml Value,Coca Cola,Beverages,50.92,228,11609.76,0
2026-01-01,SKU_1018,Coke Zero 300ml Value,Coca Cola,Beverages,51.51,246,12671.46,0
2026-01-02,SKU_1018,Coke Zero 300ml Value,Coca Cola,Beverages,48.38,259,12530.42,0
2026-01-03,SKU_1018,Coke Zero 300ml Value,Coca Cola,Beverages,46.21,250,11552.5,0
2026-01-04,SKU_1018,Coke Zero 300ml Value,Coca Cola,Beverages,51.66,223,11520.18,0
2026-01-05,SKU_1018,Coke Zero 300ml Value,Coca Cola,Beverages,46.07,248,11425.36,0
2026-01-06,SKU_1018,Coke Zero 300ml Value,Coca Cola,Beverages,47.46,258,12244.68,0
2026-01-07,SKU_1018,Coke Zero 300ml Value,Coca Cola,Beverages,47.48,261,12392.28,0
2026-01-08,SKU_1018,Coke Zero 300ml Value,Coca Cola,Beverages,46.35,242,11216.7,0
2026-01-09,SKU_1018,Coke Zero 300ml Value,Coca Cola,Beverages,51.09,224,11444.16,0
2026-01-10,SKU_1018,Coke Zero 300ml Value,Coca Cola,Beverages,45.69,263,12016.47,0
2026-01-11,SKU_1018,Coke Zero 300ml Value,Coca Cola,Beverages,48.44,262,12691.28,10
2026-01-12,SKU_1018,Coke Zero 300ml Value,Coca Cola,Beverages,47.29,264,12484.56,5
2026-01-13,SKU_1018,Coke Zero 300ml Value,Coca Cola,Beverages,50.16,258,12941.28,0
2026-01-14,SKU_1018,Coke Zero 300ml Value,Coca Cola,Beverages,48.08,232,11154.56,0
2026-01-15,SKU_1018,Coke Zero 300ml Value,Coca Cola,Beverages,48.7,267,13002.9,5
2026-01-16,SKU_1018,Coke Zero 300ml Value,Coca Cola,Beverages,51.67,224,11574.08,0
2026-01-17,SKU_1018,Coke Zero 300ml Value,Coca Cola,Beverages,49.7,238,11828.6,0
2026-01-18,SKU_1018,Coke Zero 300ml Value,Coca Cola,Beverages,50.03,251,12557.53,0
2026-01-19,SKU_1018,Coke Zero 300ml Value,Coca Cola,Beverages,50.6,241,12194.6,0
2026-01-20,SKU_1018,Coke Zero 300ml Value,Coca Cola,Beverages,51.61,297,15328.17,5
2026-01-21,SKU_1018,Coke Zero 300ml Value,Coca Cola,Beverages,45.61,296,13500.56,10
2026-01-22,SKU_1018,Coke Zero 300ml Value,Coca Cola,Beverages,50.95,272,13858.4,5
2026-01-23,SKU_1018,Coke Zero 300ml Value,Coca Cola,Beverages,47.04,240,11289.6,0
2026-01-24,SKU_1018,Coke Zero 300ml Value,Coca Cola,Beverages,47.39,243,11515.77,0
2026-01-25,SKU_1018,Coke Zero 300ml Value,Coca Cola,Beverages,48.45,242,11724.9,0
2026-01-26,SKU_1018,Coke Zero 300ml Value,Coca Cola,Beverages,47.93,262,12557.66,10
2026-01-27,SKU_1018,Coke Zero 300ml Value,Coca Cola,Beverages,46.51,247,11487.97,0
2026-01-28,SKU_1018,Coke Zero 300ml Value,Coca Cola,Beverages,48.14,245,11794.3,0
2026-01-29,SKU_1018,Coke Zero 300ml Value,Coca Cola,Beverages,48.52,253,12275.56,0
2026-01-30,SKU_1018,Coke Zero 300ml Value,Coca Cola,Beverages,46.52,292,13583.84,5
2026-01-31,SKU_1018,Coke Zero 300ml Value,Coca Cola,Beverages,48.98,266,13028.68,5
2026-02-01,SKU_1018,Coke Zero 300ml Value,Coca Cola,Beverages,49.36,227,11204.72,0
2026-02-02,SKU_1018,Coke Zero 300ml Value,Coca Cola,Beverages,51.37,265,13613.05,5
2026-02-03,SKU_1018,Coke Zero 300ml Value,Coca Cola,Beverages,48.96,249,12191.04,0
2026-02-04,SKU_1018,Coke Zero 300ml Value,Coca Cola,Beverages,47.74,247,11791.78,0
2026-02-05,SKU_1018,Coke Zero 300ml Value,Coca Cola,Beverages,49.34,227,11200.18,0
2026-02-06,SKU_1018,Coke Zero 300ml Value,Coca Cola,Beverages,50.91,249,12676.59,0
2026-02-07,SKU_1018,Coke Zero 300ml Value,Coca Cola,Beverages,50.75,294,14920.5,5
2026-02-08,SKU_1018,Coke Zero 300ml Value,Coca Cola,Beverages,46.3,252,11667.6,0
2026-02-09,SKU_1018,Coke Zero 300ml Value,Coca Cola,Beverages,48.84,231,11282.04,0
2026-02-10,SKU_1018,Coke Zero 300ml Value,Coca Cola,Beverages,51.43,246,12651.78,0
2026-02-11,SKU_1018,Coke Zero 300ml Value,Coca Cola,Beverages,50.22,243,12203.46,0
2026-02-12,SKU_1018,Coke Zero 300ml Value,Coca Cola,Beverages,48.65,254,12357.1,0
2026-02-13,SKU_1018,Coke Zero 300ml Value,Coca Cola,Beverages,49.02,272,13333.44,5
2026-02-14,SKU_1018,Coke Zero 300ml Value,Coca Cola,Beverages,49.2,253,12447.6,0
2026-02-15,SKU_1018,Coke Zero 300ml Value,Coca Cola,Beverages,47.01,250,11752.5,0
2026-02-16,SKU_1018,Coke Zero 300ml Value,Coca Cola,Beverages,50.81,227,11533.87,0
2026-02-17,SKU_1018,Coke Zero 300ml Value,Coca Cola,Beverages,50.07,287,14370.09,10
2026-02-18,SKU_1018,Coke Zero 300ml Value,Coca Cola,Beverages,46.27,254,11752.58,0
2026-02-19,SKU_1018,Coke Zero 300ml Value,Coca Cola,Beverages,49.94,273,13633.62,5
2026-02-20,SKU_1018,Coke Zero 300ml Value,Coca Cola,Beverages,50.75,229,11621.75,0
2026-02-21,SKU_1018,Coke Zero 300ml Value,Coca Cola,Beverages,51.54,230,11854.2,0
2026-02-22,SKU_1018,Coke Zero 300ml Value,Coca Cola,Beverages,45.79,264,12088.56,0
2026-02-23,SKU_1018,Coke Zero 300ml Value,Coca Cola,Beverages,50.76,248,12588.48,0
2026-02-24,SKU_1018,Coke Zero 300ml Value,Coca Cola,Beverages,47.18,311,14672.98,5
2026-02-25,SKU_1018,Coke Zero 300ml Value,Coca Cola,Beverages,47.83,278,13296.74,10
2026-02-26,SKU_1018,Coke Zero 300ml Value,Coca Cola,Beverages,47.74,251,11982.74,0
2026-02-27,SKU_1018,Coke Zero 300ml Value,Coca Cola,Beverages,48.27,286,13805.22,5
2026-02-28,SKU_1018,Coke Zero 300ml Value,Coca Cola,Beverages,49.44,270,13348.8,5
2026-03-01,SKU_1018,Coke Zero 300ml Value,Coca Cola,Beverages,48.72,248,12082.56,0
2026-03-02,SKU_1018,Coke Zero 300ml Value,Coca Cola,Beverages,49.97,284,14191.48,5
2026-03-03,SKU_1018,Coke Zero 300ml Value,Coca Cola,Beverages,48.96,265,12974.4,10
2026-03-04,SKU_1018,Coke Zero 300ml Value,Coca Cola,Beverages,51.1,247,12621.7,5
2026-03-05,SKU_1018,Coke Zero 300ml Value,Coca Cola,Beverages,47.97,255,12232.35,0
2026-03-06,SKU_1018,Coke Zero 300ml Value,Coca Cola,Beverages,48.56,238,11557.28,0
2026-03-07,SKU_1018,Coke Zero 300ml Value,Coca Cola,Beverages,47.13,240,11311.2,0
2026-03-08,SKU_1018,Coke Zero 300ml Value,Coca Cola,Beverages,48.44,239,11577.16,0
2026-03-09,SKU_1018,Coke Zero 300ml Value,Coca Cola,Beverages,49.37,235,11601.95,0
2026-03-10,SKU_1018,Coke Zero 300ml Value,Coca Cola,Beverages,47.53,256,12167.68,5
2026-03-11,SKU_1018,Coke Zero 300ml Value,Coca Cola,Beverages,49.43,242,11962.06,0
2026-03-12,SKU_1018,Coke Zero 300ml Value,Coca Cola,Beverages,49.3,256,12620.8,0
2026-03-13,SKU_1018,Coke Zero 300ml Value,Coca Cola,Beverages,51.44,256,13168.64,10
2026-03-14,SKU_1018,Coke Zero 300ml Value,Coca Cola,Beverages,48.49,273,13237.77,5
2026-03-15,SKU_1018,Coke Zero 300ml Value,Coca Cola,Beverages,51.37,224,11506.88,0
2026-03-16,SKU_1018,Coke Zero 300ml Value,Coca Cola,Beverages,47.18,284,13399.12,10
2026-03-17,SKU_1018,Coke Zero 300ml Value,Coca Cola,Beverages,46.69,246,11485.74,0
2026-03-18,SKU_1018,Coke Zero 300ml Value,Coca Cola,Beverages,45.85,279,12792.15,5
2026-03-19,SKU_1018,Coke Zero 300ml Value,Coca Cola,Beverages,49.89,246,12272.94,0
2026-03-20,SKU_1018,Coke Zero 300ml Value,Coca Cola,Beverages,46.84,260,12178.4,0
2026-03-21,SKU_1018,Coke Zero 300ml Value,Coca Cola,Beverages,48.02,239,11476.78,0
2026-03-22,SKU_1018,Coke Zero 300ml Value,Coca Cola,Beverages,50.42,249,12554.58,0
2026-03-23,SKU_1018,Coke Zero 300ml Value,Coca Cola,Beverages,46.99,282,13251.18,10
2026-03-24,SKU_1018,Coke Zero 300ml Value,Coca Cola,Beverages,48.68,260,12656.8,0
2026-03-25,SKU_1018,Coke Zero 300ml Value,Coca Cola,Beverages,46.23,288,13314.24,10
2026-03-26,SKU_1018,Coke Zero 300ml Value,Coca Cola,Beverages,45.75,258,11803.5,5
2026-03-27,SKU_1018,Coke Zero 300ml Value,Coca Cola,Beverages,50.02,233,11654.66,0
2026-03-28,SKU_1018,Coke Zero 300ml Value,Coca Cola,Beverages,49.56,246,12191.76,5
2026-03-29,SKU_1018,Coke Zero 300ml Value,Coca Cola,Beverages,47.34,269,12734.46,5
2026-03-30,SKU_1018,Coke Zero 300ml Value,Coca Cola,Beverages,46.01,241,11088.41,0
2026-03-31,SKU_1018,Coke Zero 300ml Value,Coca Cola,Beverages,48.56,248,12042.88,0
2026-04-01,SKU_1018,Coke Zero 300ml Value,Coca Cola,Beverages,51.26,287,14711.62,0
2026-04-02,SKU_1018,Coke Zero 300ml Value,Coca Cola,Beverages,45.75,321,14685.75,0
2026-04-03,SKU_1018,Coke Zero 300ml Value,Coca Cola,Beverages,49.75,341,16964.75,10
2026-04-04,SKU_1018,Coke Zero 300ml Value,Coca Cola,Beverages,49.08,317,15558.36,0
2026-04-05,SKU_1018,Coke Zero 300ml Value,Coca Cola,Beverages,49.23,317,15605.91,0
2026-04-06,SKU_1018,Coke Zero 300ml Value,Coca Cola,Beverages,47.05,299,14067.95,0
2026-04-07,SKU_1018,Coke Zero 300ml Value,Coca Cola,Beverages,50.26,286,14374.36,0
2026-04-08,SKU_1018,Coke Zero 300ml Value,Coca Cola,Beverages,45.97,325,14940.25,0
2026-04-09,SKU_1018,Coke Zero 300ml Value,Coca Cola,Beverages,48.87,312,15247.44,10
2026-04-10,SKU_1018,Coke Zero 300ml Value,Coca Cola,Beverages,47.49,308,14626.92,0
2026-04-11,SKU_1018,Coke Zero 300ml Value,Coca Cola,Beverages,51.35,277,14223.95,0
2026-04-12,SKU_1018,Coke Zero 300ml Value,Coca Cola,Beverages,46.78,320,14969.6,5
2026-04-13,SKU_1018,Coke Zero 300ml Value,Coca Cola,Beverages,46.22,333,15391.26,10
2026-04-14,SKU_1018,Coke Zero 300ml Value,Coca Cola,Beverages,50.62,318,16097.16,0
2026-04-15,SKU_1018,Coke Zero 300ml Value,Coca Cola,Beverages,50.95,291,14826.45,0
2026-04-16,SKU_1018,Coke Zero 300ml Value,Coca Cola,Beverages,48.58,308,14962.64,0
2026-04-17,SKU_1018,Coke Zero 300ml Value,Coca Cola,Beverages,49.13,325,15967.25,5
2026-04-18,SKU_1018,Coke Zero 300ml Value,Coca Cola,Beverages,49.5,309,15295.5,0
2026-04-19,SKU_1018,Coke Zero 300ml Value,Coca Cola,Beverages,48.14,301,14490.14,0
2026-04-20,SKU_1018,Coke Zero 300ml Value,Coca Cola,Beverages,51.03,313,15972.39,0
2026-04-21,SKU_1018,Coke Zero 300ml Value,Coca Cola,Beverages,46.8,329,15397.2,0
2026-04-22,SKU_1018,Coke Zero 300ml Value,Coca Cola,Beverages,48.04,301,14460.04,0
2026-04-23,SKU_1018,Coke Zero 300ml Value,Coca Cola,Beverages,50.27,367,18449.09,10
2026-04-24,SKU_1018,Coke Zero 300ml Value,Coca Cola,Beverages,50.53,319,16119.07,0
2026-04-25,SKU_1018,Coke Zero 300ml Value,Coca Cola,Beverages,47.11,365,17195.15,5
2026-04-26,SKU_1018,Coke Zero 300ml Value,Coca Cola,Beverages,46.07,344,15848.08,5
2026-04-27,SKU_1018,Coke Zero 300ml Value,Coca Cola,Beverages,49.1,295,14484.5,0
2026-04-28,SKU_1018,Coke Zero 300ml Value,Coca Cola,Beverages,50.42,307,15478.94,0
2026-04-29,SKU_1018,Coke Zero 300ml Value,Coca Cola,Beverages,48.05,290,13934.5,0
2026-04-30,SKU_1018,Coke Zero 300ml Value,Coca Cola,Beverages,47.49,294,13962.06,0
2026-05-01,SKU_1018,Coke Zero 300ml Value,Coca Cola,Beverages,51.34,347,17814.98,5
2026-05-02,SKU_1018,Coke Zero 300ml Value,Coca Cola,Beverages,48.64,334,16245.76,10
2026-05-03,SKU_1018,Coke Zero 300ml Value,Coca Cola,Beverages,49.1,351,17234.1,10
2026-05-04,SKU_1018,Coke Zero 300ml Value,Coca Cola,Beverages,50.5,315,15907.5,0
2026-05-05,SKU_1018,Coke Zero 300ml Value,Coca Cola,Beverages,46.17,330,15236.1,0
2026-05-06,SKU_1018,Coke Zero 300ml Value,Coca Cola,Beverages,48.92,326,15947.92,0
2026-05-07,SKU_1018,Coke Zero 300ml Value,Coca Cola,Beverages,47.17,300,14151.0,0
2026-05-08,SKU_1018,Coke Zero 300ml Value,Coca Cola,Beverages,51.06,280,14296.8,0
2026-05-09,SKU_1018,Coke Zero 300ml Value,Coca Cola,Beverages,47.55,307,14597.85,0
2026-05-10,SKU_1018,Coke Zero 300ml Value,Coca Cola,Beverages,49.13,291,14296.83,0
2026-05-11,SKU_1018,Coke Zero 300ml Value,Coca Cola,Beverages,46.8,312,14601.6,5
2026-05-12,SKU_1018,Coke Zero 300ml Value,Coca Cola,Beverages,47.25,306,14458.5,0
2026-05-13,SKU_1018,Coke Zero 300ml Value,Coca Cola,Beverages,50.39,311,15671.29,0
2026-05-14,SKU_1018,Coke Zero 300ml Value,Coca Cola,Beverages,50.61,302,15284.22,0
2026-05-15,SKU_1018,Coke Zero 300ml Value,Coca Cola,Beverages,49.89,326,16264.14,10
2026-05-16,SKU_1018,Coke Zero 300ml Value,Coca Cola,Beverages,47.6,347,16517.2,10
2026-05-17,SKU_1018,Coke Zero 300ml Value,Coca Cola,Beverages,46.68,303,14144.04,0
2026-05-18,SKU_1018,Coke Zero 300ml Value,Coca Cola,Beverages,49.58,285,14130.3,0
