customer_data/sales_history.csv
date,product_id,product_name,brand,category,selling_price,units_sold,revenue,promotion_discount_pct
2025-11-20,SKU_1019,Coke Zero 300ml Family,Coca Cola,Beverages,58.43,324,18931.32,5
2025-11-21,SKU_1019,Coke Zero 300ml Family,Coca Cola,Beverages,58.92,292,17204.64,0
2025-11-22,SKU_1019,Coke Zero 300ml Family,Coca Cola,Beverages,64.27,282,18124.14,0
2025-11-23,SKU_1019,Coke Zero 300ml Family,Coca Cola,Beverages,58.14,272,15814.08,0
2025-11-24,SKU_1019,Coke Zero 300ml Family,Coca Cola,Beverages,57.97,328,19014.16,10
2025-11-25,SKU_1019,Coke Zero 300ml Family,Coca Cola,Beverages,57.03,296,16880.88,0
2025-11-26,SKU_1019,Coke Zero 300ml Family,Coca Cola,Beverages,64.24,306,19657.44,10
2025-11-27,SKU_1019,Coke Zero 300ml Family,Coca Cola,Beverages,63.41,297,18832.77,5
2025-11-28,SKU_1019,Coke Zero 300ml Family,Coca Cola,Beverages,59.07,336,19847.52,5
2025-11-29,SKU_1019,Coke Zero 300ml Family,Coca Cola,Beverages,57.84,294,17004.96,0
2025-11-30,SKU_1019,Coke Zero 300ml Family,Coca Cola,Beverages,57.93,292,16915.56,0
2025-12-01,SKU_1019,Coke Zero 300ml Family,Coca Cola,Beverages,62.93,253,15921.29,0
2025-12-02,SKU_1019,Coke Zero 300ml Family,Coca Cola,Beverages,63.61,279,17747.19,10
2025-12-03,SKU_1019,Coke Zero 300ml Family,Coca Cola,Beverages,59.09,266,15717.94,5
2025-12-04,SKU_1019,Coke Zero 300ml Family,Coca Cola,Beverages,57.31,261,14957.91,0
2025-12-05,SKU_1019,Coke Zero 300ml Family,Coca Cola,Beverages,57.08,286,16324.88,10
2025-12-06,SKU_1019,Coke Zero 300ml Family,Coca Cola,Beverages,59.16,240,14198.4,0
2025-12-07,SKU_1019,Coke Zero 300ml Family,Coca Cola,Beverages,58.72,254,14914.88,0
2025-12-08,SKU_1019,Coke Zero 300ml Family,Coca Cola,Beverages,64.24,251,16124.24,0
2025-12-09,SKU_1019,Coke Zero 300ml Family,Coca Cola,Beverages,58.18,266,15475.88,0
2025-12-10,SKU_1019,Coke Zero 300ml Family,Coca Cola,Beverages,62.95,253,15926.35,5
2025-12-11,SKU_1019,Coke Zero 300ml Family,Coca Cola,Beverages,61.23,246,15062.58,0
2025-12-12,SKU_1019,Coke Zero 300ml Family,Coca Cola,Beverages,57.71,243,14023.53,0
2025-12-13,SKU_1019,Coke Zero 300ml Family,Coca Cola,Beverages,63.31,257,16270.67,0
2025-12-14,SKU_1019,Coke Zero 300ml Family,Coca Cola,Beverages,63.59,290,18441.1,5
2025-12-15,SKU_1019,Coke Zero 300ml Family,Coca Cola,Beverages,58.29,256,14922.24,0
2025-12-16,SKU_1019,Coke Zero 300ml Family,Coca Cola,Beverages,59.18,259,15327.62,0
2025-12-17,SKU_1019,Coke Zero 300ml Family,Coca Cola,Beverages,60.39,280,16909.2,5
2025-12-18,SKU_1019,Coke Zero 300ml Family,Coca Cola,Beverages,58.66,253,14840.98,0
2025-12-19,SKU_1019,Coke Zero 300ml Family,Coca Cola,Beverages,60.19,232,13964.08,0
2025-12-20,SKU_1019,Coke Zero 300ml Family,Coca Cola,Beverages,62.77,277,17387.29,10
2025-12-21,SKU_1019,Coke Zero 300ml Family,Coca Cola,Beverages,59.97,253,15172.41,0
2025-12-22,SKU_1019,Coke Zero 300ml Family,Coca Cola,Beverages,58.6,297,17404.2,5
2025-12-23,SKU_1019,Coke Zero 300ml Family,Coca Cola,Beverages,63.83,234,14936.22,0
2025-12-24,SKU_1019,Coke Zero 300ml Family,Coca Cola,Beverages,60.89,293,17840.77,5
2025-12-25,SKU_1019,Coke Zero 300ml Family,Coca Cola,Beverages,58.6,239,14005.4,0
2025-12-26,SKU_1019,Coke Zero 300ml Family,Coca Cola,Beverages,61.69,259,15977.71,5
2025-12-27,SKU_1019,Coke Zero 300ml Family,Coca Cola,Beverages,63.15,247,15598.05,0
2025-12-28,SKU_1019,Coke Zero 300ml Family,Coca Cola,Beverages,59.76,254,15179.04,0
2025-12-29,SKU_1019,Coke Zero 300ml Family,Coca Cola,Beverages,64.01,288,18434.88,5
2025-12-30,SKU_1019,Coke Zero 300ml Family,Coca Cola,Beverages,57.19,249,14240.31,0
2025-12-31,SKU_1019,Coke Zero 300ml Family,Coca Cola,Beverages,62.03,232,14390.96,0
2026-01-01,SKU_1019,Coke Zero 300ml Family,Coca Cola,Beverages,60.03,262,15727.86,5
2026-01-02,SKU_1019,Coke Zero 300ml Family,Coca Cola,Beverages,60.83,261,15876.63,5
2026-01-03,SKU_1019,Coke Zero 300ml Family,Coca Cola,Beverages,60.41,236,14256.76,0
2026-01-04,SKU_1019,Coke Zero 300ml Family,Coca Cola,Beverages,59.86,272,16281.92,5
2026-01-05,SKU_1019,Coke Zero 300ml Family,Coca Cola,Beverages,58.31,283,16501.73,10
2026-01-06,SKU_1019,Coke Zero 300ml Family,Coca Cola,Beverages,61.14,250,15285.0,0
2026-01-07,SKU_1019,Coke Zero 300ml Family,Coca Cola,Beverages,64.64,247,15966.08,0
2026-01-08,SKU_1019,Coke Zero 300ml Family,Coca Cola,Beverages,57.7,243,14021.1,0
2026-01-09,SKU_1019,Coke Zero 300ml Family,Coca Cola,Beverages,61.8,226,13966.8,0
2026-01-10,SKU_1019,Coke Zero 300ml Family,Coca Cola,Beverages,57.62,280,16133.6,5
2026-01-11,SKU_1019,Coke Zero 300ml Family,Coca Cola,Beverages,59.29,252,14941.08,0
2026-01-12,SKU_1019,Coke Zero 300ml Family,Coca Cola,Beverages,63.79,268,17095.72,5
2026-01-13,SKU_1019,Coke Zero 300ml Family,Coca Cola,Beverages,58.3,261,15216.3,0
2026-01-14,SKU_1019,Coke Zero 300ml Family,Coca Cola,Beverages,61.84,252,15583.68,0
2026-01-15,SKU_1019,Coke Zero 300ml Family,Coca Cola,Beverages,59.25,309,18308.25,5
2026-01-16,SKU_1019,Coke Zero 300ml Family,Coca Cola,Beverages,58.31,251,14635.81,0
2026-01-17,SKU_1019,Coke Zero 300ml Family,Coca Cola,Beverages,61.7,244,15054.8,0
2026-01-18,SKU_1019,Coke Zero 300ml Family,Coca Cola,Beverages,59.1,261,15425.1,10
2026-01-19,SKU_1019,Coke Zero 300ml Family,Coca Cola,Beverages,63.08,227,14319.16,0
2026-01-20,SKU_1019,Coke Zero 300ml Family,Coca Cola,Beverages,62.64,244,15284.16,0
2026-01-21,SKU_1019,Coke Zero 300ml Family,Coca Cola,Beverages,58.92,241,14199.72,0
2026-01-22,SKU_1019,Coke Zero 300ml Family,Coca Cola,Beverages,62.98,253,15933.94,0
2026-01-23,SKU_1019,Coke Zero 300ml Family,Coca Cola,Beverages,60.91,263,16019.33,5
2026-01-24,SKU_1019,Coke Zero 300ml Family,Coca Cola,Beverages,58.3,254,14808.2,0
2026-01-25,SKU_1019,Coke Zero 300ml Family,Coca Cola,Beverages,58.89,245,14428.05,0
2026-01-26,SKU_1019,Coke Zero 300ml Family,Coca Cola,Beverages,61.48,230,14140.4,0
2026-01-27,SKU_1019,Coke Zero 300ml Family,Coca Cola,Beverages,60.55,230,13926.5,0
2026-01-28,SKU_1019,Coke Zero 300ml Family,Coca Cola,Beverages,58.26,249,14506.74,0
2026-01-29,SKU_1019,Coke Zero 300ml Family,Coca Cola,Beverages,57.52,239,13747.28,0
2026-01-30,SKU_1019,Coke Zero 300ml Family,Coca Cola,Beverages,59.24,288,17061.12,5
2026-01-31,SKU_1019,Coke Zero 300ml Family,Coca Cola,Beverages,62.88,297,18675.36,5
2026-02-01,SKU_1019,Coke Zero 300ml Family,Coca Cola,Beverages,61.1,280,17108.0,10
2026-02-02,SKU_1019,Coke Zero 300ml Family,Coca Cola,Beverages,63.13,283,17865.79,5
2026-02-03,SKU_1019,Coke Zero 300ml Family,Coca Cola,Beverages,58.96,241,14209.36,0
2026-02-04,SKU_1019,Coke Zero 300ml Family,Coca Cola,Beverages,60.92,256,15595.52,0
2026-02-05,SKU_1019,Coke Zero 300ml Family,Coca Cola,Beverages,58.61,264,15473.04,0
2026-02-06,SKU_1019,Coke Zero 300ml Family,Coca Cola,Beverages,63.57,255,16210.35,5
2026-02-07,SKU_1019,Coke Zero 300ml Family,Coca Cola,Beverages,59.93,255,15282.15,0
2026-02-08,SKU_1019,Coke Zero 300ml Family,Coca Cola,Beverages,60.8,237,14409.6,0
2026-02-09,SKU_1019,Coke Zero 300ml Family,Coca Cola,Beverages,60.4,256,15462.4,0
2026-02-10,SKU_1019,Coke Zero 300ml Family,Coca Cola,Beverages,60.51,262,15853.62,0
2026-02-11,SKU_1019,Coke Zero 300ml Family,Coca Cola,Beverages,62.06,227,14087.62,0
2026-02-12,SKU_1019,Coke Zero 300ml Family,Coca Cola,Beverages,58.11,288,16735.68,5
2026-02-13,SKU_1019,Coke Zero 300ml Family,Coca Cola,Beverages,60.8,273,16598.4,5
2026-02-14,SKU_1019,Coke Zero 300ml Family,Coca Cola,Beverages,63.88,300,19164.0,5
2026-02-15,SKU_1019,Coke Zero 300ml Family,Coca Cola,Beverages,57.4,254,14579.6,0
2026-02-16,SKU_1019,Coke Zero 300ml Family,Coca Cola,Beverages,59.3,306,18145.8,5
2026-02-17,SKU_1019,Coke Zero 300ml Family,Coca Cola,Beverages,60.02,245,14704.9,5
2026-02-18,SKU_1019,Coke Zero 300ml Family,Coca Cola,Beverages,61.67,267,16465.89,10
2026-02-19,SKU_1019,Coke Zero 300ml Family,Coca Cola,Beverages,60.72,243,14754.96,5
2026-02-20,SKU_1019,Coke Zero 300ml Family,Coca Cola,Beverages,59.75,281,16789.75,10
2026-02-21,SKU_1019,Coke Zero 300ml Family,Coca Cola,Beverages,57.09,284,16213.56,10
2026-02-22,SKU_1019,Coke Zero 300ml Family,Coca Cola,Beverages,57.47,290,16666.3,10
2026-02-23,SKU_1019,Coke Zero 300ml Family,Coca Cola,Beverages,57.19,296,16928.24,10
2026-02-24,SKU_1019,Coke Zero 300ml Family,Coca Cola,Beverages,59.71,234,13972.14,0
2026-02-25,SKU_1019,Coke Zero 300ml Family,Coca Cola,Beverages,57.4,249,14292.6,0
2026-02-26,SKU_1019,Coke Zero 300ml Family,Coca Cola,Beverages,63.89,258,16483.62,5
2026-02-27,SKU_1019,Coke Zero 300ml Family,Coca Cola,Beverages,61.01,270,16472.7,10
2026-02-28,SKU_1019,Coke Zero 300ml Family,Coca Cola,Beverages,62.84,231,14516.04,0
2026-03-01,SKU_1019,Coke Zero 300ml Family,Coca Cola,Beverages,64.28,273,17548.44,5
2026-03-02,SKU_1019,Coke Zero 300ml Family,Coca Cola,Beverages,62.64,233,14595.12,0
2026-03-03,SKU_1019,Coke Zero 300ml Family,Coca Cola,Beverages,62.94,251,15797.94,10
2026-03-04,SKU_1019,Coke Zero 300ml Family,Coca Cola,Beverages,59.15,238,14077.7,0
2026-03-05,SKU_1019,Coke Zero 300ml Family,Coca Cola,Beverages,59.36,237,14068.32,0
2026-03-06,SKU_1019,Coke Zero 300ml Family,Coca Cola,Beverages,60.26,262,15788.12,0
2026-03-07,SKU_1019,Coke Zero 300ml Family,Coca Cola,Beverages,60.33,255,15384.15,0
2026-03-08,SKU_1019,Coke Zero 300ml Family,Coca Cola,Beverages,57.0,268,15276.0,0
2026-03-09,SKU_1019,Coke Zero 300ml Family,Coca Cola,Beverages,59.07,248,14649.36,0
2026-03-10,SKU_1019,Coke Zero 300ml Family,Coca Cola,Beverages,58.71,243,14266.53,0
2026-03-11,SKU_1019,Coke Zero 300ml Family,Coca Cola,Beverages,64.21,246,15795.66,0
2026-03-12,SKU_1019,Coke Zero 300ml Family,Coca Cola,Beverages,62.22,234,14559.48,0
2026-03-13,SKU_1019,Coke Zero 300ml Family,Coca Cola,Beverages,61.81,278,17183.18,5
2026-03-14,SKU_1019,Coke Zero 300ml Family,Coca Cola,Beverages,64.46,268,17275.28,10
2026-03-15,SKU_1019,Coke Zero 300ml Family,Coca Cola,Beverages,64.03,224,14342.72,0
2026-03-16,SKU_1019,Coke Zero 300ml Family,Coca Cola,Beverages,61.11,264,16133.04,10
2026-03-17,SKU_1019,Coke Zero 300ml Family,Coca Cola,Beverages,62.32,235,14645.2,0
2026-03-18,SKU_1019,Coke Zero 300ml Family,Coca Cola,Beverages,58.76,275,16159.0,5
2026-03-19,SKU_1019,Coke Zero 300ml Family,Coca Cola,Beverages,59.56,268,15962.08,5
2026-03-20,SKU_1019,Coke Zero 300ml Family,Coca Cola,Beverages,64.73,250,16182.5,10
2026-03-21,SKU_1019,Coke Zero 300ml Family,Coca Cola,Beverages,63.25,249,15749.25,0
2026-03-22,SKU_1019,Coke Zero 300ml Family,Coca Cola,Beverages,61.33,232,14228.56,0
2026-03-23,SKU_1019,Coke Zero 300ml Family,Coca Cola,Beverages,63.87,233,14881.71,0
2026-03-24,SKU_1019,Coke Zero 300ml Family,Coca Cola,Beverages,64.22,271,17403.62,10
2026-03-25,SKU_1019,Coke Zero 300ml Family,Coca Cola,Beverages,60.22,257,15476.54,10
2026-03-26,SKU_1019,Coke Zero 300ml Family,Coca Cola,Beverages,59.33,261,15485.13,10
2026-03-27,SKU_1019,Coke Zero 300ml Family,Coca Cola,Beverages,64.4,235,15134.0,0
2026-03-28,SKU_1019,Coke Zero 300ml Family,Coca Cola,Beverages,64.22,273,17532.06,5
2026-03-29,SKU_1019,Coke Zero 300ml Family,Coca Cola,Beverages,60.37,248,14971.76,0
2026-03-30,SKU_1019,Coke Zero 300ml Family,Coca Cola,Beverages,59.6,258,15376.8,0
2026-03-31,SKU_1019,Coke Zero 300ml Family,Coca Cola,Beverages,58.84,280,16475.2,5
2026-04-01,SKU_1019,Coke Zero 300ml Family,Coca Cola,Beverages,64.47,323,20823.81,5
2026-04-02,SKU_1019,Coke Zero 300ml Family,Coca Cola,Beverages,63.63,339,21570.57,10
2026-04-03,SKU_1019,Coke Zero 300ml Family,Coca Cola,Beverages,58.29,298,17370.42,0
2026-04-04,SKU_1019,Coke Zero 300ml Family,Coca Cola,Beverages,61.63,308,18982.04,0
2026-04-05,SKU_1019,Coke Zero 300ml Family,Coca Cola,Beverages,57.64,308,17753.12,0
2026-04-06,SKU_1019,Coke Zero 300ml Family,Coca Cola,Beverages,58.17,313,18207.21,0
2026-04-07,SKU_1019,Coke Zero 300ml Family,Coca Cola,Beverages,64.29,276,17744.04,0
2026-04-08,SKU_1019,Coke Zero 300ml Family,Coca Cola,Beverages,64.74,298,19292.52,0
2026-04-09,SKU_1019,Coke Zero 300ml Family,Coca Cola,Beverages,57.25,308,17633.0,0
2026-04-10,SKU_1019,Coke Zero 300ml Family,Coca Cola,Beverages,62.29,312,19434.48,0
2026-04-11,SKU_1019,Coke Zero 300ml Family,Coca Cola,Beverages,62.2,286,17789.2,0
2026-04-12,SKU_1019,Coke Zero 300ml Family,Coca Cola,Beverages,63.96,295,18868.2,0
2026-04-13,SKU_1019,Coke Zero 300ml Family,Coca Cola,Beverages,64.77,296,19171.92,0
2026-04-14,SKU_1019,Coke Zero 300ml Family,Coca Cola,Beverages,61.79,311,19216.69,0
2026-04-15,SKU_1019,Coke Zero 300ml Family,Coca Cola,Beverages,63.16,314,19832.24,5
2026-04-16,SKU_1019,Coke Zero 300ml Family,Coca Cola,Beverages,59.09,332,19617.88,10
2026-04-17,SKU_1019,Coke Zero 300ml Family,Coca Cola,Beverages,63.49,310,19681.9,0
2026-04-18,SKU_1019,Coke Zero 300ml Family,Coca Cola,Beverages,60.61,321,19455.81,0
2026-04-19,SKU_1019,Coke Zero 300ml Family,Coca Cola,Beverages,62.02,294,18233.88,0
2026-04-20,SKU_1019,Coke Zero 300ml Family,Coca Cola,Beverages,60.87,309,18808.83,0
2026-04-21,SKU_1019,Coke Zero 300ml Family,Coca Cola,Beverages,57.25,334,19121.5,0
2026-04-22,SKU_1019,Coke Zero 300ml Family,Coca Cola,Beverages,62.42,319,19911.98,0
2026-04-23,SKU_1019,Coke Zero 300ml Family,Coca Cola,Beverages,64.42,340,21902.8,5
2026-04-24,SKU_1019,Coke Zero 300ml Family,Coca Cola,Beverages,63.29,295,18670.55,0
2026-04-25,SKU_1019,Coke Zero 300ml Family,Coca Cola,Beverages,62.2,307,19095.4,5
2026-04-26,SKU_1019,Coke Zero 300ml Family,Coca Cola,Beverages,62.49,303,18934.47,0
2026-04-27,SKU_1019,Coke Zero 300ml Family,Coca Cola,Beverages,61.58,315,19397.7,0
2026-04-28,SKU_1019,Coke Zero 300ml Family,Coca Cola,Beverages,64.79,297,19242.63,0
2026-04-29,SKU_1019,Coke Zero 300ml Family,Coca Cola,Beverages,59.2,310,18352.0,0
2026-04-30,SKU_1019,Coke Zero 300ml Family,Coca Cola,Beverages,61.52,344,21162.88,5
2026-05-01,SKU_1019,Coke Zero 300ml Family,Coca Cola,Beverages,57.96,347,20112.12,10
2026-05-02,SKU_1019,Coke Zero 300ml Family,Coca Cola,Beverages,61.58,317,19520.86,0
2026-05-03,SKU_1019,Coke Zero 300ml Family,Coca Cola,Beverages,63.99,291,18621.09,0
2026-05-04,SKU_1019,Coke Zero 300ml Family,Coca Cola,Beverages,58.22,306,17815.32,0
2026-05-05,SKU_1019,Coke Zero 300ml Family,Coca Cola,Beverages,57.38,318,18246.84,0
2026-05-06,SKU_1019,Coke Zero 300ml Family,Coca Cola,Beverages,60.04,355,21314.2,5
2026-05-07,SKU_1019,Coke Zero 300ml Family,Coca Cola,Beverages,64.54,277,17877.58,0
2026-05-08,SKU_1019,Coke Zero 300ml Family,Coca Cola,Beverages,60.51,328,19847.28,5
2026-05-09,SKU_1019,Coke Zero 300ml Family,Coca Cola,Beverages,59.46,373,22178.58,10
2026-05-10,SKU_1019,Coke Zero 300ml Family,Coca Cola,Beverages,62.46,291,18175.86,0
2026-05-11,SKU_1019,Coke Zero 300ml Family,Coca Cola,Beverages,64.44,342,22038.48,5
2026-05-12,SKU_1019,Coke Zero 300ml Family,Coca Cola,Beverages,64.71,300,19413.0,0
2026-05-13,SKU_1019,Coke Zero 300ml Family,Coca Cola,Beverages,58.87,312,18367.44,0
2026-05-14,SKU_1019,Coke Zero 300ml Family,Coca Cola,Beverages,64.08,312,19992.96,5
2026-05-15,SKU_1019,Coke Zero 300ml Family,Coca Cola,Beverages,63.01,287,18083.87,0
2026-05-16,SKU_1019,Coke Zero 300ml Family,Coca Cola,Beverages,63.24,301,19035.24,0
2026-05-17,SKU_1019,Coke Zero 300ml Family,Coca Cola,Beverages,57.82,330,19080.6,10
2026-05-18,SKU_1019,Coke Zero 300ml Family,Coca Cola,Beverages,58.65,340,19941.0,10
