customer_data/sales_history.csv
date,product_id,product_name,brand,category,selling_price,units_sold,revenue,promotion_discount_pct
2025-11-20,SKU_1020,Coke Zero Can 330ml Mini,Coca Cola,Beverages,32.1,300,9630.0,10
2025-11-21,SKU_1020,Coke Zero Can 330ml Mini,Coca Cola,Beverages,33.72,282,9509.04,0
2025-11-22,SKU_1020,Coke Zero Can 330ml Mini,Coca Cola,Beverages,31.79,292,9282.68,10
2025-11-23,SKU_1020,Coke Zero Can 330ml Mini,Coca Cola,Beverages,32.13,274,8803.62,0
2025-11-24,SKU_1020,Coke Zero Can 330ml Mini,Coca Cola,Beverages,31.09,306,9513.54,10
2025-11-25,SKU_1020,Coke Zero Can 330ml Mini,Coca Cola,Beverages,33.88,309,10468.92,5
2025-11-26,SKU_1020,Coke Zero Can 330ml Mini,Coca Cola,Beverages,31.82,315,10023.3,10
2025-11-27,SKU_1020,Coke Zero Can 330ml Mini,Coca Cola,Beverages,33.71,269,9067.99,0
2025-11-28,SKU_1020,Coke Zero Can 330ml Mini,Coca Cola,Beverages,31.76,300,9528.0,0
2025-11-29,SKU_1020,Coke Zero Can 330ml Mini,Coca Cola,Beverages,33.27,317,10546.59,10
2025-11-30,SKU_1020,Coke Zero Can 330ml Mini,Coca Cola,Beverages,31.54,286,9020.44,0
2025-12-01,SKU_1020,Coke Zero Can 330ml Mini,Coca Cola,Beverages,30.09,258,7763.22,5
2025-12-02,SKU_1020,Coke Zero Can 330ml Mini,Coca Cola,Beverages,31.55,242,7635.1,0
2025-12-03,SKU_1020,Coke Zero Can 330ml Mini,Coca Cola,Beverages,33.21,299,9929.79,10
2025-12-04,SKU_1020,Coke Zero Can 330ml Mini,Coca Cola,Beverages,31.63,242,7654.46,0
2025-12-05,SKU_1020,Coke Zero Can 330ml Mini,Coca Cola,Beverages,33.07,259,8565.13,5
2025-12-06,SKU_1020,Coke Zero Can 330ml Mini,Coca Cola,Beverages,30.8,251,7730.8,0
2025-12-07,SKU_1020,Coke Zero Can 330ml Mini,Coca Cola,Beverages,33.12,285,9439.2,5
2025-12-08,SKU_1020,Coke Zero Can 330ml Mini,Coca Cola,Beverages,32.9,254,8356.6,0
2025-12-09,SKU_1020,Coke Zero Can 330ml Mini,Coca Cola,Beverages,29.98,240,7195.2,0
2025-12-10,SKU_1020,Coke Zero Can 330ml Mini,Coca Cola,Beverages,32.57,249,8109.93,0
2025-12-11,SKU_1020,Coke Zero Can 330ml Mini,Coca Cola,Beverages,30.33,242,7339.86,0
2025-12-12,SKU_1020,Coke Zero Can 330ml Mini,Coca Cola,Beverages,30.62,239,7318.18,0
2025-12-13,SKU_1020,Coke Zero Can 330ml Mini,Coca Cola,Beverages,31.63,259,8192.17,0
2025-12-14,SKU_1020,Coke Zero Can 330ml Mini,Coca Cola,Beverages,32.91,236,7766.76,0
2025-12-15,SKU_1020,Coke Zero Can 330ml Mini,Coca Cola,Beverages,31.19,272,8483.68,10
2025-12-16,SKU_1020,Coke Zero Can 330ml Mini,Coca Cola,Beverages,30.21,234,7069.14,0
2025-12-17,SKU_1020,Coke Zero Can 330ml Mini,Coca Cola,Beverages,33.42,256,8555.52,0
2025-12-18,SKU_1020,Coke Zero Can 330ml Mini,Coca Cola,Beverages,30.2,261,7882.2,0
2025-12-19,SKU_1020,Coke Zero Can 330ml Mini,Coca Cola,Beverages,33.88,270,9147.6,5
2025-12-20,SKU_1020,Coke Zero Can 330ml Mini,Coca Cola,Beverages,30.42,286,8700.12,10
2025-12-21,SKU_1020,Coke Zero Can 330ml Mini,Coca Cola,Beverages,32.02,253,8101.06,10
2025-12-22,SKU_1020,Coke Zero Can 330ml Mini,Coca Cola,Beverages,33.14,242,8019.88,0
2025-12-23,SKU_1020,Coke Zero Can 330ml Mini,Coca Cola,Beverages,31.37,243,7622.91,0
2025-12-24,SKU_1020,Coke Zero Can 330ml Mini,Coca Cola,Beverages,32.16,232,7461.12,0
2025-12-25,SKU_1020,Coke Zero Can 330ml Mini,Coca Cola,Beverages,33.66,240,8078.4,0
2025-12-26,SKU_1020,Coke Zero Can 330ml Mini,Coca Cola,Beverages,33.99,255,8667.45,0
2025-12-27,SKU_1020,Coke Zero Can 330ml Mini,Coca Cola,Beverages,30.58,251,7675.58,10
2025-12-28,SKU_1020,Coke Zero Can 330ml Mini,Coca Cola,Beverages,31.89,238,7589.82,0
2025-12-29,SKU_1020,Coke Zero Can 330ml Mini,Coca Cola,Beverages,30.05,256,7692.8,5
2025-12-30,SKU_1020,Coke Zero Can 330ml Mini,Coca Cola,Beverages,33.23,251,8340.73,5
2025-12-31,SKU_1020,Coke Zero Can 330ml Mini,Coca Cola,Beverages,30.61,304,9305.44,5
2026-01-01,SKU_1020,Coke Zero Can 330ml Mini,Coca Cola,Beverages,32.33,243,7856.19,0
2026-01-02,SKU_1020,Coke Zero Can 330ml Mini,Coca Cola,Beverages,33.34,270,9001.8,5
2026-01-03,SKU_1020,Coke Zero Can 330ml Mini,Coca Cola,Beverages,33.08,251,8303.08,0
2026-01-04,SKU_1020,Coke Zero Can 330ml Mini,Coca Cola,Beverages,30.74,254,7807.96,5
2026-01-05,SKU_1020,Coke Zero Can 330ml Mini,Coca Cola,Beverages,29.94,250,7485.0,0
2026-01-06,SKU_1020,Coke Zero Can 330ml Mini,Coca Cola,Beverages,32.58,242,7884.36,0
2026-01-07,SKU_1020,Coke Zero Can 330ml Mini,Coca Cola,Beverages,33.9,243,8237.7,0
2026-01-08,SKU_1020,Coke Zero Can 330ml Mini,Coca Cola,Beverages,30.47,298,9080.06,10
2026-01-09,SKU_1020,Coke Zero Can 330ml Mini,Coca Cola,Beverages,33.06,281,9289.86,5
2026-01-10,SKU_1020,Coke Zero Can 330ml Mini,Coca Cola,Beverages,32.19,242,7789.98,0
2026-01-11,SKU_1020,Coke Zero Can 330ml Mini,Coca Cola,Beverages,30.42,261,7939.62,0
2026-01-12,SKU_1020,Coke Zero Can 330ml Mini,Coca Cola,Beverages,30.93,258,7979.94,5
2026-01-13,SKU_1020,Coke Zero Can 330ml Mini,Coca Cola,Beverages,30.08,234,7038.72,0
2026-01-14,SKU_1020,Coke Zero Can 330ml Mini,Coca Cola,Beverages,32.65,233,7607.45,0
2026-01-15,SKU_1020,Coke Zero Can 330ml Mini,Coca Cola,Beverages,33.27,236,7851.72,0
2026-01-16,SKU_1020,Coke Zero Can 330ml Mini,Coca Cola,Beverages,31.32,248,7767.36,0
2026-01-17,SKU_1020,Coke Zero Can 330ml Mini,Coca Cola,Beverages,33.92,267,9056.64,5
2026-01-18,SKU_1020,Coke Zero Can 330ml Mini,Coca Cola,Beverages,32.95,256,8435.2,0
2026-01-19,SKU_1020,Coke Zero Can 330ml Mini,Coca Cola,Beverages,33.94,242,8213.48,0
2026-01-20,SKU_1020,Coke Zero Can 330ml Mini,Coca Cola,Beverages,33.49,273,9142.77,10
2026-01-21,SKU_1020,Coke Zero Can 330ml Mini,Coca Cola,Beverages,33.41,228,7617.48,0
2026-01-22,SKU_1020,Coke Zero Can 330ml Mini,Coca Cola,Beverages,33.92,225,7632.0,0
2026-01-23,SKU_1020,Coke Zero Can 330ml Mini,Coca Cola,Beverages,33.56,245,8222.2,0
2026-01-24,SKU_1020,Coke Zero Can 330ml Mini,Coca Cola,Beverages,32.31,243,7851.33,0
2026-01-25,SKU_1020,Coke Zero Can 330ml Mini,Coca Cola,Beverages,31.06,300,9318.0,10
2026-01-26,SKU_1020,Coke Zero Can 330ml Mini,Coca Cola,Beverages,32.14,276,8870.64,10
2026-01-27,SKU_1020,Coke Zero Can 330ml Mini,Coca Cola,Beverages,32.29,229,7394.41,0
2026-01-28,SKU_1020,Coke Zero Can 330ml Mini,Coca Cola,Beverages,33.64,239,8039.96,0
2026-01-29,SKU_1020,Coke Zero Can 330ml Mini,Coca Cola,Beverages,33.59,232,7792.88,0
2026-01-30,SKU_1020,Coke Zero Can 330ml Mini,Coca Cola,Beverages,31.2,233,7269.6,0
2026-01-31,SKU_1020,Coke Zero Can 330ml Mini,Coca Cola,Beverages,32.62,251,8187.62,0
2026-02-01,SKU_1020,Coke Zero Can 330ml Mini,Coca Cola,Beverages,30.49,246,7500.54,10
2026-02-02,SKU_1020,Coke Zero Can 330ml Mini,Coca Cola,Beverages,30.36,293,8895.48,5
2026-02-03,SKU_1020,Coke Zero Can 330ml Mini,Coca Cola,Beverages,31.4,240,7536.0,0
2026-02-04,SKU_1020,Coke Zero Can 330ml Mini,Coca Cola,Beverages,30.58,239,7308.62,0
2026-02-05,SKU_1020,Coke Zero Can 330ml Mini,Coca Cola,Beverages,30.26,281,8503.06,10
2026-02-06,SKU_1020,Coke Zero Can 330ml Mini,Coca Cola,Beverages,33.47,252,8434.44,0
2026-02-07,SKU_1020,Coke Zero Can 330ml Mini,Coca Cola,Beverages,31.85,243,7739.55,0
2026-02-08,SKU_1020,Coke Zero Can 330ml Mini,Coca Cola,Beverages,30.62,278,8512.36,10
2026-02-09,SKU_1020,Coke Zero Can 330ml Mini,Coca Cola,Beverages,33.98,271,9208.58,10
2026-02-10,SKU_1020,Coke Zero Can 330ml Mini,Coca Cola,Beverages,31.04,258,8008.32,0
2026-02-11,SKU_1020,Coke Zero Can 330ml Mini,Coca Cola,Beverages,31.94,255,8144.7,5
2026-02-12,SKU_1020,Coke Zero Can 330ml Mini,Coca Cola,Beverages,32.44,273,8856.12,10
2026-02-13,SKU_1020,Coke Zero Can 330ml Mini,Coca Cola,Beverages,31.33,276,8647.08,10
2026-02-14,SKU_1020,Coke Zero Can 330ml Mini,Coca Cola,Beverages,33.65,256,8614.4,0
2026-02-15,SKU_1020,Coke Zero Can 330ml Mini,Coca Cola,Beverages,32.45,260,8437.0,5
2026-02-16,SKU_1020,Coke Zero Can 330ml Mini,Coca Cola,Beverages,32.58,230,7493.4,0
2026-02-17,SKU_1020,Coke Zero Can 330ml Mini,Coca Cola,Beverages,31.59,231,7297.29,0
2026-02-18,SKU_1020,Coke Zero Can 330ml Mini,Coca Cola,Beverages,32.76,270,8845.2,10
2026-02-19,SKU_1020,Coke Zero Can 330ml Mini,Coca Cola,Beverages,33.89,243,8235.27,0
2026-02-20,SKU_1020,Coke Zero Can 330ml Mini,Coca Cola,Beverages,30.87,258,7964.46,0
2026-02-21,SKU_1020,Coke Zero Can 330ml Mini,Coca Cola,Beverages,32.92,234,7703.28,0
2026-02-22,SKU_1020,Coke Zero Can 330ml Mini,Coca Cola,Beverages,33.88,237,8029.56,0
2026-02-23,SKU_1020,Coke Zero Can 330ml Mini,Coca Cola,Beverages,32.28,230,7424.4,0
2026-02-24,SKU_1020,Coke Zero Can 330ml Mini,Coca Cola,Beverages,33.32,259,8629.88,0
2026-02-25,SKU_1020,Coke Zero Can 330ml Mini,Coca Cola,Beverages,31.32,253,7923.96,0
2026-02-26,SKU_1020,Coke Zero Can 330ml Mini,Coca Cola,Beverages,32.89,257,8452.73,0
2026-02-27,SKU_1020,Coke Zero Can 330ml Mini,Coca Cola,Beverages,31.26,274,8565.24,10
2026-02-28,SKU_1020,Coke Zero Can 330ml Mini,Coca Cola,Beverages,31.05,252,7824.6,0
2026-03-01,SKU_1020,Coke Zero Can 330ml Mini,Coca Cola,Beverages,30.77,255,7846.35,0
2026-03-02,SKU_1020,Coke Zero Can 330ml Mini,Coca Cola,Beverages,31.93,251,8014.43,5
2026-03-03,SKU_1020,Coke Zero Can 330ml Mini,Coca Cola,Beverages,30.96,260,8049.6,0
2026-03-04,SKU_1020,Coke Zero Can 330ml Mini,Coca Cola,Beverages,30.18,266,8027.88,0
2026-03-05,SKU_1020,Coke Zero Can 330ml Mini,Coca Cola,Beverages,32.99,255,8412.45,0
2026-03-06,SKU_1020,Coke Zero Can 330ml Mini,Coca Cola,Beverages,31.62,254,8031.48,0
2026-03-07,SKU_1020,Coke Zero Can 330ml Mini,Coca Cola,Beverages,31.09,240,7461.6,0
2026-03-08,SKU_1020,Coke Zero Can 330ml Mini,Coca Cola,Beverages,31.86,239,7614.54,0
2026-03-09,SKU_1020,Coke Zero Can 330ml Mini,Coca Cola,Beverages,32.33,260,8405.8,0
2026-03-10,SKU_1020,Coke Zero Can 330ml Mini,Coca Cola,Beverages,31.77,230,7307.1,0
2026-03-11,SKU_1020,Coke Zero Can 330ml Mini,Coca Cola,Beverages,33.36,248,8273.28,0
2026-03-12,SKU_1020,Coke Zero Can 330ml Mini,Coca Cola,Beverages,30.58,255,7797.9,0
2026-03-13,SKU_1020,Coke Zero Can 330ml Mini,Coca Cola,Beverages,30.0,279,8370.0,5
2026-03-14,SKU_1020,Coke Zero Can 330ml Mini,Coca Cola,Beverages,30.82,301,9276.82,10
2026-03-15,SKU_1020,Coke Zero Can 330ml Mini,Coca Cola,Beverages,33.75,237,7998.75,0
2026-03-16,SKU_1020,Coke Zero Can 330ml Mini,Coca Cola,Beverages,32.06,240,7694.4,0
2026-03-17,SKU_1020,Coke Zero Can 330ml Mini,Coca Cola,Beverages,33.45,228,7626.6,0
2026-03-18,SKU_1020,Coke Zero Can 330ml Mini,Coca Cola,Beverages,32.98,287,9465.26,10
2026-03-19,SKU_1020,Coke Zero Can 330ml Mini,Coca Cola,Beverages,33.55,235,7884.25,0
2026-03-20,SKU_1020,Coke Zero Can 330ml Mini,Coca Cola,Beverages,30.96,284,8792.64,10
2026-03-21,SKU_1020,Coke Zero Can 330ml Mini,Coca Cola,Beverages,32.44,301,9764.44,10
2026-03-22,SKU_1020,Coke Zero Can 330ml Mini,Coca Cola,Beverages,30.67,275,8434.25,10
2026-03-23,SKU_1020,Coke Zero Can 330ml Mini,Coca Cola,Beverages,30.54,263,8032.02,10
2026-03-24,SKU_1020,Coke Zero Can 330ml Mini,Coca Cola,Beverages,32.25,241,7772.25,0
2026-03-25,SKU_1020,Coke Zero Can 330ml Mini,Coca Cola,Beverages,30.69,285,8746.65,5
2026-03-26,SKU_1020,Coke Zero Can 330ml Mini,Coca Cola,Beverages,32.78,230,7539.4,0
2026-03-27,SKU_1020,Coke Zero Can 330ml Mini,Coca Cola,Beverages,32.5,261,8482.5,10
2026-03-28,SKU_1020,Coke Zero Can 330ml Mini,Coca Cola,Beverages,32.23,265,8540.95,5
2026-03-29,SKU_1020,Coke Zero Can 330ml Mini,Coca Cola,Beverages,30.73,252,7743.96,0
2026-03-30,SKU_1020,Coke Zero Can 330ml Mini,Coca Cola,Beverages,33.44,232,7758.08,0
2026-03-31,SKU_1020,Coke Zero Can 330ml Mini,Coca Cola,Beverages,32.11,308,9889.88,5
2026-04-01,SKU_1020,Coke Zero Can 330ml Mini,Coca Cola,Beverages,32.23,304,9797.92,0
2026-04-02,SKU_1020,Coke Zero Can 330ml Mini,Coca Cola,Beverages,32.24,349,11251.76,5
2026-04-03,SKU_1020,Coke Zero Can 330ml Mini,Coca Cola,Beverages,30.1,338,10173.8,10
2026-04-04,SKU_1020,Coke Zero Can 330ml Mini,Coca Cola,Beverages,30.22,340,10274.8,10
2026-04-05,SKU_1020,Coke Zero Can 330ml Mini,Coca Cola,Beverages,32.87,311,10222.57,0
2026-04-06,SKU_1020,Coke Zero Can 330ml Mini,Coca Cola,Beverages,30.82,321,9893.22,0
2026-04-07,SKU_1020,Coke Zero Can 330ml Mini,Coca Cola,Beverages,29.97,324,9710.28,0
2026-04-08,SKU_1020,Coke Zero Can 330ml Mini,Coca Cola,Beverages,33.98,347,11791.06,5
2026-04-09,SKU_1020,Coke Zero Can 330ml Mini,Coca Cola,Beverages,30.78,327,10065.06,0
2026-04-10,SKU_1020,Coke Zero Can 330ml Mini,Coca Cola,Beverages,32.43,320,10377.6,0
2026-04-11,SKU_1020,Coke Zero Can 330ml Mini,Coca Cola,Beverages,33.16,314,10412.24,0
2026-04-12,SKU_1020,Coke Zero Can 330ml Mini,Coca Cola,Beverages,30.11,311,9364.21,10
2026-04-13,SKU_1020,Coke Zero Can 330ml Mini,Coca Cola,Beverages,32.62,285,9296.7,0
2026-04-14,SKU_1020,Coke Zero Can 330ml Mini,Coca Cola,Beverages,33.72,290,9778.8,0
2026-04-15,SKU_1020,Coke Zero Can 330ml Mini,Coca Cola,Beverages,33.18,309,10252.62,0
2026-04-16,SKU_1020,Coke Zero Can 330ml Mini,Coca Cola,Beverages,30.29,329,9965.41,10
2026-04-17,SKU_1020,Coke Zero Can 330ml Mini,Coca Cola,Beverages,29.93,310,9278.3,0
2026-04-18,SKU_1020,Coke Zero Can 330ml Mini,Coca Cola,Beverages,33.01,319,10530.19,0
2026-04-19,SKU_1020,Coke Zero Can 330ml Mini,Coca Cola,Beverages,30.04,341,10243.64,10
2026-04-20,SKU_1020,Coke Zero Can 330ml Mini,Coca Cola,Beverages,32.66,323,10549.18,0
2026-04-21,SKU_1020,Coke Zero Can 330ml Mini,Coca Cola,Beverages,30.88,303,9356.64,0
2026-04-22,SKU_1020,Coke Zero Can 330ml Mini,Coca Cola,Beverages,30.73,318,9772.14,0
2026-04-23,SKU_1020,Coke Zero Can 330ml Mini,Coca Cola,Beverages,31.13,318,9899.34,5
2026-04-24,SKU_1020,Coke Zero Can 330ml Mini,Coca Cola,Beverages,32.46,294,9543.24,0
2026-04-25,SKU_1020,Coke Zero Can 330ml Mini,Coca Cola,Beverages,31.43,296,9303.28,0
2026-04-26,SKU_1020,Coke Zero Can 330ml Mini,Coca Cola,Beverages,33.34,297,9901.98,0
2026-04-27,SKU_1020,Coke Zero Can 330ml Mini,Coca Cola,Beverages,33.34,313,10435.42,5
2026-04-28,SKU_1020,Coke Zero Can 330ml Mini,Coca Cola,Beverages,30.63,324,9924.12,0
2026-04-29,SKU_1020,Coke Zero Can 330ml Mini,Coca Cola,Beverages,32.73,288,9426.24,0
2026-04-30,SKU_1020,Coke Zero Can 330ml Mini,Coca Cola,Beverages,30.27,321,9716.67,0
2026-05-01,SKU_1020,Coke Zero Can 330ml Mini,Coca Cola,Beverages,30.55,312,9531.6,0
2026-05-02,SKU_1020,Coke Zero Can 330ml Mini,Coca Cola,Beverages,32.79,332,10886.28,10
2026-05-03,SKU_1020,Coke Zero Can 330ml Mini,Coca Cola,Beverages,32.2,348,11205.6,10
2026-05-04,SKU_1020,Coke Zero Can 330ml Mini,Coca Cola,Beverages,33.86,292,9887.12,0
2026-05-05,SKU_1020,Coke Zero Can 330ml Mini,Coca Cola,Beverages,33.55,338,11339.9,10
2026-05-06,SKU_1020,Coke Zero Can 330ml Mini,Coca Cola,Beverages,32.63,329,10735.27,5
2026-05-07,SKU_1020,Coke Zero Can 330ml Mini,Coca Cola,Beverages,30.63,317,9709.71,5
2026-05-08,SKU_1020,Coke Zero Can 330ml Mini,Coca Cola,Beverages,31.22,294,9178.68,0
2026-05-09,SKU_1020,Coke Zero Can 330ml Mini,Coca Cola,Beverages,30.73,340,10448.2,10
2026-05-10,SKU_1020,Coke Zero Can 330ml Mini,Coca Cola,Beverages,33.72,316,10655.52,0
2026-05-11,SKU_1020,Coke Zero Can 330ml Mini,Coca Cola,Beverages,33.19,299,9923.81,0
2026-05-12,SKU_1020,Coke Zero Can 330ml Mini,Coca Cola,Beverages,30.87,321,9909.27,0
2026-05-13,SKU_1020,Coke Zero Can 330ml Mini,Coca Cola,Beverages,32.22,350,11277.0,10
2026-05-14,SKU_1020,Coke Zero Can 330ml Mini,Coca Cola,Beverages,32.95,340,11203.0,10
2026-05-15,SKU_1020,Coke Zero Can 330ml Mini,Coca Cola,Beverages,32.13,320,10281.6,0
2026-05-16,SKU_1020,Coke Zero Can 330ml Mini,Coca Cola,Beverages,30.91,344,10633.04,10
2026-05-17,SKU_1020,Coke Zero Can 330ml Mini,Coca Cola,Beverages,33.55,324,10870.2,10
2026-05-18,SKU_1020,Coke Zero Can 330ml Mini,Coca Cola,Beverages,31.31,326,10207.06,0
