customer_data/sales_history.csv
date,product_id,product_name,brand,category,selling_price,units_sold,revenue,promotion_discount_pct
2025-11-20,SKU_1021,Coke Zero Can 330ml Regular,Coca Cola,Beverages,44.28,282,12486.96,0
2025-11-21,SKU_1021,Coke Zero Can 330ml Regular,Coca Cola,Beverages,43.01,284,12214.84,0
2025-11-22,SKU_1021,Coke Zero Can 330ml Regular,Coca Cola,Beverages,43.57,270,11763.9,0
2025-11-23,SKU_1021,Coke Zero Can 330ml Regular,Coca Cola,Beverages,45.78,293,13413.54,0
2025-11-24,SKU_1021,Coke Zero Can 330ml Regular,Coca Cola,Beverages,45.22,295,13339.9,0
2025-11-25,SKU_1021,Coke Zero Can 330ml Regular,Coca Cola,Beverages,47.07,264,12426.48,0
2025-11-26,SKU_1021,Coke Zero Can 330ml Regular,Coca Cola,Beverages,46.74,281,13133.94,0
2025-11-27,SKU_1021,Coke Zero Can 330ml Regular,Coca Cola,Beverages,42.93,290,12449.7,0
2025-11-28,SKU_1021,Coke Zero Can 330ml Regular,Coca Cola,Beverages,47.29,263,12437.27,0
2025-11-29,SKU_1021,Coke Zero Can 330ml Regular,Coca Cola,Beverages,43.24,321,13880.04,10
2025-11-30,SKU_1021,Coke Zero Can 330ml Regular,Coca Cola,Beverages,43.23,277,11974.71,0
2025-12-01,SKU_1021,Coke Zero Can 330ml Regular,Coca Cola,Beverages,45.32,232,10514.24,0
2025-12-02,SKU_1021,Coke Zero Can 330ml Regular,Coca Cola,Beverages,43.08,267,11502.36,10
2025-12-03,SKU_1021,Coke Zero Can 330ml Regular,Coca Cola,Beverages,46.96,248,11646.08,0
2025-12-04,SKU_1021,Coke Zero Can 330ml Regular,Coca Cola,Beverages,44.97,264,11872.08,10
2025-12-05,SKU_1021,Coke Zero Can 330ml Regular,Coca Cola,Beverages,44.45,254,11290.3,0
2025-12-06,SKU_1021,Coke Zero Can 330ml Regular,Coca Cola,Beverages,43.25,288,12456.0,10
2025-12-07,SKU_1021,Coke Zero Can 330ml Regular,Coca Cola,Beverages,46.12,259,11945.08,5
2025-12-08,SKU_1021,Coke Zero Can 330ml Regular,Coca Cola,Beverages,48.07,231,11104.17,0
2025-12-09,SKU_1021,Coke Zero Can 330ml Regular,Coca Cola,Beverages,47.57,284,13509.88,10
2025-12-10,SKU_1021,Coke Zero Can 330ml Regular,Coca Cola,Beverages,43.0,245,10535.0,0
2025-12-11,SKU_1021,Coke Zero Can 330ml Regular,Coca Cola,Beverages,45.72,260,11887.2,0
2025-12-12,SKU_1021,Coke Zero Can 330ml Regular,Coca Cola,Beverages,46.26,256,11842.56,0
2025-12-13,SKU_1021,Coke Zero Can 330ml Regular,Coca Cola,Beverages,47.93,255,12222.15,0
2025-12-14,SKU_1021,Coke Zero Can 330ml Regular,Coca Cola,Beverages,43.27,244,10557.88,0
2025-12-15,SKU_1021,Coke Zero Can 330ml Regular,Coca Cola,Beverages,45.85,276,12654.6,10
2025-12-16,SKU_1021,Coke Zero Can 330ml Regular,Coca Cola,Beverages,44.13,246,10855.98,0
2025-12-17,SKU_1021,Coke Zero Can 330ml Regular,Coca Cola,Beverages,45.74,239,10931.86,0
2025-12-18,SKU_1021,Coke Zero Can 330ml Regular,Coca Cola,Beverages,46.62,228,10629.36,0
2025-12-19,SKU_1021,Coke Zero Can 330ml Regular,Coca Cola,Beverages,47.34,227,10746.18,0
2025-12-20,SKU_1021,Coke Zero Can 330ml Regular,Coca Cola,Beverages,45.98,264,12138.72,5
2025-12-21,SKU_1021,Coke Zero Can 330ml Regular,Coca Cola,Beverages,45.13,286,12907.18,10
2025-12-22,SKU_1021,Coke Zero Can 330ml Regular,Coca Cola,Beverages,46.34,235,10889.9,0
2025-12-23,SKU_1021,Coke Zero Can 330ml Regular,Coca Cola,Beverages,47.35,286,13542.1,10
2025-12-24,SKU_1021,Coke Zero Can 330ml Regular,Coca Cola,Beverages,46.47,250,11617.5,10
2025-12-25,SKU_1021,Coke Zero Can 330ml Regular,Coca Cola,Beverages,43.49,252,10959.48,0
2025-12-26,SKU_1021,Coke Zero Can 330ml Regular,Coca Cola,Beverages,48.18,233,11225.94,0
2025-12-27,SKU_1021,Coke Zero Can 330ml Regular,Coca Cola,Beverages,47.63,298,14193.74,10
2025-12-28,SKU_1021,Coke Zero Can 330ml Regular,Coca Cola,Beverages,45.85,256,11737.6,0
2025-12-29,SKU_1021,Coke Zero Can 330ml Regular,Coca Cola,Beverages,48.38,282,13643.16,10
2025-12-30,SKU_1021,Coke Zero Can 330ml Regular,Coca Cola,Beverages,45.52,240,10924.8,0
2025-12-31,SKU_1021,Coke Zero Can 330ml Regular,Coca Cola,Beverages,45.77,241,11030.57,0
2026-01-01,SKU_1021,Coke Zero Can 330ml Regular,Coca Cola,Beverages,45.84,255,11689.2,0
2026-01-02,SKU_1021,Coke Zero Can 330ml Regular,Coca Cola,Beverages,44.17,244,10777.48,0
2026-01-03,SKU_1021,Coke Zero Can 330ml Regular,Coca Cola,Beverages,46.83,232,10864.56,0
2026-01-04,SKU_1021,Coke Zero Can 330ml Regular,Coca Cola,Beverages,47.0,228,10716.0,0
2026-01-05,SKU_1021,Coke Zero Can 330ml Regular,Coca Cola,Beverages,45.13,245,11056.85,0
2026-01-06,SKU_1021,Coke Zero Can 330ml Regular,Coca Cola,Beverages,47.89,238,11397.82,0
2026-01-07,SKU_1021,Coke Zero Can 330ml Regular,Coca Cola,Beverages,44.9,286,12841.4,10
2026-01-08,SKU_1021,Coke Zero Can 330ml Regular,Coca Cola,Beverages,44.0,239,10516.0,0
2026-01-09,SKU_1021,Coke Zero Can 330ml Regular,Coca Cola,Beverages,43.23,269,11628.87,5
2026-01-10,SKU_1021,Coke Zero Can 330ml Regular,Coca Cola,Beverages,48.28,247,11925.16,0
2026-01-11,SKU_1021,Coke Zero Can 330ml Regular,Coca Cola,Beverages,44.82,258,11563.56,0
2026-01-12,SKU_1021,Coke Zero Can 330ml Regular,Coca Cola,Beverages,47.82,277,13246.14,5
2026-01-13,SKU_1021,Coke Zero Can 330ml Regular,Coca Cola,Beverages,44.09,248,10934.32,0
2026-01-14,SKU_1021,Coke Zero Can 330ml Regular,Coca Cola,Beverages,45.93,239,10977.27,0
2026-01-15,SKU_1021,Coke Zero Can 330ml Regular,Coca Cola,Beverages,48.36,250,12090.0,0
2026-01-16,SKU_1021,Coke Zero Can 330ml Regular,Coca Cola,Beverages,46.66,231,10778.46,0
2026-01-17,SKU_1021,Coke Zero Can 330ml Regular,Coca Cola,Beverages,45.16,261,11786.76,0
2026-01-18,SKU_1021,Coke Zero Can 330ml Regular,Coca Cola,Beverages,45.75,280,12810.0,10
2026-01-19,SKU_1021,Coke Zero Can 330ml Regular,Coca Cola,Beverages,48.11,243,11690.73,0
2026-01-20,SKU_1021,Coke Zero Can 330ml Regular,Coca Cola,Beverages,47.03,261,12274.83,10
2026-01-21,SKU_1021,Coke Zero Can 330ml Regular,Coca Cola,Beverages,45.68,244,11145.92,0
2026-01-22,SKU_1021,Coke Zero Can 330ml Regular,Coca Cola,Beverages,44.69,277,12379.13,5
2026-01-23,SKU_1021,Coke Zero Can 330ml Regular,Coca Cola,Beverages,47.62,231,11000.22,0
2026-01-24,SKU_1021,Coke Zero Can 330ml Regular,Coca Cola,Beverages,42.97,258,11086.26,0
2026-01-25,SKU_1021,Coke Zero Can 330ml Regular,Coca Cola,Beverages,48.56,255,12382.8,0
2026-01-26,SKU_1021,Coke Zero Can 330ml Regular,Coca Cola,Beverages,48.11,243,11690.73,0
2026-01-27,SKU_1021,Coke Zero Can 330ml Regular,Coca Cola,Beverages,43.89,280,12289.2,10
2026-01-28,SKU_1021,Coke Zero Can 330ml Regular,Coca Cola,Beverages,47.92,228,10925.76,0
2026-01-29,SKU_1021,Coke Zero Can 330ml Regular,Coca Cola,Beverages,47.47,237,11250.39,0
2026-01-30,SKU_1021,Coke Zero Can 330ml Regular,Coca Cola,Beverages,43.3,265,11474.5,10
2026-01-31,SKU_1021,Coke Zero Can 330ml Regular,Coca Cola,Beverages,46.97,257,12071.29,10
2026-02-01,SKU_1021,Coke Zero Can 330ml Regular,Coca Cola,Beverages,46.3,273,12639.9,10
2026-02-02,SKU_1021,Coke Zero Can 330ml Regular,Coca Cola,Beverages,46.44,249,11563.56,0
2026-02-03,SKU_1021,Coke Zero Can 330ml Regular,Coca Cola,Beverages,43.54,237,10318.98,0
2026-02-04,SKU_1021,Coke Zero Can 330ml Regular,Coca Cola,Beverages,42.98,247,10616.06,0
2026-02-05,SKU_1021,Coke Zero Can 330ml Regular,Coca Cola,Beverages,46.98,281,13201.38,10
2026-02-06,SKU_1021,Coke Zero Can 330ml Regular,Coca Cola,Beverages,45.7,242,11059.4,0
2026-02-07,SKU_1021,Coke Zero Can 330ml Regular,Coca Cola,Beverages,48.55,295,14322.25,10
2026-02-08,SKU_1021,Coke Zero Can 330ml Regular,Coca Cola,Beverages,45.13,301,13584.13,10
2026-02-09,SKU_1021,Coke Zero Can 330ml Regular,Coca Cola,Beverages,42.8,258,11042.4,0
2026-02-10,SKU_1021,Coke Zero Can 330ml Regular,Coca Cola,Beverages,47.55,234,11126.7,0
2026-02-11,SKU_1021,Coke Zero Can 330ml Regular,Coca Cola,Beverages,46.18,250,11545.0,5
2026-02-12,SKU_1021,Coke Zero Can 330ml Regular,Coca Cola,Beverages,45.97,273,12549.81,10
2026-02-13,SKU_1021,Coke Zero Can 330ml Regular,Coca Cola,Beverages,42.83,248,10621.84,0
2026-02-14,SKU_1021,Coke Zero Can 330ml Regular,Coca Cola,Beverages,45.51,242,11013.42,0
2026-02-15,SKU_1021,Coke Zero Can 330ml Regular,Coca Cola,Beverages,47.02,261,12272.22,10
2026-02-16,SKU_1021,Coke Zero Can 330ml Regular,Coca Cola,Beverages,48.37,241,11657.17,0
2026-02-17,SKU_1021,Coke Zero Can 330ml Regular,Coca Cola,Beverages,47.91,247,11833.77,5
2026-02-18,SKU_1021,Coke Zero Can 330ml Regular,Coca Cola,Beverages,46.32,241,11163.12,0
2026-02-19,SKU_1021,Coke Zero Can 330ml Regular,Coca Cola,Beverages,43.2,241,10411.2,0
2026-02-20,SKU_1021,Coke Zero Can 330ml Regular,Coca Cola,Beverages,47.84,249,11912.16,10
2026-02-21,SKU_1021,Coke Zero Can 330ml Regular,Coca Cola,Beverages,43.39,262,11368.18,0
2026-02-22,SKU_1021,Coke Zero Can 330ml Regular,Coca Cola,Beverages,45.07,231,10411.17,0
2026-02-23,SKU_1021,Coke Zero Can 330ml Regular,Coca Cola,Beverages,46.18,258,11914.44,5
2026-02-24,SKU_1021,Coke Zero Can 330ml Regular,Coca Cola,Beverages,43.75,240,10500.0,0
2026-02-25,SKU_1021,Coke Zero Can 330ml Regular,Coca Cola,Beverages,46.3,256,11852.8,0
2026-02-26,SKU_1021,Coke Zero Can 330ml Regular,Coca Cola,Beverages,44.15,251,11081.65,0
2026-02-27,SKU_1021,Coke Zero Can 330ml Regular,Coca Cola,Beverages,45.2,238,10757.6,0
2026-02-28,SKU_1021,Coke Zero Can 330ml Regular,Coca Cola,Beverages,46.82,241,11283.62,0
2026-03-01,SKU_1021,Coke Zero Can 330ml Regular,Coca Cola,Beverages,43.51,259,11269.09,0
2026-03-02,SKU_1021,Coke Zero Can 330ml Regular,Coca Cola,Beverages,47.6,254,12090.4,0
2026-03-03,SKU_1021,Coke Zero Can 330ml Regular,Coca Cola,Beverages,44.14,265,11697.1,5
2026-03-04,SKU_1021,Coke Zero Can 330ml Regular,Coca Cola,Beverages,48.4,287,13890.8,10
2026-03-05,SKU_1021,Coke Zero Can 330ml Regular,Coca Cola,Beverages,43.31,307,13296.17,5
2026-03-06,SKU_1021,Coke Zero Can 330ml Regular,Coca Cola,Beverages,47.7,252,12020.4,0
2026-03-07,SKU_1021,Coke Zero Can 330ml Regular,Coca Cola,Beverages,47.87,246,11776.02,0
2026-03-08,SKU_1021,Coke Zero Can 330ml Regular,Coca Cola,Beverages,44.86,266,11932.76,10
2026-03-09,SKU_1021,Coke Zero Can 330ml Regular,Coca Cola,Beverages,47.54,252,11980.08,5
2026-03-10,SKU_1021,Coke Zero Can 330ml Regular,Coca Cola,Beverages,46.76,252,11783.52,0
2026-03-11,SKU_1021,Coke Zero Can 330ml Regular,Coca Cola,Beverages,43.33,251,10875.83,0
2026-03-12,SKU_1021,Coke Zero Can 330ml Regular,Coca Cola,Beverages,44.24,255,11281.2,0
2026-03-13,SKU_1021,Coke Zero Can 330ml Regular,Coca Cola,Beverages,47.53,238,11312.14,0
2026-03-14,SKU_1021,Coke Zero Can 330ml Regular,Coca Cola,Beverages,45.3,281,12729.3,5
2026-03-15,SKU_1021,Coke Zero Can 330ml Regular,Coca Cola,Beverages,47.21,251,11849.71,0
2026-03-16,SKU_1021,Coke Zero Can 330ml Regular,Coca Cola,Beverages,46.38,230,10667.4,0
2026-03-17,SKU_1021,Coke Zero Can 330ml Regular,Coca Cola,Beverages,44.45,260,11557.0,0
2026-03-18,SKU_1021,Coke Zero Can 330ml Regular,Coca Cola,Beverages,44.17,251,11086.67,0
2026-03-19,SKU_1021,Coke Zero Can 330ml Regular,Coca Cola,Beverages,47.39,249,11800.11,0
2026-03-20,SKU_1021,Coke Zero Can 330ml Regular,Coca Cola,Beverages,44.75,282,12619.5,10
2026-03-21,SKU_1021,Coke Zero Can 330ml Regular,Coca Cola,Beverages,47.98,237,11371.26,0
2026-03-22,SKU_1021,Coke Zero Can 330ml Regular,Coca Cola,Beverages,43.99,303,13328.97,10
2026-03-23,SKU_1021,Coke Zero Can 330ml Regular,Coca Cola,Beverages,43.48,241,10478.68,0
2026-03-24,SKU_1021,Coke Zero Can 330ml Regular,Coca Cola,Beverages,45.39,300,13617.0,10
2026-03-25,SKU_1021,Coke Zero Can 330ml Regular,Coca Cola,Beverages,43.03,283,12177.49,10
2026-03-26,SKU_1021,Coke Zero Can 330ml Regular,Coca Cola,Beverages,46.89,241,11300.49,0
2026-03-27,SKU_1021,Coke Zero Can 330ml Regular,Coca Cola,Beverages,46.11,257,11850.27,5
2026-03-28,SKU_1021,Coke Zero Can 330ml Regular,Coca Cola,Beverages,46.16,283,13063.28,10
2026-03-29,SKU_1021,Coke Zero Can 330ml Regular,Coca Cola,Beverages,46.1,275,12677.5,5
2026-03-30,SKU_1021,Coke Zero Can 330ml Regular,Coca Cola,Beverages,46.4,228,10579.2,0
2026-03-31,SKU_1021,Coke Zero Can 330ml Regular,Coca Cola,Beverages,47.61,268,12759.48,10
2026-04-01,SKU_1021,Coke Zero Can 330ml Regular,Coca Cola,Beverages,47.02,294,13823.88,5
2026-04-02,SKU_1021,Coke Zero Can 330ml Regular,Coca Cola,Beverages,47.95,361,17309.95,10
2026-04-03,SKU_1021,Coke Zero Can 330ml Regular,Coca Cola,Beverages,44.89,349,15666.61,10
2026-04-04,SKU_1021,Coke Zero Can 330ml Regular,Coca Cola,Beverages,43.61,309,13475.49,0
2026-04-05,SKU_1021,Coke Zero Can 330ml Regular,Coca Cola,Beverages,42.87,325,13932.75,0
2026-04-06,SKU_1021,Coke Zero Can 330ml Regular,Coca Cola,Beverages,46.08,299,13777.92,0
2026-04-07,SKU_1021,Coke Zero Can 330ml Regular,Coca Cola,Beverages,48.33,303,14643.99,0
2026-04-08,SKU_1021,Coke Zero Can 330ml Regular,Coca Cola,Beverages,43.83,325,14244.75,0
2026-04-09,SKU_1021,Coke Zero Can 330ml Regular,Coca Cola,Beverages,44.47,355,15786.85,5
2026-04-10,SKU_1021,Coke Zero Can 330ml Regular,Coca Cola,Beverages,46.05,301,13861.05,0
2026-04-11,SKU_1021,Coke Zero Can 330ml Regular,Coca Cola,Beverages,45.14,349,15753.86,10
2026-04-12,SKU_1021,Coke Zero Can 330ml Regular,Coca Cola,Beverages,43.66,341,14888.06,5
2026-04-13,SKU_1021,Coke Zero Can 330ml Regular,Coca Cola,Beverages,45.19,346,15635.74,5
2026-04-14,SKU_1021,Coke Zero Can 330ml Regular,Coca Cola,Beverages,47.13,283,13337.79,0
2026-04-15,SKU_1021,Coke Zero Can 330ml Regular,Coca Cola,Beverages,45.79,356,16301.24,10
2026-04-16,SKU_1021,Coke Zero Can 330ml Regular,Coca Cola,Beverages,44.87,332,14896.84,10
2026-04-17,SKU_1021,Coke Zero Can 330ml Regular,Coca Cola,Beverages,46.59,311,14489.49,0
2026-04-18,SKU_1021,Coke Zero Can 330ml Regular,Coca Cola,Beverages,47.64,283,13482.12,0
2026-04-19,SKU_1021,Coke Zero Can 330ml Regular,Coca Cola,Beverages,48.0,313,15024.0,0
2026-04-20,SKU_1021,Coke Zero Can 330ml Regular,Coca Cola,Beverages,48.49,313,15177.37,10
2026-04-21,SKU_1021,Coke Zero Can 330ml Regular,Coca Cola,Beverages,45.29,313,14175.77,0
2026-04-22,SKU_1021,Coke Zero Can 330ml Regular,Coca Cola,Beverages,45.13,330,14892.9,10
2026-04-23,SKU_1021,Coke Zero Can 330ml Regular,Coca Cola,Beverages,43.61,306,13344.66,0
2026-04-24,SKU_1021,Coke Zero Can 330ml Regular,Coca Cola,Beverages,47.33,327,15476.91,5
2026-04-25,SKU_1021,Coke Zero Can 330ml Regular,Coca Cola,Beverages,45.13,305,13764.65,0
2026-04-26,SKU_1021,Coke Zero Can 330ml Regular,Coca Cola,Beverages,42.84,316,13537.44,5
2026-04-27,SKU_1021,Coke Zero Can 330ml Regular,Coca Cola,Beverages,46.68,289,13490.52,0
2026-04-28,SKU_1021,Coke Zero Can 330ml Regular,Coca Cola,Beverages,47.23,297,14027.31,0
2026-04-29,SKU_1021,Coke Zero Can 330ml Regular,Coca Cola,Beverages,46.09,314,14472.26,0
2026-04-30,SKU_1021,Coke Zero Can 330ml Regular,Coca Cola,Beverages,44.22,327,14459.94,0
2026-05-01,SKU_1021,Coke Zero Can 330ml Regular,Coca Cola,Beverages,45.08,328,14786.24,10
2026-05-02,SKU_1021,Coke Zero Can 330ml Regular,Coca Cola,Beverages,47.27,296,13991.92,0
2026-05-03,SKU_1021,Coke Zero Can 330ml Regular,Coca Cola,Beverages,46.41,290,13458.9,0
2026-05-04,SKU_1021,Coke Zero Can 330ml Regular,Coca Cola,Beverages,47.62,283,13476.46,0
2026-05-05,SKU_1021,Coke Zero Can 330ml Regular,Coca Cola,Beverages,42.76,351,15008.76,10
2026-05-06,SKU_1021,Coke Zero Can 330ml Regular,Coca Cola,Beverages,46.26,322,14895.72,5
2026-05-07,SKU_1021,Coke Zero Can 330ml Regular,Coca Cola,Beverages,48.59,315,15305.85,5
2026-05-08,SKU_1021,Coke Zero Can 330ml Regular,Coca Cola,Beverages,43.93,301,13222.93,0
2026-05-09,SKU_1021,Coke Zero Can 330ml Regular,Coca Cola,Beverages,47.51,282,13397.82,0
2026-05-10,SKU_1021,Coke Zero Can 330ml Regular,Coca Cola,Beverages,43.03,340,14630.2,10
2026-05-11,SKU_1021,Coke Zero Can 330ml Regular,Coca Cola,Beverages,46.33,324,15010.92,0
2026-05-12,SKU_1021,Coke Zero Can 330ml Regular,Coca Cola,Beverages,46.43,291,13511.13,0
2026-05-13,SKU_1021,Coke Zero Can 330ml Regular,Coca Cola,Beverages,43.07,304,13093.28,0
2026-05-14,SKU_1021,Coke Zero Can 330ml Regular,Coca Cola,Beverages,47.8,362,17303.6,10
2026-05-15,SKU_1021,Coke Zero Can 330ml Regular,Coca Cola,Beverages,45.34,326,14780.84,0
2026-05-16,SKU_1021,Coke Zero Can 330ml Regular,Coca Cola,Beverages,43.04,312,13428.48,0
2026-05-17,SKU_1021,Coke Zero Can 330ml Regular,Coca Cola,Beverages,44.33,318,14096.94,5
2026-05-18,SKU_1021,Coke Zero Can 330ml Regular,Coca Cola,Beverages,46.25,286,13227.5,0
