customer_data/sales_history.csv
date,product_id,product_name,brand,category,selling_price,units_sold,revenue,promotion_discount_pct
2025-11-20,SKU_1022,Coke Zero Can 330ml Value,Coca Cola,Beverages,56.31,281,15823.11,0
2025-11-21,SKU_1022,Coke Zero Can 330ml Value,Coca Cola,Beverages,56.4,306,17258.4,5
2025-11-22,SKU_1022,Coke Zero Can 330ml Value,Coca Cola,Beverages,52.21,270,14096.7,0
2025-11-23,SKU_1022,Coke Zero Can 330ml Value,Coca Cola,Beverages,55.2,322,17774.4,5
2025-11-24,SKU_1022,Coke Zero Can 330ml Value,Coca Cola,Beverages,55.69,302,16818.38,5
2025-11-25,SKU_1022,Coke Zero Can 330ml Value,Coca Cola,Beverages,51.63,314,16211.82,10
2025-11-26,SKU_1022,Coke Zero Can 330ml Value,Coca Cola,Beverages,56.7,313,17747.1,5
2025-11-27,SKU_1022,Coke Zero Can 330ml Value,Coca Cola,Beverages,54.98,264,14514.72,0
2025-11-28,SKU_1022,Coke Zero Can 330ml Value,Coca Cola,Beverages,58.11,297,17258.67,5
2025-11-29,SKU_1022,Coke Zero Can 330ml Value,Coca Cola,Beverages,51.93,285,14800.05,0
2025-11-30,SKU_1022,Coke Zero Can 330ml Value,Coca Cola,Beverages,53.81,303,16304.43,0
2025-12-01,SKU_1022,Coke Zero Can 330ml Value,Coca Cola,Beverages,53.72,249,13376.28,0
2025-12-02,SKU_1022,Coke Zero Can 330ml Value,Coca Cola,Beverages,54.58,249,13590.42,5
2025-12-03,SKU_1022,Coke Zero Can 330ml Value,Coca Cola,Beverages,52.74,258,13606.92,0
2025-12-04,SKU_1022,Coke Zero Can 330ml Value,Coca Cola,Beverages,56.06,236,13230.16,0
2025-12-05,SKU_1022,Coke Zero Can 330ml Value,Coca Cola,Beverages,51.3,286,14671.8,5
2025-12-06,SKU_1022,Coke Zero Can 330ml Value,Coca Cola,Beverages,57.09,232,13244.88,0
2025-12-07,SKU_1022,Coke Zero Can 330ml Value,Coca Cola,Beverages,52.23,276,14415.48,10
2025-12-08,SKU_1022,Coke Zero Can 330ml Value,Coca Cola,Beverages,53.94,245,13215.3,5
2025-12-09,SKU_1022,Coke Zero Can 330ml Value,Coca Cola,Beverages,57.56,235,13526.6,0
2025-12-10,SKU_1022,Coke Zero Can 330ml Value,Coca Cola,Beverages,53.16,260,13821.6,0
2025-12-11,SKU_1022,Coke Zero Can 330ml Value,Coca Cola,Beverages,57.37,249,14285.13,0
2025-12-12,SKU_1022,Coke Zero Can 330ml Value,Coca Cola,Beverages,57.37,231,13252.47,0
2025-12-13,SKU_1022,Coke Zero Can 330ml Value,Coca Cola,Beverages,58.13,231,13428.03,0
2025-12-14,SKU_1022,Coke Zero Can 330ml Value,Coca Cola,Beverages,53.3,278,14817.4,5
2025-12-15,SKU_1022,Coke Zero Can 330ml Value,Coca Cola,Beverages,56.09,284,15929.56,5
2025-12-16,SKU_1022,Coke Zero Can 330ml Value,Coca Cola,Beverages,55.05,265,14588.25,5
2025-12-17,SKU_1022,Coke Zero Can 330ml Value,Coca Cola,Beverages,56.85,237,13473.45,0
2025-12-18,SKU_1022,Coke Zero Can 330ml Value,Coca Cola,Beverages,57.72,236,13621.92,0
2025-12-19,SKU_1022,Coke Zero Can 330ml Value,Coca Cola,Beverages,55.79,285,15900.15,10
2025-12-20,SKU_1022,Coke Zero Can 330ml Value,Coca Cola,Beverages,57.11,227,12963.97,0
2025-12-21,SKU_1022,Coke Zero Can 330ml Value,Coca Cola,Beverages,53.13,256,13601.28,5
2025-12-22,SKU_1022,Coke Zero Can 330ml Value,Coca Cola,Beverages,55.32,293,16208.76,5
2025-12-23,SKU_1022,Coke Zero Can 330ml Value,Coca Cola,Beverages,56.43,226,12753.18,0
2025-12-24,SKU_1022,Coke Zero Can 330ml Value,Coca Cola,Beverages,56.62,238,13475.56,0
2025-12-25,SKU_1022,Coke Zero Can 330ml Value,Coca Cola,Beverages,57.44,237,13613.28,0
2025-12-26,SKU_1022,Coke Zero Can 330ml Value,Coca Cola,Beverages,57.25,235,13453.75,0
2025-12-27,SKU_1022,Coke Zero Can 330ml Value,Coca Cola,Beverages,54.17,281,15221.77,10
2025-12-28,SKU_1022,Coke Zero Can 330ml Value,Coca Cola,Beverages,54.46,286,15575.56,5
2025-12-29,SKU_1022,Coke Zero Can 330ml Value,Coca Cola,Beverages,56.23,254,14282.42,5
2025-12-30,SKU_1022,Coke Zero Can 330ml Value,Coca Cola,Beverages,56.08,270,15141.6,5
2025-12-31,SKU_1022,Coke Zero Can 330ml Value,Coca Cola,Beverages,56.21,272,15289.12,5
2026-01-01,SKU_1022,Coke Zero Can 330ml Value,Coca Cola,Beverages,57.62,246,14174.52,0
2026-01-02,SKU_1022,Coke Zero Can 330ml Value,Coca Cola,Beverages,57.34,230,13188.2,0
2026-01-03,SKU_1022,Coke Zero Can 330ml Value,Coca Cola,Beverages,53.94,236,12729.84,0
2026-01-04,SKU_1022,Coke Zero Can 330ml Value,Coca Cola,Beverages,52.57,243,12774.51,0
2026-01-05,SKU_1022,Coke Zero Can 330ml Value,Coca Cola,Beverages,56.03,273,15296.19,5
2026-01-06,SKU_1022,Coke Zero Can 330ml Value,Coca Cola,Beverages,57.43,236,13553.48,0
2026-01-07,SKU_1022,Coke Zero Can 330ml Value,Coca Cola,Beverages,55.08,250,13770.0,0
2026-01-08,SKU_1022,Coke Zero Can 330ml Value,Coca Cola,Beverages,56.12,228,12795.36,0
2026-01-09,SKU_1022,Coke Zero Can 330ml Value,Coca Cola,Beverages,56.44,226,12755.44,0
2026-01-10,SKU_1022,Coke Zero Can 330ml Value,Coca Cola,Beverages,51.81,249,12900.69,0
2026-01-11,SKU_1022,Coke Zero Can 330ml Value,Coca Cola,Beverages,55.29,296,16365.84,10
2026-01-12,SKU_1022,Coke Zero Can 330ml Value,Coca Cola,Beverages,51.58,243,12533.94,0
2026-01-13,SKU_1022,Coke Zero Can 330ml Value,Coca Cola,Beverages,52.95,276,14614.2,10
2026-01-14,SKU_1022,Coke Zero Can 330ml Value,Coca Cola,Beverages,56.8,231,13120.8,0
2026-01-15,SKU_1022,Coke Zero Can 330ml Value,Coca Cola,Beverages,52.19,266,13882.54,0
2026-01-16,SKU_1022,Coke Zero Can 330ml Value,Coca Cola,Beverages,56.9,250,14225.0,0
2026-01-17,SKU_1022,Coke Zero Can 330ml Value,Coca Cola,Beverages,55.95,270,15106.5,10
2026-01-18,SKU_1022,Coke Zero Can 330ml Value,Coca Cola,Beverages,56.15,233,13082.95,0
2026-01-19,SKU_1022,Coke Zero Can 330ml Value,Coca Cola,Beverages,55.85,262,14632.7,10
2026-01-20,SKU_1022,Coke Zero Can 330ml Value,Coca Cola,Beverages,57.24,263,15054.12,10
2026-01-21,SKU_1022,Coke Zero Can 330ml Value,Coca Cola,Beverages,51.76,257,13302.32,0
2026-01-22,SKU_1022,Coke Zero Can 330ml Value,Coca Cola,Beverages,54.47,303,16504.41,5
2026-01-23,SKU_1022,Coke Zero Can 330ml Value,Coca Cola,Beverages,56.99,257,14646.43,5
2026-01-24,SKU_1022,Coke Zero Can 330ml Value,Coca Cola,Beverages,53.81,284,15282.04,10
2026-01-25,SKU_1022,Coke Zero Can 330ml Value,Coca Cola,Beverages,54.44,281,15297.64,10
2026-01-26,SKU_1022,Coke Zero Can 330ml Value,Coca Cola,Beverages,58.12,253,14704.36,10
2026-01-27,SKU_1022,Coke Zero Can 330ml Value,Coca Cola,Beverages,53.23,272,14478.56,10
2026-01-28,SKU_1022,Coke Zero Can 330ml Value,Coca Cola,Beverages,56.35,264,14876.4,5
2026-01-29,SKU_1022,Coke Zero Can 330ml Value,Coca Cola,Beverages,55.59,265,14731.35,10
2026-01-30,SKU_1022,Coke Zero Can 330ml Value,Coca Cola,Beverages,57.32,260,14903.2,5
2026-01-31,SKU_1022,Coke Zero Can 330ml Value,Coca Cola,Beverages,54.79,230,12601.7,0
2026-02-01,SKU_1022,Coke Zero Can 330ml Value,Coca Cola,Beverages,53.55,305,16332.75,5
2026-02-02,SKU_1022,Coke Zero Can 330ml Value,Coca Cola,Beverages,51.57,242,12479.94,0
2026-02-03,SKU_1022,Coke Zero Can 330ml Value,Coca Cola,Beverages,56.08,259,14524.72,0
2026-02-04,SKU_1022,Coke Zero Can 330ml Value,Coca Cola,Beverages,56.09,256,14359.04,0
2026-02-05,SKU_1022,Coke Zero Can 330ml Value,Coca Cola,Beverages,51.66,262,13534.92,0
2026-02-06,SKU_1022,Coke Zero Can 330ml Value,Coca Cola,Beverages,55.96,271,15165.16,5
2026-02-07,SKU_1022,Coke Zero Can 330ml Value,Coca Cola,Beverages,56.41,276,15569.16,5
2026-02-08,SKU_1022,Coke Zero Can 330ml Value,Coca Cola,Beverages,51.57,267,13769.19,0
2026-02-09,SKU_1022,Coke Zero Can 330ml Value,Coca Cola,Beverages,53.26,242,12888.92,0
2026-02-10,SKU_1022,Coke Zero Can 330ml Value,Coca Cola,Beverages,57.28,239,13689.92,0
2026-02-11,SKU_1022,Coke Zero Can 330ml Value,Coca Cola,Beverages,57.86,266,15390.76,10
2026-02-12,SKU_1022,Coke Zero Can 330ml Value,Coca Cola,Beverages,52.68,268,14118.24,10
2026-02-13,SKU_1022,Coke Zero Can 330ml Value,Coca Cola,Beverages,52.6,247,12992.2,0
2026-02-14,SKU_1022,Coke Zero Can 330ml Value,Coca Cola,Beverages,56.1,235,13183.5,0
2026-02-15,SKU_1022,Coke Zero Can 330ml Value,Coca Cola,Beverages,56.84,241,13698.44,0
2026-02-16,SKU_1022,Coke Zero Can 330ml Value,Coca Cola,Beverages,57.38,297,17041.86,10
2026-02-17,SKU_1022,Coke Zero Can 330ml Value,Coca Cola,Beverages,52.02,242,12588.84,0
2026-02-18,SKU_1022,Coke Zero Can 330ml Value,Coca Cola,Beverages,51.86,268,13898.48,0
2026-02-19,SKU_1022,Coke Zero Can 330ml Value,Coca Cola,Beverages,52.61,275,14467.75,5
2026-02-20,SKU_1022,Coke Zero Can 330ml Value,Coca Cola,Beverages,57.72,249,14372.28,0
2026-02-21,SKU_1022,Coke Zero Can 330ml Value,Coca Cola,Beverages,58.1,260,15106.0,10
2026-02-22,SKU_1022,Coke Zero Can 330ml Value,Coca Cola,Beverages,57.4,282,16186.8,10
2026-02-23,SKU_1022,Coke Zero Can 330ml Value,Coca Cola,Beverages,56.79,225,12777.75,0
2026-02-24,SKU_1022,Coke Zero Can 330ml Value,Coca Cola,Beverages,57.34,246,14105.64,0
2026-02-25,SKU_1022,Coke Zero Can 330ml Value,Coca Cola,Beverages,55.23,229,12647.67,0
2026-02-26,SKU_1022,Coke Zero Can 330ml Value,Coca Cola,Beverages,51.48,289,14877.72,10
2026-02-27,SKU_1022,Coke Zero Can 330ml Value,Coca Cola,Beverages,58.01,273,15836.73,10
2026-02-28,SKU_1022,Coke Zero Can 330ml Value,Coca Cola,Beverages,51.41,283,14549.03,5
2026-03-01,SKU_1022,Coke Zero Can 330ml Value,Coca Cola,Beverages,56.07,231,12952.17,0
2026-03-02,SKU_1022,Coke Zero Can 330ml Value,Coca Cola,Beverages,51.35,277,14223.95,10
2026-03-03,SKU_1022,Coke Zero Can 330ml Value,Coca Cola,Beverages,57.46,242,13905.32,10
2026-03-04,SKU_1022,Coke Zero Can 330ml Value,Coca Cola,Beverages,57.8,286,16530.8,5
2026-03-05,SKU_1022,Coke Zero Can 330ml Value,Coca Cola,Beverages,54.7,271,14823.7,10
2026-03-06,SKU_1022,Coke Zero Can 330ml Value,Coca Cola,Beverages,56.25,229,12881.25,0
2026-03-07,SKU_1022,Coke Zero Can 330ml Value,Coca Cola,Beverages,56.87,257,14615.59,0
2026-03-08,SKU_1022,Coke Zero Can 330ml Value,Coca Cola,Beverages,52.78,256,13511.68,0
2026-03-09,SKU_1022,Coke Zero Can 330ml Value,Coca Cola,Beverages,53.36,260,13873.6,0
2026-03-10,SKU_1022,Coke Zero Can 330ml Value,Coca Cola,Beverages,52.72,244,12863.68,0
2026-03-11,SKU_1022,Coke Zero Can 330ml Value,Coca Cola,Beverages,53.87,282,15191.34,5
2026-03-12,SKU_1022,Coke Zero Can 330ml Value,Coca Cola,Beverages,56.41,241,13594.81,0
2026-03-13,SKU_1022,Coke Zero Can 330ml Value,Coca Cola,Beverages,52.97,253,13401.41,0
2026-03-14,SKU_1022,Coke Zero Can 330ml Value,Coca Cola,Beverages,51.62,260,13421.2,0
2026-03-15,SKU_1022,Coke Zero Can 330ml Value,Coca Cola,Beverages,57.99,242,14033.58,0
2026-03-16,SKU_1022,Coke Zero Can 330ml Value,Coca Cola,Beverages,53.29,246,13109.34,0
2026-03-17,SKU_1022,Coke Zero Can 330ml Value,Coca Cola,Beverages,51.55,268,13815.4,5
2026-03-18,SKU_1022,Coke Zero Can 330ml Value,Coca Cola,Beverages,55.62,251,13960.62,0
2026-03-19,SKU_1022,Coke Zero Can 330ml Value,Coca Cola,Beverages,56.19,244,13710.36,10
2026-03-20,SKU_1022,Coke Zero Can 330ml Value,Coca Cola,Beverages,55.55,260,14443.0,5
2026-03-21,SKU_1022,Coke Zero Can 330ml Value,Coca Cola,Beverages,53.21,268,14260.28,10
2026-03-22,SKU_1022,Coke Zero Can 330ml Value,Coca Cola,Beverages,55.22,264,14578.08,5
2026-03-23,SKU_1022,Coke Zero Can 330ml Value,Coca Cola,Beverages,57.55,284,16344.2,10
2026-03-24,SKU_1022,Coke Zero Can 330ml Value,Coca Cola,Beverages,57.71,239,13792.69,5
2026-03-25,SKU_1022,Coke Zero Can 330ml Value,Coca Cola,Beverages,58.01,248,14386.48,10
2026-03-26,SKU_1022,Coke Zero Can 330ml Value,Coca Cola,Beverages,54.22,260,14097.2,10
2026-03-27,SKU_1022,Coke Zero Can 330ml Value,Coca Cola,Beverages,53.26,253,13474.78,0
2026-03-28,SKU_1022,Coke Zero Can 330ml Value,Coca Cola,Beverages,54.76,257,14073.32,0
2026-03-29,SKU_1022,Coke Zero Can 330ml Value,Coca Cola,Beverages,58.2,220,12804.0,0
2026-03-30,SKU_1022,Coke Zero Can 330ml Value,Coca Cola,Beverages,55.1,278,15317.8,10
2026-03-31,SKU_1022,Coke Zero Can 330ml Value,Coca Cola,Beverages,58.07,230,13356.1,0
2026-04-01,SKU_1022,Coke Zero Can 330ml Value,Coca Cola,Beverages,56.83,297,16878.51,0
2026-04-02,SKU_1022,Coke Zero Can 330ml Value,Coca Cola,Beverages,52.55,377,19811.35,10
2026-04-03,SKU_1022,Coke Zero Can 330ml Value,Coca Cola,Beverages,52.13,328,17098.64,5
2026-04-04,SKU_1022,Coke Zero Can 330ml Value,Coca Cola,Beverages,51.48,318,16370.64,0
2026-04-05,SKU_1022,Coke Zero Can 330ml Value,Coca Cola,Beverages,57.5,282,16215.0,0
2026-04-06,SKU_1022,Coke Zero Can 330ml Value,Coca Cola,Beverages,53.91,292,15741.72,0
2026-04-07,SKU_1022,Coke Zero Can 330ml Value,Coca Cola,Beverages,51.81,305,15802.05,0
2026-04-08,SKU_1022,Coke Zero Can 330ml Value,Coca Cola,Beverages,56.91,278,15820.98,0
2026-04-09,SKU_1022,Coke Zero Can 330ml Value,Coca Cola,Beverages,52.76,331,17463.56,5
2026-04-10,SKU_1022,Coke Zero Can 330ml Value,Coca Cola,Beverages,54.96,333,18301.68,5
2026-04-11,SKU_1022,Coke Zero Can 330ml Value,Coca Cola,Beverages,56.48,302,17056.96,0
2026-04-12,SKU_1022,Coke Zero Can 330ml Value,Coca Cola,Beverages,53.43,328,17525.04,10
2026-04-13,SKU_1022,Coke Zero Can 330ml Value,Coca Cola,Beverages,53.99,316,17060.84,5
2026-04-14,SKU_1022,Coke Zero Can 330ml Value,Coca Cola,Beverages,54.81,313,17155.53,0
2026-04-15,SKU_1022,Coke Zero Can 330ml Value,Coca Cola,Beverages,54.27,367,19917.09,5
2026-04-16,SKU_1022,Coke Zero Can 330ml Value,Coca Cola,Beverages,57.97,277,16057.69,0
2026-04-17,SKU_1022,Coke Zero Can 330ml Value,Coca Cola,Beverages,56.54,357,20184.78,10
2026-04-18,SKU_1022,Coke Zero Can 330ml Value,Coca Cola,Beverages,56.24,302,16984.48,0
2026-04-19,SKU_1022,Coke Zero Can 330ml Value,Coca Cola,Beverages,52.77,335,17677.95,10
2026-04-20,SKU_1022,Coke Zero Can 330ml Value,Coca Cola,Beverages,56.95,341,19419.95,10
2026-04-21,SKU_1022,Coke Zero Can 330ml Value,Coca Cola,Beverages,57.03,281,16025.43,0
2026-04-22,SKU_1022,Coke Zero Can 330ml Value,Coca Cola,Beverages,57.17,300,17151.0,10
2026-04-23,SKU_1022,Coke Zero Can 330ml Value,Coca Cola,Beverages,57.47,301,17298.47,0
2026-04-24,SKU_1022,Coke Zero Can 330ml Value,Coca Cola,Beverages,55.68,298,16592.64,0
2026-04-25,SKU_1022,Coke Zero Can 330ml Value,Coca Cola,Beverages,57.52,335,19269.2,5
2026-04-26,SKU_1022,Coke Zero Can 330ml Value,Coca Cola,Beverages,54.74,330,18064.2,10
2026-04-27,SKU_1022,Coke Zero Can 330ml Value,Coca Cola,Beverages,53.72,318,17082.96,5
2026-04-28,SKU_1022,Coke Zero Can 330ml Value,Coca Cola,Beverages,54.94,333,18295.02,5
2026-04-29,SKU_1022,Coke Zero Can 330ml Value,Coca Cola,Beverages,56.82,315,17898.3,5
2026-04-30,SKU_1022,Coke Zero Can 330ml Value,Coca Cola,Beverages,53.55,312,16707.6,0
2026-05-01,SKU_1022,Coke Zero Can 330ml Value,Coca Cola,Beverages,55.25,314,17348.5,0
2026-05-02,SKU_1022,Coke Zero Can 330ml Value,Coca Cola,Beverages,53.96,326,17590.96,0
2026-05-03,SKU_1022,Coke Zero Can 330ml Value,Coca Cola,Beverages,53.58,365,19556.7,10
2026-05-04,SKU_1022,Coke Zero Can 330ml Value,Coca Cola,Beverages,56.74,332,18837.68,5
2026-05-05,SKU_1022,Coke Zero Can 330ml Value,Coca Cola,Beverages,57.62,304,17516.48,0
2026-05-06,SKU_1022,Coke Zero Can 330ml Value,Coca Cola,Beverages,54.06,327,17677.62,0
2026-05-07,SKU_1022,Coke Zero Can 330ml Value,Coca Cola,Beverages,56.34,308,17352.72,5
2026-05-08,SKU_1022,Coke Zero Can 330ml Value,Coca Cola,Beverages,51.74,296,15315.04,0
2026-05-09,SKU_1022,Coke Zero Can 330ml Value,Coca Cola,Beverages,54.41,298,16214.18,0
2026-05-10,SKU_1022,Coke Zero Can 330ml Value,Coca Cola,Beverages,57.8,285,16473.0,0
2026-05-11,SKU_1022,Coke Zero Can 330ml Value,Coca Cola,Beverages,58.02,299,17347.98,0
2026-05-12,SKU_1022,Coke Zero Can 330ml Value,Coca Cola,Beverages,52.58,363,19086.54,10
2026-05-13,SKU_1022,Coke Zero Can 330ml Value,Coca Cola,Beverages,55.62,306,17019.72,0
2026-05-14,SKU_1022,Coke Zero Can 330ml Value,Coca Cola,Beverages,58.01,275,15952.75,0
2026-05-15,SKU_1022,Coke Zero Can 330ml Value,Coca Cola,Beverages,55.91,312,17443.92,0
2026-05-16,SKU_1022,Coke Zero Can 330ml Value,Coca Cola,Beverages,52.96,305,16152.8,0
2026-05-17,SKU_1022,Coke Zero Can 330ml Value,Coca Cola,Beverages,57.59,306,17622.54,0
2026-05-18,SKU_1022,Coke Zero Can 330ml Value,Coca Cola,Beverages,56.23,347,19511.81,10
