customer_data/sales_history.csv
date,product_id,product_name,brand,category,selling_price,units_sold,revenue,promotion_discount_pct
2025-11-20,SKU_1023,Coke Zero Can 330ml Family,Coca Cola,Beverages,71.97,312,22454.64,10
2025-11-21,SKU_1023,Coke Zero Can 330ml Family,Coca Cola,Beverages,66.83,307,20516.81,5
2025-11-22,SKU_1023,Coke Zero Can 330ml Family,Coca Cola,Beverages,69.78,280,19538.4,5
2025-11-23,SKU_1023,Coke Zero Can 330ml Family,Coca Cola,Beverages,65.54,302,19793.08,0
2025-11-24,SKU_1023,Coke Zero Can 330ml Family,Coca Cola,Beverages,72.39,284,20558.76,0
2025-11-25,SKU_1023,Coke Zero Can 330ml Family,Coca Cola,Beverages,71.72,310,22233.2,5
2025-11-26,SKU_1023,Coke Zero Can 330ml Family,Coca Cola,Beverages,70.4,294,20697.6,5
2025-11-27,SKU_1023,Coke Zero Can 330ml Family,Coca Cola,Beverages,71.36,278,19838.08,5
2025-11-28,SKU_1023,Coke Zero Can 330ml Family,Coca Cola,Beverages,65.76,297,19530.72,0
2025-11-29,SKU_1023,Coke Zero Can 330ml Family,Coca Cola,Beverages,65.55,328,21500.4,10
2025-11-30,SKU_1023,Coke Zero Can 330ml Family,Coca Cola,Beverages,70.79,258,18263.82,0
2025-12-01,SKU_1023,Coke Zero Can 330ml Family,Coca Cola,Beverages,66.0,234,15444.0,0
2025-12-02,SKU_1023,Coke Zero Can 330ml Family,Coca Cola,Beverages,65.34,281,18360.54,10
2025-12-03,SKU_1023,Coke Zero Can 330ml Family,Coca Cola,Beverages,65.27,246,16056.42,0
2025-12-04,SKU_1023,Coke Zero Can 330ml Family,Coca Cola,Beverages,65.31,244,15935.64,0
2025-12-05,SKU_1023,Coke Zero Can 330ml Family,Coca Cola,Beverages,68.93,228,15716.04,0
2025-12-06,SKU_1023,Coke Zero Can 330ml Family,Coca Cola,Beverages,66.45,291,19336.95,10
2025-12-07,SKU_1023,Coke Zero Can 330ml Family,Coca Cola,Beverages,72.37,273,19757.01,10
2025-12-08,SKU_1023,Coke Zero Can 330ml Family,Coca Cola,Beverages,68.56,259,17757.04,0
2025-12-09,SKU_1023,Coke Zero Can 330ml Family,Coca Cola,Beverages,70.12,242,16969.04,0
2025-12-10,SKU_1023,Coke Zero Can 330ml Family,Coca Cola,Beverages,69.98,241,16865.18,0
2025-12-11,SKU_1023,Coke Zero Can 330ml Family,Coca Cola,Beverages,69.72,228,15896.16,0
2025-12-12,SKU_1023,Coke Zero Can 330ml Family,Coca Cola,Beverages,71.13,237,16857.81,0
2025-12-13,SKU_1023,Coke Zero Can 330ml Family,Coca Cola,Beverages,65.9,247,16277.3,0
2025-12-14,SKU_1023,Coke Zero Can 330ml Family,Coca Cola,Beverages,66.2,253,16748.6,0
2025-12-15,SKU_1023,Coke Zero Can 330ml Family,Coca Cola,Beverages,71.27,254,18102.58,10
2025-12-16,SKU_1023,Coke Zero Can 330ml Family,Coca Cola,Beverages,65.09,242,15751.78,0
2025-12-17,SKU_1023,Coke Zero Can 330ml Family,Coca Cola,Beverages,72.5,259,18777.5,10
2025-12-18,SKU_1023,Coke Zero Can 330ml Family,Coca Cola,Beverages,72.27,233,16838.91,0
2025-12-19,SKU_1023,Coke Zero Can 330ml Family,Coca Cola,Beverages,69.77,265,18489.05,10
2025-12-20,SKU_1023,Coke Zero Can 330ml Family,Coca Cola,Beverages,67.18,237,15921.66,0
2025-12-21,SKU_1023,Coke Zero Can 330ml Family,Coca Cola,Beverages,65.87,286,18838.82,10
2025-12-22,SKU_1023,Coke Zero Can 330ml Family,Coca Cola,Beverages,64.62,253,16348.86,0
2025-12-23,SKU_1023,Coke Zero Can 330ml Family,Coca Cola,Beverages,69.18,242,16741.56,0
2025-12-24,SKU_1023,Coke Zero Can 330ml Family,Coca Cola,Beverages,65.97,263,17350.11,0
2025-12-25,SKU_1023,Coke Zero Can 330ml Family,Coca Cola,Beverages,69.47,272,18895.84,5
2025-12-26,SKU_1023,Coke Zero Can 330ml Family,Coca Cola,Beverages,69.68,243,16932.24,0
2025-12-27,SKU_1023,Coke Zero Can 330ml Family,Coca Cola,Beverages,65.94,287,18924.78,5
2025-12-28,SKU_1023,Coke Zero Can 330ml Family,Coca Cola,Beverages,68.22,240,16372.8,0
2025-12-29,SKU_1023,Coke Zero Can 330ml Family,Coca Cola,Beverages,65.14,248,16154.72,0
2025-12-30,SKU_1023,Coke Zero Can 330ml Family,Coca Cola,Beverages,65.14,249,16219.86,0
2025-12-31,SKU_1023,Coke Zero Can 330ml Family,Coca Cola,Beverages,65.26,257,16771.82,0
2026-01-01,SKU_1023,Coke Zero Can 330ml Family,Coca Cola,Beverages,69.54,249,17315.46,0
2026-01-02,SKU_1023,Coke Zero Can 330ml Family,Coca Cola,Beverages,70.47,270,19026.9,10
2026-01-03,SKU_1023,Coke Zero Can 330ml Family,Coca Cola,Beverages,67.97,270,18351.9,10
2026-01-04,SKU_1023,Coke Zero Can 330ml Family,Coca Cola,Beverages,70.53,264,18619.92,10
2026-01-05,SKU_1023,Coke Zero Can 330ml Family,Coca Cola,Beverages,67.91,245,16637.95,10
2026-01-06,SKU_1023,Coke Zero Can 330ml Family,Coca Cola,Beverages,69.92,243,16990.56,0
2026-01-07,SKU_1023,Coke Zero Can 330ml Family,Coca Cola,Beverages,70.94,247,17522.18,0
2026-01-08,SKU_1023,Coke Zero Can 330ml Family,Coca Cola,Beverages,65.67,256,16811.52,0
2026-01-09,SKU_1023,Coke Zero Can 330ml Family,Coca Cola,Beverages,71.06,262,18617.72,10
2026-01-10,SKU_1023,Coke Zero Can 330ml Family,Coca Cola,Beverages,72.21,280,20218.8,10
2026-01-11,SKU_1023,Coke Zero Can 330ml Family,Coca Cola,Beverages,66.99,269,18020.31,10
2026-01-12,SKU_1023,Coke Zero Can 330ml Family,Coca Cola,Beverages,67.42,274,18473.08,10
2026-01-13,SKU_1023,Coke Zero Can 330ml Family,Coca Cola,Beverages,70.27,245,17216.15,0
2026-01-14,SKU_1023,Coke Zero Can 330ml Family,Coca Cola,Beverages,70.46,227,15994.42,0
2026-01-15,SKU_1023,Coke Zero Can 330ml Family,Coca Cola,Beverages,71.24,221,15744.04,0
2026-01-16,SKU_1023,Coke Zero Can 330ml Family,Coca Cola,Beverages,71.19,264,18794.16,10
2026-01-17,SKU_1023,Coke Zero Can 330ml Family,Coca Cola,Beverages,67.15,274,18399.1,10
2026-01-18,SKU_1023,Coke Zero Can 330ml Family,Coca Cola,Beverages,71.35,239,17052.65,0
2026-01-19,SKU_1023,Coke Zero Can 330ml Family,Coca Cola,Beverages,72.63,248,18012.24,0
2026-01-20,SKU_1023,Coke Zero Can 330ml Family,Coca Cola,Beverages,65.8,263,17305.4,10
2026-01-21,SKU_1023,Coke Zero Can 330ml Family,Coca Cola,Beverages,68.86,232,15975.52,0
2026-01-22,SKU_1023,Coke Zero Can 330ml Family,Coca Cola,Beverages,65.99,265,17487.35,0
2026-01-23,SKU_1023,Coke Zero Can 330ml Family,Coca Cola,Beverages,71.92,222,15966.24,0
2026-01-24,SKU_1023,Coke Zero Can 330ml Family,Coca Cola,Beverages,65.36,251,16405.36,0
2026-01-25,SKU_1023,Coke Zero Can 330ml Family,Coca Cola,Beverages,67.83,249,16889.67,0
2026-01-26,SKU_1023,Coke Zero Can 330ml Family,Coca Cola,Beverages,68.33,247,16877.51,0
2026-01-27,SKU_1023,Coke Zero Can 330ml Family,Coca Cola,Beverages,64.65,240,15516.0,0
2026-01-28,SKU_1023,Coke Zero Can 330ml Family,Coca Cola,Beverages,68.01,231,15710.31,0
2026-01-29,SKU_1023,Coke Zero Can 330ml Family,Coca Cola,Beverages,67.91,232,15755.12,0
2026-01-30,SKU_1023,Coke Zero Can 330ml Family,Coca Cola,Beverages,67.74,249,16867.26,0
2026-01-31,SKU_1023,Coke Zero Can 330ml Family,Coca Cola,Beverages,68.78,244,16782.32,0
2026-02-01,SKU_1023,Coke Zero Can 330ml Family,Coca Cola,Beverages,67.13,239,16044.07,0
2026-02-02,SKU_1023,Coke Zero Can 330ml Family,Coca Cola,Beverages,71.39,241,17204.99,0
2026-02-03,SKU_1023,Coke Zero Can 330ml Family,Coca Cola,Beverages,66.07,262,17310.34,0
2026-02-04,SKU_1023,Coke Zero Can 330ml Family,Coca Cola,Beverages,64.41,237,15265.17,0
2026-02-05,SKU_1023,Coke Zero Can 330ml Family,Coca Cola,Beverages,69.53,286,19885.58,5
2026-02-06,SKU_1023,Coke Zero Can 330ml Family,Coca Cola,Beverages,68.48,275,18832.0,5
2026-02-07,SKU_1023,Coke Zero Can 330ml Family,Coca Cola,Beverages,67.84,251,17027.84,10
2026-02-08,SKU_1023,Coke Zero Can 330ml Family,Coca Cola,Beverages,67.38,241,16238.58,0
2026-02-09,SKU_1023,Coke Zero Can 330ml Family,Coca Cola,Beverages,67.39,251,16914.89,0
2026-02-10,SKU_1023,Coke Zero Can 330ml Family,Coca Cola,Beverages,72.42,249,18032.58,0
2026-02-11,SKU_1023,Coke Zero Can 330ml Family,Coca Cola,Beverages,65.33,291,19011.03,5
2026-02-12,SKU_1023,Coke Zero Can 330ml Family,Coca Cola,Beverages,64.15,256,16422.4,0
2026-02-13,SKU_1023,Coke Zero Can 330ml Family,Coca Cola,Beverages,70.87,259,18355.33,10
2026-02-14,SKU_1023,Coke Zero Can 330ml Family,Coca Cola,Beverages,64.46,277,17855.42,5
2026-02-15,SKU_1023,Coke Zero Can 330ml Family,Coca Cola,Beverages,66.14,254,16799.56,0
2026-02-16,SKU_1023,Coke Zero Can 330ml Family,Coca Cola,Beverages,70.82,240,16996.8,0
2026-02-17,SKU_1023,Coke Zero Can 330ml Family,Coca Cola,Beverages,67.84,236,16010.24,0
2026-02-18,SKU_1023,Coke Zero Can 330ml Family,Coca Cola,Beverages,68.66,250,17165.0,0
2026-02-19,SKU_1023,Coke Zero Can 330ml Family,Coca Cola,Beverages,68.05,248,16876.4,0
2026-02-20,SKU_1023,Coke Zero Can 330ml Family,Coca Cola,Beverages,71.75,234,16789.5,0
2026-02-21,SKU_1023,Coke Zero Can 330ml Family,Coca Cola,Beverages,70.31,253,17788.43,0
2026-02-22,SKU_1023,Coke Zero Can 330ml Family,Coca Cola,Beverages,68.59,229,15707.11,0
2026-02-23,SKU_1023,Coke Zero Can 330ml Family,Coca Cola,Beverages,66.29,244,16174.76,0
2026-02-24,SKU_1023,Coke Zero Can 330ml Family,Coca Cola,Beverages,67.04,234,15687.36,0
2026-02-25,SKU_1023,Coke Zero Can 330ml Family,Coca Cola,Beverages,67.29,256,17226.24,0
2026-02-26,SKU_1023,Coke Zero Can 330ml Family,Coca Cola,Beverages,68.44,269,18410.36,5
2026-02-27,SKU_1023,Coke Zero Can 330ml Family,Coca Cola,Beverages,65.13,246,16021.98,0
2026-02-28,SKU_1023,Coke Zero Can 330ml Family,Coca Cola,Beverages,69.08,292,20171.36,10
2026-03-01,SKU_1023,Coke Zero Can 330ml Family,Coca Cola,Beverages,68.76,276,18977.76,5
2026-03-02,SKU_1023,Coke Zero Can 330ml Family,Coca Cola,Beverages,67.89,255,17311.95,0
2026-03-03,SKU_1023,Coke Zero Can 330ml Family,Coca Cola,Beverages,65.92,249,16414.08,0
2026-03-04,SKU_1023,Coke Zero Can 330ml Family,Coca Cola,Beverages,65.87,249,16401.63,0
2026-03-05,SKU_1023,Coke Zero Can 330ml Family,Coca Cola,Beverages,69.45,304,21112.8,5
2026-03-06,SKU_1023,Coke Zero Can 330ml Family,Coca Cola,Beverages,66.36,266,17651.76,5
2026-03-07,SKU_1023,Coke Zero Can 330ml Family,Coca Cola,Beverages,71.35,240,17124.0,10
2026-03-08,SKU_1023,Coke Zero Can 330ml Family,Coca Cola,Beverages,68.73,257,17663.61,5
2026-03-09,SKU_1023,Coke Zero Can 330ml Family,Coca Cola,Beverages,64.41,301,19387.41,5
2026-03-10,SKU_1023,Coke Zero Can 330ml Family,Coca Cola,Beverages,67.86,242,16422.12,0
2026-03-11,SKU_1023,Coke Zero Can 330ml Family,Coca Cola,Beverages,69.63,229,15945.27,0
2026-03-12,SKU_1023,Coke Zero Can 330ml Family,Coca Cola,Beverages,71.1,263,18699.3,10
2026-03-13,SKU_1023,Coke Zero Can 330ml Family,Coca Cola,Beverages,69.97,242,16932.74,0
2026-03-14,SKU_1023,Coke Zero Can 330ml Family,Coca Cola,Beverages,64.45,245,15790.25,0
2026-03-15,SKU_1023,Coke Zero Can 330ml Family,Coca Cola,Beverages,69.26,261,18076.86,10
2026-03-16,SKU_1023,Coke Zero Can 330ml Family,Coca Cola,Beverages,71.33,253,18046.49,0
2026-03-17,SKU_1023,Coke Zero Can 330ml Family,Coca Cola,Beverages,69.16,241,16667.56,0
2026-03-18,SKU_1023,Coke Zero Can 330ml Family,Coca Cola,Beverages,66.9,244,16323.6,0
2026-03-19,SKU_1023,Coke Zero Can 330ml Family,Coca Cola,Beverages,69.48,260,18064.8,10
2026-03-20,SKU_1023,Coke Zero Can 330ml Family,Coca Cola,Beverages,69.8,270,18846.0,5
2026-03-21,SKU_1023,Coke Zero Can 330ml Family,Coca Cola,Beverages,72.13,274,19763.62,10
2026-03-22,SKU_1023,Coke Zero Can 330ml Family,Coca Cola,Beverages,69.73,238,16595.74,0
2026-03-23,SKU_1023,Coke Zero Can 330ml Family,Coca Cola,Beverages,68.19,242,16501.98,0
2026-03-24,SKU_1023,Coke Zero Can 330ml Family,Coca Cola,Beverages,71.26,281,20024.06,10
2026-03-25,SKU_1023,Coke Zero Can 330ml Family,Coca Cola,Beverages,66.69,291,19406.79,5
2026-03-26,SKU_1023,Coke Zero Can 330ml Family,Coca Cola,Beverages,65.0,257,16705.0,0
2026-03-27,SKU_1023,Coke Zero Can 330ml Family,Coca Cola,Beverages,72.48,239,17322.72,10
2026-03-28,SKU_1023,Coke Zero Can 330ml Family,Coca Cola,Beverages,66.3,261,17304.3,0
2026-03-29,SKU_1023,Coke Zero Can 330ml Family,Coca Cola,Beverages,67.96,298,20252.08,10
2026-03-30,SKU_1023,Coke Zero Can 330ml Family,Coca Cola,Beverages,69.31,293,20307.83,10
2026-03-31,SKU_1023,Coke Zero Can 330ml Family,Coca Cola,Beverages,65.12,268,17452.16,0
2026-04-01,SKU_1023,Coke Zero Can 330ml Family,Coca Cola,Beverages,64.71,305,19736.55,0
2026-04-02,SKU_1023,Coke Zero Can 330ml Family,Coca Cola,Beverages,65.57,314,20588.98,0
2026-04-03,SKU_1023,Coke Zero Can 330ml Family,Coca Cola,Beverages,64.36,350,22526.0,10
2026-04-04,SKU_1023,Coke Zero Can 330ml Family,Coca Cola,Beverages,71.32,299,21324.68,0
2026-04-05,SKU_1023,Coke Zero Can 330ml Family,Coca Cola,Beverages,65.05,312,20295.6,0
2026-04-06,SKU_1023,Coke Zero Can 330ml Family,Coca Cola,Beverages,69.92,294,20556.48,0
2026-04-07,SKU_1023,Coke Zero Can 330ml Family,Coca Cola,Beverages,64.96,346,22476.16,10
2026-04-08,SKU_1023,Coke Zero Can 330ml Family,Coca Cola,Beverages,72.67,293,21292.31,0
2026-04-09,SKU_1023,Coke Zero Can 330ml Family,Coca Cola,Beverages,70.13,314,22020.82,10
2026-04-10,SKU_1023,Coke Zero Can 330ml Family,Coca Cola,Beverages,69.35,339,23509.65,10
2026-04-11,SKU_1023,Coke Zero Can 330ml Family,Coca Cola,Beverages,72.03,279,20096.37,0
2026-04-12,SKU_1023,Coke Zero Can 330ml Family,Coca Cola,Beverages,72.69,298,21661.62,10
2026-04-13,SKU_1023,Coke Zero Can 330ml Family,Coca Cola,Beverages,69.62,314,21860.68,10
2026-04-14,SKU_1023,Coke Zero Can 330ml Family,Coca Cola,Beverages,71.28,342,24377.76,10
2026-04-15,SKU_1023,Coke Zero Can 330ml Family,Coca Cola,Beverages,67.63,340,22994.2,10
2026-04-16,SKU_1023,Coke Zero Can 330ml Family,Coca Cola,Beverages,65.54,317,20776.18,0
2026-04-17,SKU_1023,Coke Zero Can 330ml Family,Coca Cola,Beverages,68.71,299,20544.29,0
2026-04-18,SKU_1023,Coke Zero Can 330ml Family,Coca Cola,Beverages,69.14,341,23576.74,10
2026-04-19,SKU_1023,Coke Zero Can 330ml Family,Coca Cola,Beverages,67.97,310,21070.7,0
2026-04-20,SKU_1023,Coke Zero Can 330ml Family,Coca Cola,Beverages,64.67,309,19983.03,10
2026-04-21,SKU_1023,Coke Zero Can 330ml Family,Coca Cola,Beverages,67.8,311,21085.8,0
2026-04-22,SKU_1023,Coke Zero Can 330ml Family,Coca Cola,Beverages,71.4,316,22562.4,0
2026-04-23,SKU_1023,Coke Zero Can 330ml Family,Coca Cola,Beverages,67.46,330,22261.8,10
2026-04-24,SKU_1023,Coke Zero Can 330ml Family,Coca Cola,Beverages,64.93,309,20063.37,0
2026-04-25,SKU_1023,Coke Zero Can 330ml Family,Coca Cola,Beverages,72.32,313,22636.16,5
2026-04-26,SKU_1023,Coke Zero Can 330ml Family,Coca Cola,Beverages,71.3,284,20249.2,0
2026-04-27,SKU_1023,Coke Zero Can 330ml Family,Coca Cola,Beverages,69.39,316,21927.24,10
2026-04-28,SKU_1023,Coke Zero Can 330ml Family,Coca Cola,Beverages,68.19,355,24207.45,10
2026-04-29,SKU_1023,Coke Zero Can 330ml Family,Coca Cola,Beverages,72.89,304,22158.56,5
2026-04-30,SKU_1023,Coke Zero Can 330ml Family,Coca Cola,Beverages,69.7,345,24046.5,10
2026-05-01,SKU_1023,Coke Zero Can 330ml Family,Coca Cola,Beverages,66.14,322,21297.08,0
2026-05-02,SKU_1023,Coke Zero Can 330ml Family,Coca Cola,Beverages,71.06,302,21460.12,0
2026-05-03,SKU_1023,Coke Zero Can 330ml Family,Coca Cola,Beverages,67.87,356,24161.72,10
2026-05-04,SKU_1023,Coke Zero Can 330ml Family,Coca Cola,Beverages,66.3,324,21481.2,10
2026-05-05,SKU_1023,Coke Zero Can 330ml Family,Coca Cola,Beverages,66.09,313,20686.17,0
2026-05-06,SKU_1023,Coke Zero Can 330ml Family,Coca Cola,Beverages,65.06,364,23681.84,10
2026-05-07,SKU_1023,Coke Zero Can 330ml Family,Coca Cola,Beverages,71.66,325,23289.5,5
2026-05-08,SKU_1023,Coke Zero Can 330ml Family,Coca Cola,Beverages,66.69,368,24541.92,10
2026-05-09,SKU_1023,Coke Zero Can 330ml Family,Coca Cola,Beverages,67.82,323,21905.86,10
2026-05-10,SKU_1023,Coke Zero Can 330ml Family,Coca Cola,Beverages,67.49,328,22136.72,0
2026-05-11,SKU_1023,Coke Zero Can 330ml Family,Coca Cola,Beverages,72.33,280,20252.4,0
2026-05-12,SKU_1023,Coke Zero Can 330ml Family,Coca Cola,Beverages,68.1,322,21928.2,0
2026-05-13,SKU_1023,Coke Zero Can 330ml Family,Coca Cola,Beverages,68.02,326,22174.52,0
2026-05-14,SKU_1023,Coke Zero Can 330ml Family,Coca Cola,Beverages,65.02,301,19571.02,0
2026-05-15,SKU_1023,Coke Zero Can 330ml Family,Coca Cola,Beverages,69.21,335,23185.35,5
2026-05-16,SKU_1023,Coke Zero Can 330ml Family,Coca Cola,Beverages,68.89,329,22664.81,10
2026-05-17,SKU_1023,Coke Zero Can 330ml Family,Coca Cola,Beverages,69.16,299,20678.84,0
2026-05-18,SKU_1023,Coke Zero Can 330ml Family,Coca Cola,Beverages,66.46,331,21998.26,10
