customer_data/sales_history.csv
date,product_id,product_name,brand,category,selling_price,units_sold,revenue,promotion_discount_pct
2025-11-20,SKU_1024,Pepsi 250ml Mini,Pepsi,Beverages,14.42,285,4109.7,0
2025-11-21,SKU_1024,Pepsi 250ml Mini,Pepsi,Beverages,15.09,298,4496.82,0
2025-11-22,SKU_1024,Pepsi 250ml Mini,Pepsi,Beverages,15.1,320,4832.0,5
2025-11-23,SKU_1024,Pepsi 250ml Mini,Pepsi,Beverages,14.35,323,4635.05,10
2025-11-24,SKU_1024,Pepsi 250ml Mini,Pepsi,Beverages,13.42,298,3999.16,0
2025-11-25,SKU_1024,Pepsi 250ml Mini,Pepsi,Beverages,15.12,298,4505.76,0
2025-11-26,SKU_1024,Pepsi 250ml Mini,Pepsi,Beverages,13.95,298,4157.1,10
2025-11-27,SKU_1024,Pepsi 250ml Mini,Pepsi,Beverages,14.78,299,4419.22,0
2025-11-28,SKU_1024,Pepsi 250ml Mini,Pepsi,Beverages,14.6,267,3898.2,0
2025-11-29,SKU_1024,Pepsi 250ml Mini,Pepsi,Beverages,14.16,295,4177.2,0
2025-11-30,SKU_1024,Pepsi 250ml Mini,Pepsi,Beverages,13.92,276,3841.92,0
2025-12-01,SKU_1024,Pepsi 250ml Mini,Pepsi,Beverages,14.97,247,3697.59,10
2025-12-02,SKU_1024,Pepsi 250ml Mini,Pepsi,Beverages,14.03,244,3423.32,0
2025-12-03,SKU_1024,Pepsi 250ml Mini,Pepsi,Beverages,14.96,250,3740.0,0
2025-12-04,SKU_1024,Pepsi 250ml Mini,Pepsi,Beverages,14.67,241,3535.47,0
2025-12-05,SKU_1024,Pepsi 250ml Mini,Pepsi,Beverages,13.53,233,3152.49,0
2025-12-06,SKU_1024,Pepsi 250ml Mini,Pepsi,Beverages,14.48,249,3605.52,0
2025-12-07,SKU_1024,Pepsi 250ml Mini,Pepsi,Beverages,13.8,287,3960.6,5
2025-12-08,SKU_1024,Pepsi 250ml Mini,Pepsi,Beverages,14.84,284,4214.56,5
2025-12-09,SKU_1024,Pepsi 250ml Mini,Pepsi,Beverages,14.96,250,3740.0,10
2025-12-10,SKU_1024,Pepsi 250ml Mini,Pepsi,Beverages,14.57,281,4094.17,10
2025-12-11,SKU_1024,Pepsi 250ml Mini,Pepsi,Beverages,14.29,274,3915.46,10
2025-12-12,SKU_1024,Pepsi 250ml Mini,Pepsi,Beverages,14.95,284,4245.8,5
2025-12-13,SKU_1024,Pepsi 250ml Mini,Pepsi,Beverages,14.82,256,3793.92,0
2025-12-14,SKU_1024,Pepsi 250ml Mini,Pepsi,Beverages,13.44,294,3951.36,10
2025-12-15,SKU_1024,Pepsi 250ml Mini,Pepsi,Beverages,15.11,239,3611.29,0
2025-12-16,SKU_1024,Pepsi 250ml Mini,Pepsi,Beverages,14.43,302,4357.86,5
2025-12-17,SKU_1024,Pepsi 250ml Mini,Pepsi,Beverages,13.78,282,3885.96,10
2025-12-18,SKU_1024,Pepsi 250ml Mini,Pepsi,Beverages,14.76,282,4162.32,10
2025-12-19,SKU_1024,Pepsi 250ml Mini,Pepsi,Beverages,14.57,250,3642.5,0
2025-12-20,SKU_1024,Pepsi 250ml Mini,Pepsi,Beverages,14.99,253,3792.47,0
2025-12-21,SKU_1024,Pepsi 250ml Mini,Pepsi,Beverages,14.55,248,3608.4,0
2025-12-22,SKU_1024,Pepsi 250ml Mini,Pepsi,Beverages,13.92,245,3410.4,0
2025-12-23,SKU_1024,Pepsi 250ml Mini,Pepsi,Beverages,14.76,260,3837.6,0
2025-12-24,SKU_1024,Pepsi 250ml Mini,Pepsi,Beverages,14.42,247,3561.74,0
2025-12-25,SKU_1024,Pepsi 250ml Mini,Pepsi,Beverages,13.41,276,3701.16,5
2025-12-26,SKU_1024,Pepsi 250ml Mini,Pepsi,Beverages,13.75,238,3272.5,0
2025-12-27,SKU_1024,Pepsi 250ml Mini,Pepsi,Beverages,13.94,252,3512.88,0
2025-12-28,SKU_1024,Pepsi 250ml Mini,Pepsi,Beverages,14.07,249,3503.43,0
2025-12-29,SKU_1024,Pepsi 250ml Mini,Pepsi,Beverages,14.82,273,4045.86,10
2025-12-30,SKU_1024,Pepsi 250ml Mini,Pepsi,Beverages,14.02,232,3252.64,0
2025-12-31,SKU_1024,Pepsi 250ml Mini,Pepsi,Beverages,14.05,250,3512.5,0
2026-01-01,SKU_1024,Pepsi 250ml Mini,Pepsi,Beverages,13.48,257,3464.36,0
2026-01-02,SKU_1024,Pepsi 250ml Mini,Pepsi,Beverages,13.98,260,3634.8,5
2026-01-03,SKU_1024,Pepsi 250ml Mini,Pepsi,Beverages,13.39,260,3481.4,10
2026-01-04,SKU_1024,Pepsi 250ml Mini,Pepsi,Beverages,14.77,271,4002.67,10
2026-01-05,SKU_1024,Pepsi 250ml Mini,Pepsi,Beverages,13.63,257,3502.91,5
2026-01-06,SKU_1024,Pepsi 250ml Mini,Pepsi,Beverages,14.54,276,4013.04,10
2026-01-07,SKU_1024,Pepsi 250ml Mini,Pepsi,Beverages,14.09,235,3311.15,0
2026-01-08,SKU_1024,Pepsi 250ml Mini,Pepsi,Beverages,13.89,237,3291.93,0
2026-01-09,SKU_1024,Pepsi 250ml Mini,Pepsi,Beverages,13.33,239,3185.87,0
2026-01-10,SKU_1024,Pepsi 250ml Mini,Pepsi,Beverages,13.87,281,3897.47,5
2026-01-11,SKU_1024,Pepsi 250ml Mini,Pepsi,Beverages,14.11,232,3273.52,0
2026-01-12,SKU_1024,Pepsi 250ml Mini,Pepsi,Beverages,14.34,243,3484.62,0
2026-01-13,SKU_1024,Pepsi 250ml Mini,Pepsi,Beverages,14.7,245,3601.5,0
2026-01-14,SKU_1024,Pepsi 250ml Mini,Pepsi,Beverages,14.72,245,3606.4,0
2026-01-15,SKU_1024,Pepsi 250ml Mini,Pepsi,Beverages,14.07,243,3419.01,0
2026-01-16,SKU_1024,Pepsi 250ml Mini,Pepsi,Beverages,13.77,300,4131.0,5
2026-01-17,SKU_1024,Pepsi 250ml Mini,Pepsi,Beverages,13.54,258,3493.32,5
2026-01-18,SKU_1024,Pepsi 250ml Mini,Pepsi,Beverages,14.58,280,4082.4,5
2026-01-19,SKU_1024,Pepsi 250ml Mini,Pepsi,Beverages,13.91,233,3241.03,0
2026-01-20,SKU_1024,Pepsi 250ml Mini,Pepsi,Beverages,14.98,247,3700.06,5
2026-01-21,SKU_1024,Pepsi 250ml Mini,Pepsi,Beverages,14.86,248,3685.28,0
2026-01-22,SKU_1024,Pepsi 250ml Mini,Pepsi,Beverages,13.84,276,3819.84,5
2026-01-23,SKU_1024,Pepsi 250ml Mini,Pepsi,Beverages,15.06,279,4201.74,5
2026-01-24,SKU_1024,Pepsi 250ml Mini,Pepsi,Beverages,14.03,262,3675.86,10
2026-01-25,SKU_1024,Pepsi 250ml Mini,Pepsi,Beverages,14.01,261,3656.61,0
2026-01-26,SKU_1024,Pepsi 250ml Mini,Pepsi,Beverages,13.81,233,3217.73,0
2026-01-27,SKU_1024,Pepsi 250ml Mini,Pepsi,Beverages,13.98,273,3816.54,10
2026-01-28,SKU_1024,Pepsi 250ml Mini,Pepsi,Beverages,15.04,261,3925.44,10
2026-01-29,SKU_1024,Pepsi 250ml Mini,Pepsi,Beverages,14.01,247,3460.47,10
2026-01-30,SKU_1024,Pepsi 250ml Mini,Pepsi,Beverages,13.5,278,3753.0,5
2026-01-31,SKU_1024,Pepsi 250ml Mini,Pepsi,Beverages,14.59,250,3647.5,0
2026-02-01,SKU_1024,Pepsi 250ml Mini,Pepsi,Beverages,13.66,263,3592.58,10
2026-02-02,SKU_1024,Pepsi 250ml Mini,Pepsi,Beverages,14.91,260,3876.6,0
2026-02-03,SKU_1024,Pepsi 250ml Mini,Pepsi,Beverages,14.99,256,3837.44,0
2026-02-04,SKU_1024,Pepsi 250ml Mini,Pepsi,Beverages,15.11,238,3596.18,0
2026-02-05,SKU_1024,Pepsi 250ml Mini,Pepsi,Beverages,14.85,243,3608.55,5
2026-02-06,SKU_1024,Pepsi 250ml Mini,Pepsi,Beverages,13.57,237,3216.09,0
2026-02-07,SKU_1024,Pepsi 250ml Mini,Pepsi,Beverages,13.4,236,3162.4,0
2026-02-08,SKU_1024,Pepsi 250ml Mini,Pepsi,Beverages,14.64,233,3411.12,0
2026-02-09,SKU_1024,Pepsi 250ml Mini,Pepsi,Beverages,13.71,285,3907.35,10
2026-02-10,SKU_1024,Pepsi 250ml Mini,Pepsi,Beverages,14.0,239,3346.0,0
2026-02-11,SKU_1024,Pepsi 250ml Mini,Pepsi,Beverages,14.14,242,3421.88,0
2026-02-12,SKU_1024,Pepsi 250ml Mini,Pepsi,Beverages,13.97,282,3939.54,10
2026-02-13,SKU_1024,Pepsi 250ml Mini,Pepsi,Beverages,13.86,290,4019.4,10
2026-02-14,SKU_1024,Pepsi 250ml Mini,Pepsi,Beverages,14.67,260,3814.2,0
2026-02-15,SKU_1024,Pepsi 250ml Mini,Pepsi,Beverages,13.96,236,3294.56,0
2026-02-16,SKU_1024,Pepsi 250ml Mini,Pepsi,Beverages,13.39,265,3548.35,5
2026-02-17,SKU_1024,Pepsi 250ml Mini,Pepsi,Beverages,13.86,272,3769.92,5
2026-02-18,SKU_1024,Pepsi 250ml Mini,Pepsi,Beverages,14.65,231,3384.15,0
2026-02-19,SKU_1024,Pepsi 250ml Mini,Pepsi,Beverages,13.5,232,3132.0,0
2026-02-20,SKU_1024,Pepsi 250ml Mini,Pepsi,Beverages,15.0,250,3750.0,0
2026-02-21,SKU_1024,Pepsi 250ml Mini,Pepsi,Beverages,14.7,285,4189.5,5
2026-02-22,SKU_1024,Pepsi 250ml Mini,Pepsi,Beverages,15.01,241,3617.41,0
2026-02-23,SKU_1024,Pepsi 250ml Mini,Pepsi,Beverages,14.12,284,4010.08,5
2026-02-24,SKU_1024,Pepsi 250ml Mini,Pepsi,Beverages,13.68,245,3351.6,0
2026-02-25,SKU_1024,Pepsi 250ml Mini,Pepsi,Beverages,14.19,259,3675.21,10
2026-02-26,SKU_1024,Pepsi 250ml Mini,Pepsi,Beverages,13.99,242,3385.58,0
2026-02-27,SKU_1024,Pepsi 250ml Mini,Pepsi,Beverages,14.93,235,3508.55,0
2026-02-28,SKU_1024,Pepsi 250ml Mini,Pepsi,Beverages,14.49,233,3376.17,0
2026-03-01,SKU_1024,Pepsi 250ml Mini,Pepsi,Beverages,14.4,261,3758.4,0
2026-03-02,SKU_1024,Pepsi 250ml Mini,Pepsi,Beverages,14.8,248,3670.4,0
2026-03-03,SKU_1024,Pepsi 250ml Mini,Pepsi,Beverages,13.36,256,3420.16,0
2026-03-04,SKU_1024,Pepsi 250ml Mini,Pepsi,Beverages,13.89,241,3347.49,0
2026-03-05,SKU_1024,Pepsi 250ml Mini,Pepsi,Beverages,13.79,244,3364.76,0
2026-03-06,SKU_1024,Pepsi 250ml Mini,Pepsi,Beverages,14.84,236,3502.24,0
2026-03-07,SKU_1024,Pepsi 250ml Mini,Pepsi,Beverages,13.37,235,3141.95,0
2026-03-08,SKU_1024,Pepsi 250ml Mini,Pepsi,Beverages,14.24,262,3730.88,5
2026-03-09,SKU_1024,Pepsi 250ml Mini,Pepsi,Beverages,14.16,256,3624.96,0
2026-03-10,SKU_1024,Pepsi 250ml Mini,Pepsi,Beverages,14.83,251,3722.33,0
2026-03-11,SKU_1024,Pepsi 250ml Mini,Pepsi,Beverages,13.81,249,3438.69,0
2026-03-12,SKU_1024,Pepsi 250ml Mini,Pepsi,Beverages,13.78,265,3651.7,10
2026-03-13,SKU_1024,Pepsi 250ml Mini,Pepsi,Beverages,14.79,258,3815.82,0
2026-03-14,SKU_1024,Pepsi 250ml Mini,Pepsi,Beverages,14.16,266,3766.56,5
2026-03-15,SKU_1024,Pepsi 250ml Mini,Pepsi,Beverages,14.73,238,3505.74,0
2026-03-16,SKU_1024,Pepsi 250ml Mini,Pepsi,Beverages,13.74,243,3338.82,0
2026-03-17,SKU_1024,Pepsi 250ml Mini,Pepsi,Beverages,14.28,292,4169.76,10
2026-03-18,SKU_1024,Pepsi 250ml Mini,Pepsi,Beverages,13.76,306,4210.56,5
2026-03-19,SKU_1024,Pepsi 250ml Mini,Pepsi,Beverages,14.43,265,3823.95,10
2026-03-20,SKU_1024,Pepsi 250ml Mini,Pepsi,Beverages,14.24,272,3873.28,10
2026-03-21,SKU_1024,Pepsi 250ml Mini,Pepsi,Beverages,13.86,291,4033.26,5
2026-03-22,SKU_1024,Pepsi 250ml Mini,Pepsi,Beverages,14.58,236,3440.88,0
2026-03-23,SKU_1024,Pepsi 250ml Mini,Pepsi,Beverages,13.8,244,3367.2,0
2026-03-24,SKU_1024,Pepsi 250ml Mini,Pepsi,Beverages,13.76,245,3371.2,0
2026-03-25,SKU_1024,Pepsi 250ml Mini,Pepsi,Beverages,14.87,299,4446.13,10
2026-03-26,SKU_1024,Pepsi 250ml Mini,Pepsi,Beverages,15.05,234,3521.7,0
2026-03-27,SKU_1024,Pepsi 250ml Mini,Pepsi,Beverages,13.79,292,4026.68,10
2026-03-28,SKU_1024,Pepsi 250ml Mini,Pepsi,Beverages,13.71,261,3578.31,10
2026-03-29,SKU_1024,Pepsi 250ml Mini,Pepsi,Beverages,13.73,255,3501.15,0
2026-03-30,SKU_1024,Pepsi 250ml Mini,Pepsi,Beverages,15.08,268,4041.44,10
2026-03-31,SKU_1024,Pepsi 250ml Mini,Pepsi,Beverages,13.35,251,3350.85,0
2026-04-01,SKU_1024,Pepsi 250ml Mini,Pepsi,Beverages,15.02,320,4806.4,0
2026-04-02,SKU_1024,Pepsi 250ml Mini,Pepsi,Beverages,14.24,321,4571.04,0
2026-04-03,SKU_1024,Pepsi 250ml Mini,Pepsi,Beverages,14.6,322,4701.2,0
2026-04-04,SKU_1024,Pepsi 250ml Mini,Pepsi,Beverages,13.61,291,3960.51,0
2026-04-05,SKU_1024,Pepsi 250ml Mini,Pepsi,Beverages,13.33,318,4238.94,0
2026-04-06,SKU_1024,Pepsi 250ml Mini,Pepsi,Beverages,13.33,322,4292.26,5
2026-04-07,SKU_1024,Pepsi 250ml Mini,Pepsi,Beverages,14.09,305,4297.45,0
2026-04-08,SKU_1024,Pepsi 250ml Mini,Pepsi,Beverages,14.22,354,5033.88,10
2026-04-09,SKU_1024,Pepsi 250ml Mini,Pepsi,Beverages,14.76,316,4664.16,5
2026-04-10,SKU_1024,Pepsi 250ml Mini,Pepsi,Beverages,13.32,311,4142.52,0
2026-04-11,SKU_1024,Pepsi 250ml Mini,Pepsi,Beverages,13.64,330,4501.2,0
2026-04-12,SKU_1024,Pepsi 250ml Mini,Pepsi,Beverages,13.83,294,4066.02,0
2026-04-13,SKU_1024,Pepsi 250ml Mini,Pepsi,Beverages,14.93,313,4673.09,0
2026-04-14,SKU_1024,Pepsi 250ml Mini,Pepsi,Beverages,14.48,303,4387.44,0
2026-04-15,SKU_1024,Pepsi 250ml Mini,Pepsi,Beverages,14.37,311,4469.07,5
2026-04-16,SKU_1024,Pepsi 250ml Mini,Pepsi,Beverages,14.07,326,4586.82,10
2026-04-17,SKU_1024,Pepsi 250ml Mini,Pepsi,Beverages,13.55,373,5054.15,5
2026-04-18,SKU_1024,Pepsi 250ml Mini,Pepsi,Beverages,15.09,321,4843.89,0
2026-04-19,SKU_1024,Pepsi 250ml Mini,Pepsi,Beverages,13.36,327,4368.72,0
2026-04-20,SKU_1024,Pepsi 250ml Mini,Pepsi,Beverages,14.13,328,4634.64,0
2026-04-21,SKU_1024,Pepsi 250ml Mini,Pepsi,Beverages,13.31,300,3993.0,0
2026-04-22,SKU_1024,Pepsi 250ml Mini,Pepsi,Beverages,15.02,323,4851.46,10
2026-04-23,SKU_1024,Pepsi 250ml Mini,Pepsi,Beverages,14.1,315,4441.5,0
2026-04-24,SKU_1024,Pepsi 250ml Mini,Pepsi,Beverages,14.94,349,5214.06,5
2026-04-25,SKU_1024,Pepsi 250ml Mini,Pepsi,Beverages,14.52,304,4414.08,0
2026-04-26,SKU_1024,Pepsi 250ml Mini,Pepsi,Beverages,13.43,349,4687.07,5
2026-04-27,SKU_1024,Pepsi 250ml Mini,Pepsi,Beverages,13.98,313,4375.74,0
2026-04-28,SKU_1024,Pepsi 250ml Mini,Pepsi,Beverages,14.58,309,4505.22,0
2026-04-29,SKU_1024,Pepsi 250ml Mini,Pepsi,Beverages,15.1,321,4847.1,5
2026-04-30,SKU_1024,Pepsi 250ml Mini,Pepsi,Beverages,13.89,328,4555.92,10
2026-05-01,SKU_1024,Pepsi 250ml Mini,Pepsi,Beverages,14.71,342,5030.82,10
2026-05-02,SKU_1024,Pepsi 250ml Mini,Pepsi,Beverages,13.33,315,4198.95,0
2026-05-03,SKU_1024,Pepsi 250ml Mini,Pepsi,Beverages,14.08,296,4167.68,0
2026-05-04,SKU_1024,Pepsi 250ml Mini,Pepsi,Beverages,14.31,351,5022.81,10
2026-05-05,SKU_1024,Pepsi 250ml Mini,Pepsi,Beverages,14.43,314,4531.02,10
2026-05-06,SKU_1024,Pepsi 250ml Mini,Pepsi,Beverages,14.73,325,4787.25,10
2026-05-07,SKU_1024,Pepsi 250ml Mini,Pepsi,Beverages,14.32,335,4797.2,10
2026-05-08,SKU_1024,Pepsi 250ml Mini,Pepsi,Beverages,14.16,351,4970.16,5
2026-05-09,SKU_1024,Pepsi 250ml Mini,Pepsi,Beverages,14.42,297,4282.74,0
2026-05-10,SKU_1024,Pepsi 250ml Mini,Pepsi,Beverages,14.76,314,4634.64,0
2026-05-11,SKU_1024,Pepsi 250ml Mini,Pepsi,Beverages,14.13,354,5002.02,5
2026-05-12,SKU_1024,Pepsi 250ml Mini,Pepsi,Beverages,13.99,322,4504.78,0
2026-05-13,SKU_1024,Pepsi 250ml Mini,Pepsi,Beverages,13.53,320,4329.6,0
2026-05-14,SKU_1024,Pepsi 250ml Mini,Pepsi,Beverages,14.09,313,4410.17,0
2026-05-15,SKU_1024,Pepsi 250ml Mini,Pepsi,Beverages,14.13,339,4790.07,10
2026-05-16,SKU_1024,Pepsi 250ml Mini,Pepsi,Beverages,14.32,303,4338.96,5
2026-05-17,SKU_1024,Pepsi 250ml Mini,Pepsi,Beverages,13.85,300,4155.0,0
2026-05-18,SKU_1024,Pepsi 250ml Mini,Pepsi,Beverages,14.69,326,4788.94,10
