customer_data/sales_history.csv
date,product_id,product_name,brand,category,selling_price,units_sold,revenue,promotion_discount_pct
2025-11-20,SKU_1025,Pepsi 250ml Regular,Pepsi,Beverages,21.43,307,6579.01,5
2025-11-21,SKU_1025,Pepsi 250ml Regular,Pepsi,Beverages,19.87,285,5662.95,0
2025-11-22,SKU_1025,Pepsi 250ml Regular,Pepsi,Beverages,20.2,275,5555.0,0
2025-11-23,SKU_1025,Pepsi 250ml Regular,Pepsi,Beverages,20.74,264,5475.36,0
2025-11-24,SKU_1025,Pepsi 250ml Regular,Pepsi,Beverages,20.0,283,5660.0,0
2025-11-25,SKU_1025,Pepsi 250ml Regular,Pepsi,Beverages,19.25,294,5659.5,10
2025-11-26,SKU_1025,Pepsi 250ml Regular,Pepsi,Beverages,19.73,319,6293.87,10
2025-11-27,SKU_1025,Pepsi 250ml Regular,Pepsi,Beverages,21.44,262,5617.28,0
2025-11-28,SKU_1025,Pepsi 250ml Regular,Pepsi,Beverages,19.42,312,6059.04,5
2025-11-29,SKU_1025,Pepsi 250ml Regular,Pepsi,Beverages,20.33,300,6099.0,0
2025-11-30,SKU_1025,Pepsi 250ml Regular,Pepsi,Beverages,21.11,268,5657.48,0
2025-12-01,SKU_1025,Pepsi 250ml Regular,Pepsi,Beverages,20.87,244,5092.28,0
2025-12-02,SKU_1025,Pepsi 250ml Regular,Pepsi,Beverages,19.27,235,4528.45,0
2025-12-03,SKU_1025,Pepsi 250ml Regular,Pepsi,Beverages,19.97,252,5032.44,0
2025-12-04,SKU_1025,Pepsi 250ml Regular,Pepsi,Beverages,19.83,249,4937.67,0
2025-12-05,SKU_1025,Pepsi 250ml Regular,Pepsi,Beverages,19.01,247,4695.47,0
2025-12-06,SKU_1025,Pepsi 250ml Regular,Pepsi,Beverages,21.2,245,5194.0,0
2025-12-07,SKU_1025,Pepsi 250ml Regular,Pepsi,Beverages,20.85,258,5379.3,0
2025-12-08,SKU_1025,Pepsi 250ml Regular,Pepsi,Beverages,19.16,239,4579.24,0
2025-12-09,SKU_1025,Pepsi 250ml Regular,Pepsi,Beverages,20.07,246,4937.22,5
2025-12-10,SKU_1025,Pepsi 250ml Regular,Pepsi,Beverages,19.55,277,5415.35,5
2025-12-11,SKU_1025,Pepsi 250ml Regular,Pepsi,Beverages,20.31,272,5524.32,10
2025-12-12,SKU_1025,Pepsi 250ml Regular,Pepsi,Beverages,21.31,256,5455.36,0
2025-12-13,SKU_1025,Pepsi 250ml Regular,Pepsi,Beverages,19.01,286,5436.86,10
2025-12-14,SKU_1025,Pepsi 250ml Regular,Pepsi,Beverages,21.46,253,5429.38,0
2025-12-15,SKU_1025,Pepsi 250ml Regular,Pepsi,Beverages,19.42,265,5146.3,5
2025-12-16,SKU_1025,Pepsi 250ml Regular,Pepsi,Beverages,19.23,258,4961.34,0
2025-12-17,SKU_1025,Pepsi 250ml Regular,Pepsi,Beverages,20.01,260,5202.6,0
2025-12-18,SKU_1025,Pepsi 250ml Regular,Pepsi,Beverages,19.02,251,4774.02,0
2025-12-19,SKU_1025,Pepsi 250ml Regular,Pepsi,Beverages,21.45,233,4997.85,0
2025-12-20,SKU_1025,Pepsi 250ml Regular,Pepsi,Beverages,19.24,241,4636.84,0
2025-12-21,SKU_1025,Pepsi 250ml Regular,Pepsi,Beverages,20.59,235,4838.65,0
2025-12-22,SKU_1025,Pepsi 250ml Regular,Pepsi,Beverages,21.55,235,5064.25,0
2025-12-23,SKU_1025,Pepsi 250ml Regular,Pepsi,Beverages,19.48,241,4694.68,0
2025-12-24,SKU_1025,Pepsi 250ml Regular,Pepsi,Beverages,20.93,260,5441.8,5
2025-12-25,SKU_1025,Pepsi 250ml Regular,Pepsi,Beverages,21.13,248,5240.24,0
2025-12-26,SKU_1025,Pepsi 250ml Regular,Pepsi,Beverages,19.09,277,5287.93,5
2025-12-27,SKU_1025,Pepsi 250ml Regular,Pepsi,Beverages,19.82,272,5391.04,5
2025-12-28,SKU_1025,Pepsi 250ml Regular,Pepsi,Beverages,21.36,229,4891.44,0
2025-12-29,SKU_1025,Pepsi 250ml Regular,Pepsi,Beverages,21.28,230,4894.4,0
2025-12-30,SKU_1025,Pepsi 250ml Regular,Pepsi,Beverages,20.46,236,4828.56,0
2025-12-31,SKU_1025,Pepsi 250ml Regular,Pepsi,Beverages,19.59,279,5465.61,10
2026-01-01,SKU_1025,Pepsi 250ml Regular,Pepsi,Beverages,20.22,254,5135.88,10
2026-01-02,SKU_1025,Pepsi 250ml Regular,Pepsi,Beverages,21.25,237,5036.25,0
2026-01-03,SKU_1025,Pepsi 250ml Regular,Pepsi,Beverages,20.55,280,5754.0,5
2026-01-04,SKU_1025,Pepsi 250ml Regular,Pepsi,Beverages,19.3,259,4998.7,0
2026-01-05,SKU_1025,Pepsi 250ml Regular,Pepsi,Beverages,21.49,267,5737.83,10
2026-01-06,SKU_1025,Pepsi 250ml Regular,Pepsi,Beverages,19.37,254,4919.98,0
2026-01-07,SKU_1025,Pepsi 250ml Regular,Pepsi,Beverages,21.11,251,5298.61,0
2026-01-08,SKU_1025,Pepsi 250ml Regular,Pepsi,Beverages,19.09,259,4944.31,0
2026-01-09,SKU_1025,Pepsi 250ml Regular,Pepsi,Beverages,19.91,288,5734.08,10
2026-01-10,SKU_1025,Pepsi 250ml Regular,Pepsi,Beverages,19.58,272,5325.76,5
2026-01-11,SKU_1025,Pepsi 250ml Regular,Pepsi,Beverages,19.77,236,4665.72,0
2026-01-12,SKU_1025,Pepsi 250ml Regular,Pepsi,Beverages,20.14,259,5216.26,0
2026-01-13,SKU_1025,Pepsi 250ml Regular,Pepsi,Beverages,19.88,275,5467.0,5
2026-01-14,SKU_1025,Pepsi 250ml Regular,Pepsi,Beverages,19.16,278,5326.48,10
2026-01-15,SKU_1025,Pepsi 250ml Regular,Pepsi,Beverages,19.1,254,4851.4,0
2026-01-16,SKU_1025,Pepsi 250ml Regular,Pepsi,Beverages,20.53,252,5173.56,0
2026-01-17,SKU_1025,Pepsi 250ml Regular,Pepsi,Beverages,21.32,276,5884.32,10
2026-01-18,SKU_1025,Pepsi 250ml Regular,Pepsi,Beverages,20.42,262,5350.04,0
2026-01-19,SKU_1025,Pepsi 250ml Regular,Pepsi,Beverages,21.08,251,5291.08,0
2026-01-20,SKU_1025,Pepsi 250ml Regular,Pepsi,Beverages,20.06,239,4794.34,0
2026-01-21,SKU_1025,Pepsi 250ml Regular,Pepsi,Beverages,19.86,306,6077.16,5
2026-01-22,SKU_1025,Pepsi 250ml Regular,Pepsi,Beverages,19.72,233,4594.76,0
2026-01-23,SKU_1025,Pepsi 250ml Regular,Pepsi,Beverages,20.17,238,4800.46,0
2026-01-24,SKU_1025,Pepsi 250ml Regular,Pepsi,Beverages,19.95,261,5206.95,0
2026-01-25,SKU_1025,Pepsi 250ml Regular,Pepsi,Beverages,20.47,237,4851.39,0
2026-01-26,SKU_1025,Pepsi 250ml Regular,Pepsi,Beverages,20.54,236,4847.44,0
2026-01-27,SKU_1025,Pepsi 250ml Regular,Pepsi,Beverages,21.35,232,4953.2,0
2026-01-28,SKU_1025,Pepsi 250ml Regular,Pepsi,Beverages,20.28,258,5232.24,0
2026-01-29,SKU_1025,Pepsi 250ml Regular,Pepsi,Beverages,20.73,245,5078.85,0
2026-01-30,SKU_1025,Pepsi 250ml Regular,Pepsi,Beverages,19.26,254,4892.04,0
2026-01-31,SKU_1025,Pepsi 250ml Regular,Pepsi,Beverages,20.2,252,5090.4,5
2026-02-01,SKU_1025,Pepsi 250ml Regular,Pepsi,Beverages,20.56,254,5222.24,0
2026-02-02,SKU_1025,Pepsi 250ml Regular,Pepsi,Beverages,19.85,292,5796.2,5
2026-02-03,SKU_1025,Pepsi 250ml Regular,Pepsi,Beverages,20.01,240,4802.4,0
2026-02-04,SKU_1025,Pepsi 250ml Regular,Pepsi,Beverages,19.44,268,5209.92,10
2026-02-05,SKU_1025,Pepsi 250ml Regular,Pepsi,Beverages,21.39,235,5026.65,0
2026-02-06,SKU_1025,Pepsi 250ml Regular,Pepsi,Beverages,20.82,261,5434.02,0
2026-02-07,SKU_1025,Pepsi 250ml Regular,Pepsi,Beverages,21.6,247,5335.2,0
2026-02-08,SKU_1025,Pepsi 250ml Regular,Pepsi,Beverages,19.47,288,5607.36,10
2026-02-09,SKU_1025,Pepsi 250ml Regular,Pepsi,Beverages,21.27,238,5062.26,0
2026-02-10,SKU_1025,Pepsi 250ml Regular,Pepsi,Beverages,21.24,252,5352.48,0
2026-02-11,SKU_1025,Pepsi 250ml Regular,Pepsi,Beverages,19.21,257,4936.97,0
2026-02-12,SKU_1025,Pepsi 250ml Regular,Pepsi,Beverages,21.24,249,5288.76,0
2026-02-13,SKU_1025,Pepsi 250ml Regular,Pepsi,Beverages,21.51,280,6022.8,10
2026-02-14,SKU_1025,Pepsi 250ml Regular,Pepsi,Beverages,20.14,243,4894.02,0
2026-02-15,SKU_1025,Pepsi 250ml Regular,Pepsi,Beverages,19.08,250,4770.0,5
2026-02-16,SKU_1025,Pepsi 250ml Regular,Pepsi,Beverages,20.99,250,5247.5,0
2026-02-17,SKU_1025,Pepsi 250ml Regular,Pepsi,Beverages,20.21,254,5133.34,0
2026-02-18,SKU_1025,Pepsi 250ml Regular,Pepsi,Beverages,20.84,247,5147.48,0
2026-02-19,SKU_1025,Pepsi 250ml Regular,Pepsi,Beverages,20.67,236,4878.12,0
2026-02-20,SKU_1025,Pepsi 250ml Regular,Pepsi,Beverages,19.13,250,4782.5,0
2026-02-21,SKU_1025,Pepsi 250ml Regular,Pepsi,Beverages,21.49,237,5093.13,0
2026-02-22,SKU_1025,Pepsi 250ml Regular,Pepsi,Beverages,21.01,257,5399.57,10
2026-02-23,SKU_1025,Pepsi 250ml Regular,Pepsi,Beverages,19.01,255,4847.55,0
2026-02-24,SKU_1025,Pepsi 250ml Regular,Pepsi,Beverages,21.28,286,6086.08,10
2026-02-25,SKU_1025,Pepsi 250ml Regular,Pepsi,Beverages,20.82,235,4892.7,0
2026-02-26,SKU_1025,Pepsi 250ml Regular,Pepsi,Beverages,19.19,289,5545.91,10
2026-02-27,SKU_1025,Pepsi 250ml Regular,Pepsi,Beverages,19.24,241,4636.84,0
2026-02-28,SKU_1025,Pepsi 250ml Regular,Pepsi,Beverages,21.29,233,4960.57,0
2026-03-01,SKU_1025,Pepsi 250ml Regular,Pepsi,Beverages,21.5,252,5418.0,0
2026-03-02,SKU_1025,Pepsi 250ml Regular,Pepsi,Beverages,21.36,256,5468.16,0
2026-03-03,SKU_1025,Pepsi 250ml Regular,Pepsi,Beverages,19.38,244,4728.72,0
2026-03-04,SKU_1025,Pepsi 250ml Regular,Pepsi,Beverages,19.09,290,5536.1,5
2026-03-05,SKU_1025,Pepsi 250ml Regular,Pepsi,Beverages,21.45,257,5512.65,0
2026-03-06,SKU_1025,Pepsi 250ml Regular,Pepsi,Beverages,20.03,271,5428.13,10
2026-03-07,SKU_1025,Pepsi 250ml Regular,Pepsi,Beverages,19.19,265,5085.35,5
2026-03-08,SKU_1025,Pepsi 250ml Regular,Pepsi,Beverages,19.68,263,5175.84,0
2026-03-09,SKU_1025,Pepsi 250ml Regular,Pepsi,Beverages,21.59,239,5160.01,0
2026-03-10,SKU_1025,Pepsi 250ml Regular,Pepsi,Beverages,20.86,239,4985.54,0
2026-03-11,SKU_1025,Pepsi 250ml Regular,Pepsi,Beverages,20.48,266,5447.68,10
2026-03-12,SKU_1025,Pepsi 250ml Regular,Pepsi,Beverages,21.5,243,5224.5,0
2026-03-13,SKU_1025,Pepsi 250ml Regular,Pepsi,Beverages,19.05,259,4933.95,5
2026-03-14,SKU_1025,Pepsi 250ml Regular,Pepsi,Beverages,20.97,236,4948.92,0
2026-03-15,SKU_1025,Pepsi 250ml Regular,Pepsi,Beverages,19.85,241,4783.85,0
2026-03-16,SKU_1025,Pepsi 250ml Regular,Pepsi,Beverages,21.15,255,5393.25,0
2026-03-17,SKU_1025,Pepsi 250ml Regular,Pepsi,Beverages,21.56,255,5497.8,0
2026-03-18,SKU_1025,Pepsi 250ml Regular,Pepsi,Beverages,21.34,238,5078.92,0
2026-03-19,SKU_1025,Pepsi 250ml Regular,Pepsi,Beverages,20.19,271,5471.49,10
2026-03-20,SKU_1025,Pepsi 250ml Regular,Pepsi,Beverages,20.63,295,6085.85,10
2026-03-21,SKU_1025,Pepsi 250ml Regular,Pepsi,Beverages,21.03,254,5341.62,0
2026-03-22,SKU_1025,Pepsi 250ml Regular,Pepsi,Beverages,19.8,236,4672.8,0
2026-03-23,SKU_1025,Pepsi 250ml Regular,Pepsi,Beverages,19.04,269,5121.76,10
2026-03-24,SKU_1025,Pepsi 250ml Regular,Pepsi,Beverages,20.67,260,5374.2,0
2026-03-25,SKU_1025,Pepsi 250ml Regular,Pepsi,Beverages,19.93,285,5680.05,10
2026-03-26,SKU_1025,Pepsi 250ml Regular,Pepsi,Beverages,21.38,238,5088.44,0
2026-03-27,SKU_1025,Pepsi 250ml Regular,Pepsi,Beverages,19.04,250,4760.0,0
2026-03-28,SKU_1025,Pepsi 250ml Regular,Pepsi,Beverages,19.23,253,4865.19,0
2026-03-29,SKU_1025,Pepsi 250ml Regular,Pepsi,Beverages,21.07,244,5141.08,0
2026-03-30,SKU_1025,Pepsi 250ml Regular,Pepsi,Beverages,19.73,256,5050.88,5
2026-03-31,SKU_1025,Pepsi 250ml Regular,Pepsi,Beverages,20.96,276,5784.96,10
2026-04-01,SKU_1025,Pepsi 250ml Regular,Pepsi,Beverages,21.55,359,7736.45,10
2026-04-02,SKU_1025,Pepsi 250ml Regular,Pepsi,Beverages,19.48,366,7129.68,10
2026-04-03,SKU_1025,Pepsi 250ml Regular,Pepsi,Beverages,20.1,293,5889.3,0
2026-04-04,SKU_1025,Pepsi 250ml Regular,Pepsi,Beverages,19.6,366,7173.6,5
2026-04-05,SKU_1025,Pepsi 250ml Regular,Pepsi,Beverages,21.09,299,6305.91,0
2026-04-06,SKU_1025,Pepsi 250ml Regular,Pepsi,Beverages,21.3,313,6666.9,0
2026-04-07,SKU_1025,Pepsi 250ml Regular,Pepsi,Beverages,19.92,320,6374.4,0
2026-04-08,SKU_1025,Pepsi 250ml Regular,Pepsi,Beverages,20.2,321,6484.2,0
2026-04-09,SKU_1025,Pepsi 250ml Regular,Pepsi,Beverages,20.81,341,7096.21,5
2026-04-10,SKU_1025,Pepsi 250ml Regular,Pepsi,Beverages,19.24,303,5829.72,0
2026-04-11,SKU_1025,Pepsi 250ml Regular,Pepsi,Beverages,19.59,325,6366.75,0
2026-04-12,SKU_1025,Pepsi 250ml Regular,Pepsi,Beverages,19.47,295,5743.65,0
2026-04-13,SKU_1025,Pepsi 250ml Regular,Pepsi,Beverages,19.26,320,6163.2,0
2026-04-14,SKU_1025,Pepsi 250ml Regular,Pepsi,Beverages,19.18,362,6943.16,10
2026-04-15,SKU_1025,Pepsi 250ml Regular,Pepsi,Beverages,19.32,357,6897.24,5
2026-04-16,SKU_1025,Pepsi 250ml Regular,Pepsi,Beverages,19.01,301,5722.01,0
2026-04-17,SKU_1025,Pepsi 250ml Regular,Pepsi,Beverages,20.13,351,7065.63,10
2026-04-18,SKU_1025,Pepsi 250ml Regular,Pepsi,Beverages,19.55,326,6373.3,10
2026-04-19,SKU_1025,Pepsi 250ml Regular,Pepsi,Beverages,19.21,293,5628.53,0
2026-04-20,SKU_1025,Pepsi 250ml Regular,Pepsi,Beverages,20.48,333,6819.84,5
2026-04-21,SKU_1025,Pepsi 250ml Regular,Pepsi,Beverages,20.83,335,6978.05,10
2026-04-22,SKU_1025,Pepsi 250ml Regular,Pepsi,Beverages,19.12,325,6214.0,0
2026-04-23,SKU_1025,Pepsi 250ml Regular,Pepsi,Beverages,21.38,341,7290.58,10
2026-04-24,SKU_1025,Pepsi 250ml Regular,Pepsi,Beverages,19.56,328,6415.68,5
2026-04-25,SKU_1025,Pepsi 250ml Regular,Pepsi,Beverages,21.45,347,7443.15,10
2026-04-26,SKU_1025,Pepsi 250ml Regular,Pepsi,Beverages,21.34,306,6530.04,0
2026-04-27,SKU_1025,Pepsi 250ml Regular,Pepsi,Beverages,19.86,297,5898.42,0
2026-04-28,SKU_1025,Pepsi 250ml Regular,Pepsi,Beverages,20.71,315,6523.65,0
2026-04-29,SKU_1025,Pepsi 250ml Regular,Pepsi,Beverages,19.44,311,6045.84,0
2026-04-30,SKU_1025,Pepsi 250ml Regular,Pepsi,Beverages,19.0,316,6004.0,0
2026-05-01,SKU_1025,Pepsi 250ml Regular,Pepsi,Beverages,20.6,306,6303.6,0
2026-05-02,SKU_1025,Pepsi 250ml Regular,Pepsi,Beverages,19.35,325,6288.75,0
2026-05-03,SKU_1025,Pepsi 250ml Regular,Pepsi,Beverages,19.66,344,6763.04,5
2026-05-04,SKU_1025,Pepsi 250ml Regular,Pepsi,Beverages,20.7,353,7307.1,10
2026-05-05,SKU_1025,Pepsi 250ml Regular,Pepsi,Beverages,19.29,294,5671.26,0
2026-05-06,SKU_1025,Pepsi 250ml Regular,Pepsi,Beverages,20.5,321,6580.5,0
2026-05-07,SKU_1025,Pepsi 250ml Regular,Pepsi,Beverages,20.75,313,6494.75,0
2026-05-08,SKU_1025,Pepsi 250ml Regular,Pepsi,Beverages,19.33,320,6185.6,0
2026-05-09,SKU_1025,Pepsi 250ml Regular,Pepsi,Beverages,19.72,304,5994.88,0
2026-05-10,SKU_1025,Pepsi 250ml Regular,Pepsi,Beverages,19.57,355,6947.35,5
2026-05-11,SKU_1025,Pepsi 250ml Regular,Pepsi,Beverages,19.93,319,6357.67,0
2026-05-12,SKU_1025,Pepsi 250ml Regular,Pepsi,Beverages,19.63,294,5771.22,0
2026-05-13,SKU_1025,Pepsi 250ml Regular,Pepsi,Beverages,21.34,313,6679.42,10
2026-05-14,SKU_1025,Pepsi 250ml Regular,Pepsi,Beverages,20.09,345,6931.05,5
2026-05-15,SKU_1025,Pepsi 250ml Regular,Pepsi,Beverages,20.03,290,5808.7,0
2026-05-16,SKU_1025,Pepsi 250ml Regular,Pepsi,Beverages,19.9,328,6527.2,0
2026-05-17,SKU_1025,Pepsi 250ml Regular,Pepsi,Beverages,21.43,336,7200.48,5
2026-05-18,SKU_1025,Pepsi 250ml Regular,Pepsi,Beverages,20.03,345,6910.35,10
